Archive member included to satisfy reference by file (symbol)

/home/andy/circuits/liger/code/i2c/build/cxx/libcxx.a(cxx_guards.o)
                              (__cxa_guard_dummy)
/home/andy/circuits/liger/code/i2c/build/cxx/libcxx.a(cxx_exception_stubs.o)
                              (__cxx_fatal_exception)
/home/andy/circuits/liger/code/i2c/build/esp32/libesp32.a(cpu_start.o)
                              (call_start_cpu0)
/home/andy/circuits/liger/code/i2c/build/esp32/libesp32.a(clk.o)
                              /home/andy/circuits/liger/code/i2c/build/esp32/libesp32.a(cpu_start.o) (esp_clk_init)
/home/andy/circuits/liger/code/i2c/build/esp32/libesp32.a(panic.o)
                              /home/andy/circuits/liger/code/i2c/build/cxx/libcxx.a(cxx_guards.o) (abort)
/home/andy/circuits/liger/code/i2c/build/esp32/libesp32.a(crosscore_int.o)
                              /home/andy/circuits/liger/code/i2c/build/esp32/libesp32.a(cpu_start.o) (esp_crosscore_int_init)
/home/andy/circuits/liger/code/i2c/build/esp32/libesp32.a(cache_err_int.o)
                              /home/andy/circuits/liger/code/i2c/build/esp32/libesp32.a(cpu_start.o) (esp_cache_err_int_init)
/home/andy/circuits/liger/code/i2c/build/esp32/libesp32.a(ipc.o)
                              /home/andy/circuits/liger/code/i2c/build/esp32/libesp32.a(cpu_start.o) (esp_ipc_init)
/home/andy/circuits/liger/code/i2c/build/esp32/libesp32.a(intr_alloc.o)
                              /home/andy/circuits/liger/code/i2c/build/esp32/libesp32.a(crosscore_int.o) (esp_intr_alloc)
/home/andy/circuits/liger/code/i2c/build/esp32/libesp32.a(esp_err_to_name.o)
                              /home/andy/circuits/liger/code/i2c/build/esp32/libesp32.a(panic.o) (esp_err_to_name)
/home/andy/circuits/liger/code/i2c/build/esp32/libesp32.a(esp_timer.o)
                              /home/andy/circuits/liger/code/i2c/build/esp32/libesp32.a(cpu_start.o) (esp_timer_init)
/home/andy/circuits/liger/code/i2c/build/esp32/libesp32.a(dport_access.o)
                              /home/andy/circuits/liger/code/i2c/build/esp32/libesp32.a(cpu_start.o) (esp_dport_access_stall_other_cpu_start)
/home/andy/circuits/liger/code/i2c/build/esp32/libesp32.a(brownout.o)
                              /home/andy/circuits/liger/code/i2c/build/esp32/libesp32.a(cpu_start.o) (esp_brownout_init)
/home/andy/circuits/liger/code/i2c/build/esp32/libesp32.a(int_wdt.o)
                              /home/andy/circuits/liger/code/i2c/build/esp32/libesp32.a(cpu_start.o) (esp_int_wdt_init)
/home/andy/circuits/liger/code/i2c/build/esp32/libesp32.a(dport_panic_highint_hdl.o)
                              (ld_include_panic_highint_hdl)
/home/andy/circuits/liger/code/i2c/build/esp32/libesp32.a(system_api.o)
                              /home/andy/circuits/liger/code/i2c/build/esp32/libesp32.a(panic.o) (esp_restart_noos)
/home/andy/circuits/liger/code/i2c/build/esp32/libesp32.a(task_wdt.o)
                              /home/andy/circuits/liger/code/i2c/build/esp32/libesp32.a(cpu_start.o) (esp_task_wdt_init)
/home/andy/circuits/liger/code/i2c/build/esp32/libesp32.a(dbg_stubs.o)
                              /home/andy/circuits/liger/code/i2c/build/esp32/libesp32.a(cpu_start.o) (esp_dbg_stubs_init)
/home/andy/circuits/liger/code/i2c/build/esp32/libesp32.a(esp_timer_esp32.o)
                              /home/andy/circuits/liger/code/i2c/build/esp32/libesp32.a(esp_timer.o) (esp_timer_impl_get_time)
/home/andy/circuits/liger/code/i2c/build/esp32/libesp32.a(freertos_hooks.o)
                              /home/andy/circuits/liger/code/i2c/build/esp32/libesp32.a(task_wdt.o) (esp_register_freertos_idle_hook_for_cpu)
/usr/local/src/esp/esp-idf/components/esp32/libhal.a(int_asm--set_intclear.o)
                              /home/andy/circuits/liger/code/i2c/build/esp32/libesp32.a(intr_alloc.o) (xthal_set_intclear)
/home/andy/circuits/liger/code/i2c/build/freertos/libfreertos.a(xtensa_intr.o)
                              /home/andy/circuits/liger/code/i2c/build/esp32/libesp32.a(intr_alloc.o) (xt_unhandled_interrupt)
/home/andy/circuits/liger/code/i2c/build/freertos/libfreertos.a(queue.o)
                              /home/andy/circuits/liger/code/i2c/build/esp32/libesp32.a(ipc.o) (xQueueGenericCreate)
/home/andy/circuits/liger/code/i2c/build/freertos/libfreertos.a(list.o)
                              /home/andy/circuits/liger/code/i2c/build/freertos/libfreertos.a(queue.o) (vListInitialise)
/home/andy/circuits/liger/code/i2c/build/freertos/libfreertos.a(port.o)
                              /home/andy/circuits/liger/code/i2c/build/esp32/libesp32.a(cpu_start.o) (port_xSchedulerRunning)
/home/andy/circuits/liger/code/i2c/build/freertos/libfreertos.a(tasks.o)
                              /home/andy/circuits/liger/code/i2c/build/esp32/libesp32.a(system_api.o) (vTaskSuspendAll)
/home/andy/circuits/liger/code/i2c/build/freertos/libfreertos.a(timers.o)
[...]
Memory Configuration

Name             Origin             Length             Attributes
iram0_0_seg      0x0000000040080000 0x0000000000020000 xr
iram0_2_seg      0x00000000400d0018 0x000000000032ffe8 xr
dram0_0_seg      0x000000003ffb0000 0x000000000002c200 rw
drom0_0_seg      0x000000003f400018 0x00000000003fffe8 r
rtc_iram_seg     0x00000000400c0000 0x0000000000002000 xrw
rtc_slow_seg     0x0000000050000000 0x0000000000001000 rw
*default*        0x0000000000000000 0xffffffffffffffff

Linker script and memory map

START GROUP
LOAD /home/andy/circuits/liger/code/i2c/build/app_trace/libapp_trace.a
LOAD /home/andy/circuits/liger/code/i2c/build/app_update/libapp_update.a
LOAD /home/andy/circuits/liger/code/i2c/build/asio/libasio.a
LOAD /home/andy/circuits/liger/code/i2c/build/bootloader_support/libbootloader_support.a
LOAD /home/andy/circuits/liger/code/i2c/build/bt/libbt.a
LOAD /home/andy/circuits/liger/code/i2c/build/coap/libcoap.a
LOAD /home/andy/circuits/liger/code/i2c/build/console/libconsole.a
LOAD /home/andy/circuits/liger/code/i2c/build/cxx/libcxx.a
LOAD /home/andy/circuits/liger/code/i2c/build/driver/libdriver.a
LOAD /home/andy/circuits/liger/code/i2c/build/esp-tls/libesp-tls.a
LOAD /home/andy/circuits/liger/code/i2c/build/esp32/libesp32.a
LOAD /usr/local/src/esp/esp-idf/components/esp32/libhal.a
LOAD /usr/local/src/esp/esp-idf/components/esp32/lib/libcore.a
LOAD /usr/local/src/esp/esp-idf/components/esp32/lib/librtc.a
LOAD /usr/local/src/esp/esp-idf/components/esp32/lib/libnet80211.a
LOAD /usr/local/src/esp/esp-idf/components/esp32/lib/libpp.a
LOAD /usr/local/src/esp/esp-idf/components/esp32/lib/libwpa.a
LOAD /usr/local/src/esp/esp-idf/components/esp32/lib/libsmartconfig.a
LOAD /usr/local/src/esp/esp-idf/components/esp32/lib/libcoexist.a
LOAD /usr/local/src/esp/esp-idf/components/esp32/lib/libwps.a
LOAD /usr/local/src/esp/esp-idf/components/esp32/lib/libwpa2.a
LOAD /usr/local/src/esp/esp-idf/components/esp32/lib/libespnow.a
LOAD /usr/local/src/esp/esp-idf/components/esp32/lib/libphy.a
LOAD /usr/local/src/esp/esp-idf/components/esp32/lib/libmesh.a
LOAD /home/andy/circuits/liger/code/i2c/build/esp_adc_cal/libesp_adc_cal.a
LOAD /home/andy/circuits/liger/code/i2c/build/esp_http_client/libesp_http_client.a
LOAD /home/andy/circuits/liger/code/i2c/build/esp_https_ota/libesp_https_ota.a
LOAD /home/andy/circuits/liger/code/i2c/build/ethernet/libethernet.a
LOAD /home/andy/circuits/liger/code/i2c/build/expat/libexpat.a
LOAD /home/andy/circuits/liger/code/i2c/build/fatfs/libfatfs.a
LOAD /home/andy/circuits/liger/code/i2c/build/freertos/libfreertos.a
LOAD /home/andy/circuits/liger/code/i2c/build/heap/libheap.a
LOAD /home/andy/circuits/liger/code/i2c/build/http_server/libhttp_server.a
LOAD /home/andy/circuits/liger/code/i2c/build/idf_test/libidf_test.a
LOAD /home/andy/circuits/liger/code/i2c/build/jsmn/libjsmn.a
LOAD /home/andy/circuits/liger/code/i2c/build/json/libjson.a
LOAD /home/andy/circuits/liger/code/i2c/build/libsodium/liblibsodium.a
LOAD /home/andy/circuits/liger/code/i2c/build/log/liblog.a
LOAD /home/andy/circuits/liger/code/i2c/build/lwip/liblwip.a
LOAD /home/andy/circuits/liger/code/i2c/build/main/libmain.a
LOAD /home/andy/circuits/liger/code/i2c/build/mbedtls/libmbedtls.a
LOAD /home/andy/circuits/liger/code/i2c/build/mdns/libmdns.a
LOAD /home/andy/circuits/liger/code/i2c/build/micro-ecc/libmicro-ecc.a
LOAD /usr/local/src/esp/esp-idf/components/newlib/lib/libc.a
LOAD /usr/local/src/esp/esp-idf/components/newlib/lib/libm.a
LOAD /home/andy/circuits/liger/code/i2c/build/newlib/libnewlib.a
LOAD /home/andy/circuits/liger/code/i2c/build/nghttp/libnghttp.a
LOAD /home/andy/circuits/liger/code/i2c/build/nvs_flash/libnvs_flash.a
LOAD /home/andy/circuits/liger/code/i2c/build/openssl/libopenssl.a
LOAD /home/andy/circuits/liger/code/i2c/build/pthread/libpthread.a
LOAD /home/andy/circuits/liger/code/i2c/build/sdmmc/libsdmmc.a
LOAD /home/andy/circuits/liger/code/i2c/build/smartconfig_ack/libsmartconfig_ack.a
LOAD /home/andy/circuits/liger/code/i2c/build/soc/libsoc.a
LOAD /home/andy/circuits/liger/code/i2c/build/spi_flash/libspi_flash.a
LOAD /home/andy/circuits/liger/code/i2c/build/spiffs/libspiffs.a
LOAD /home/andy/circuits/liger/code/i2c/build/tcpip_adapter/libtcpip_adapter.a
LOAD /home/andy/circuits/liger/code/i2c/build/ulp/libulp.a
LOAD /home/andy/circuits/liger/code/i2c/build/vfs/libvfs.a
LOAD /home/andy/circuits/liger/code/i2c/build/wear_levelling/libwear_levelling.a
LOAD /home/andy/circuits/liger/code/i2c/build/wpa_supplicant/libwpa_supplicant.a
LOAD /home/andy/circuits/liger/code/i2c/build/xtensa-debug-module/libxtensa-debug-module.a
LOAD /usr/local/src/esp/xtensa-esp32-elf/bin/../lib/gcc/xtensa-esp32-elf/5.2.0/libgcc.a
LOAD /usr/local/src/esp/xtensa-esp32-elf/bin/../lib/gcc/xtensa-esp32-elf/5.2.0/../../../../xtensa-esp32-elf/lib/libstdc++.a
LOAD /usr/local/src/esp/xtensa-esp32-elf/bin/../lib/gcc/xtensa-esp32-elf/5.2.0/libgcov.a
END GROUP
                0x0000000040000000                _heap_end = 0x40000000

.rtc.text       0x00000000400c0000        0x0
                0x00000000400c0000                . = ALIGN (0x4)
 *(.rtc.literal .rtc.text)
 *rtc_wake_stub*.o(.literal .text .literal.* .text.*)

.rtc.data       0x0000000050000000        0x0
                0x0000000050000000                _rtc_data_start = ABSOLUTE (.)
 *(.rtc.data)
 *(.rtc.rodata)
 *rtc_wake_stub*.o(.data .rodata .data.* .rodata.* .bss .bss.*)
                0x0000000050000000                _rtc_data_end = ABSOLUTE (.)

.rtc.bss        0x0000000050000000        0x0
                0x0000000050000000                _rtc_bss_start = ABSOLUTE (.)
 *rtc_wake_stub*.o(.bss .bss.*)
 *rtc_wake_stub*.o(COMMON)
                0x0000000050000000                _rtc_bss_end = ABSOLUTE (.)

.rtc_noinit     0x0000000050000000        0x0
                0x0000000050000000                . = ALIGN (0x4)
                0x0000000050000000                _rtc_noinit_start = ABSOLUTE (.)
 *(.rtc_noinit .rtc_noinit.*)
                0x0000000050000000                . = ALIGN (0x4)
                0x0000000050000000                _rtc_noinit_end = ABSOLUTE (.)

.iram0.vectors  0x0000000040080000      0x400
                0x0000000040080000                _iram_start = ABSOLUTE (.)
                0x0000000040080000                _init_start = ABSOLUTE (.)
                0x0000000000000000                . = 0x0
 *(.WindowVectors.text)
 .WindowVectors.text
                0x0000000040080000      0x16a /home/andy/circuits/liger/code/i2c/build/freertos/libfreertos.a(xtensa_vectors.o)
                0x0000000040080000                _WindowOverflow4
                0x0000000040080040                _WindowUnderflow4
                0x0000000040080050                _xt_alloca_exc
                0x0000000040080080                _WindowOverflow8
                0x00000000400800c0                _WindowUnderflow8
                0x0000000040080100                _WindowOverflow12
                0x0000000040080140                _WindowUnderflow12
                0x0000000000000180                . = 0x180
 *fill*         0x000000004008016a       0x16 
 *(.Level2InterruptVector.text)
 .Level2InterruptVector.text
                0x0000000040080180        0x6 /home/andy/circuits/liger/code/i2c/build/freertos/libfreertos.a(xtensa_vectors.o)
                0x0000000040080180                _Level2Vector
                0x00000000000001c0                . = 0x1c0
 *fill*         0x0000000040080186       0x3a 
 *(.Level3InterruptVector.text)
 .Level3InterruptVector.text
                0x00000000400801c0        0x6 /home/andy/circuits/liger/code/i2c/build/freertos/libfreertos.a(xtensa_vectors.o)
                0x00000000400801c0                _Level3Vector
                0x0000000000000200                . = 0x200
 *fill*         0x00000000400801c6       0x3a 
 *(.Level4InterruptVector.text)
 .Level4InterruptVector.text
                0x0000000040080200        0x6 /home/andy/circuits/liger/code/i2c/build/freertos/libfreertos.a(xtensa_vectors.o)
                0x0000000040080200                _Level4Vector
                0x0000000000000240                . = 0x240
 *fill*         0x0000000040080206       0x3a 
 *(.Level5InterruptVector.text)
 .Level5InterruptVector.text
                0x0000000040080240        0x6 /home/andy/circuits/liger/code/i2c/build/freertos/libfreertos.a(xtensa_vectors.o)
                0x0000000040080240                _Level5Vector
                0x0000000000000280                . = 0x280
 *fill*         0x0000000040080246       0x3a 
 *(.DebugExceptionVector.text)
 .DebugExceptionVector.text
                0x0000000040080280        0x6 /home/andy/circuits/liger/code/i2c/build/freertos/libfreertos.a(xtensa_vectors.o)
                0x0000000040080280                _DebugExceptionVector
                0x00000000000002c0                . = 0x2c0
 *fill*         0x0000000040080286       0x3a 
 *(.NMIExceptionVector.text)
 .NMIExceptionVector.text
                0x00000000400802c0        0x6 /home/andy/circuits/liger/code/i2c/build/freertos/libfreertos.a(xtensa_vectors.o)
                0x00000000400802c0                _NMIExceptionVector
                0x0000000000000300                . = 0x300
 *fill*         0x00000000400802c6       0x3a 
 *(.KernelExceptionVector.text)
 .KernelExceptionVector.text
                0x0000000040080300        0x6 /home/andy/circuits/liger/code/i2c/build/freertos/libfreertos.a(xtensa_vectors.o)
                0x0000000040080300                _KernelExceptionVector
                0x0000000000000340                . = 0x340
 *fill*         0x0000000040080306       0x3a 
 *(.UserExceptionVector.text)
 .UserExceptionVector.text
                0x0000000040080340        0x6 /home/andy/circuits/liger/code/i2c/build/freertos/libfreertos.a(xtensa_vectors.o)
                0x0000000040080340                _UserExceptionVector
                0x00000000000003c0                . = 0x3c0
 *fill*         0x0000000040080346       0x7a 
 *(.DoubleExceptionVector.text)
 .DoubleExceptionVector.text
                0x00000000400803c0        0xf /home/andy/circuits/liger/code/i2c/build/freertos/libfreertos.a(xtensa_vectors.o)
                0x00000000400803c0                _DoubleExceptionVector
                0x0000000000000400                . = 0x400
 *fill*         0x00000000400803cf       0x31 
 *(.*Vector.literal)
 *(.UserEnter.literal)
 *(.UserEnter.text)
                0x0000000040080400                . = ALIGN (0x10)
 *(.entry.text)
 *(.init.literal)
 *(.init)
                0x0000000040080400                _init_end = ABSOLUTE (.)

.iram0.text     0x0000000040080400     0x9d70
                0x0000000040080400                _iram_text_start = ABSOLUTE (.)
 *(.iram1 .iram1.*)
 .iram1.literal
                0x0000000040080400       0xa8 /home/andy/circuits/liger/code/i2c/build/esp32/libesp32.a(cpu_start.o)
                                        0x1c4 (size before relaxing)
 .iram1.literal
                0x00000000400804a8        0xc /home/andy/circuits/liger/code/i2c/build/esp32/libesp32.a(clk.o)
                                         0x18 (size before relaxing)
 .iram1.literal
                0x00000000400804b4       0x1c /home/andy/circuits/liger/code/i2c/build/esp32/libesp32.a(crosscore_int.o)
                                         0x40 (size before relaxing)
 .iram1.literal
                0x00000000400804d0        0xc /home/andy/circuits/liger/code/i2c/build/esp32/libesp32.a(cache_err_int.o)
                                         0x18 (size before relaxing)
 .iram1.literal
                0x00000000400804dc       0x20 /home/andy/circuits/liger/code/i2c/build/esp32/libesp32.a(ipc.o)
                                         0x34 (size before relaxing)
 .iram1.literal
                0x00000000400804fc       0x20 /home/andy/circuits/liger/code/i2c/build/esp32/libesp32.a(intr_alloc.o)
                                         0x7c (size before relaxing)
 .iram1.literal
                0x000000004008051c       0x28 /home/andy/circuits/liger/code/i2c/build/esp32/libesp32.a(esp_timer.o)
                                         0x60 (size before relaxing)
 .iram1.literal
                0x0000000040080544       0x38 /home/andy/circuits/liger/code/i2c/build/esp32/libesp32.a(dport_access.o)
                                         0x88 (size before relaxing)
 .iram1.literal
                0x000000004008057c        0xc /home/andy/circuits/liger/code/i2c/build/esp32/libesp32.a(int_wdt.o)
 .iram1.literal
                0x0000000040080588       0x10 /home/andy/circuits/liger/code/i2c/build/esp32/libesp32.a(dport_panic_highint_hdl.o)
                                         0x28 (size before relaxing)
 .iram1.literal
                0x0000000040080598       0x60 /home/andy/circuits/liger/code/i2c/build/esp32/libesp32.a(system_api.o)
                                         0xc0 (size before relaxing)
 .iram1.literal
                0x00000000400805f8       0x60 /home/andy/circuits/liger/code/i2c/build/esp32/libesp32.a(esp_timer_esp32.o)
                                         0xf8 (size before relaxing)
 .iram1.literal
                0x0000000040080658        0x4 /home/andy/circuits/liger/code/i2c/build/esp32/libesp32.a(freertos_hooks.o)
 .iram1.literal
                0x000000004008065c        0x4 /home/andy/circuits/liger/code/i2c/build/freertos/libfreertos.a(port.o)
 .iram1.literal
                0x0000000040080660       0x44 /home/andy/circuits/liger/code/i2c/build/freertos/libfreertos.a(xtensa_vectors.o)
                                         0x68 (size before relaxing)
 .iram1.literal
                0x00000000400806a4       0x58 /home/andy/circuits/liger/code/i2c/build/heap/libheap.a(heap_caps.o)
                                         0xb0 (size before relaxing)
 .iram1.literal
                0x00000000400806fc       0x24 /home/andy/circuits/liger/code/i2c/build/log/liblog.a(log.o)
                                         0x48 (size before relaxing)
 .iram1.literal
                0x0000000040080720        0x4 /home/andy/circuits/liger/code/i2c/build/newlib/libnewlib.a(time.o)
                                         0x1c (size before relaxing)
 .iram1.literal
                0x0000000040080724        0x4 /home/andy/circuits/liger/code/i2c/build/newlib/libnewlib.a(syscalls.o)
                                         0x14 (size before relaxing)
 .iram1.literal
                0x0000000040080728        0x8 /home/andy/circuits/liger/code/i2c/build/newlib/libnewlib.a(reent_init.o)
                                         0x10 (size before relaxing)
 .iram1.literal
                0x0000000040080730       0x14 /home/andy/circuits/liger/code/i2c/build/newlib/libnewlib.a(locks.o)
                                         0x90 (size before relaxing)
 .iram1.literal
                0x0000000040080744       0x1c /home/andy/circuits/liger/code/i2c/build/soc/libsoc.a(cpu_util.o)
                                         0x30 (size before relaxing)
 .iram1.literal
                0x0000000040080760       0x50 /home/andy/circuits/liger/code/i2c/build/spi_flash/libspi_flash.a(cache_utils.o)
                                        0x120 (size before relaxing)
 .iram1.literal
                0x00000000400807b0       0x38 /home/andy/circuits/liger/code/i2c/build/spi_flash/libspi_flash.a(flash_ops.o)
                                         0xe4 (size before relaxing)
 .iram1.literal
                0x00000000400807e8       0x4c /home/andy/circuits/liger/code/i2c/build/spi_flash/libspi_flash.a(flash_mmap.o)
                                        0x11c (size before relaxing)
 .iram1.literal
                0x0000000040080834       0x38 /home/andy/circuits/liger/code/i2c/build/driver/libdriver.a(i2c.o)
                                         0xb8 (size before relaxing)
 .literal.xt_unhandled_interrupt
                0x000000004008086c        0x4 /home/andy/circuits/liger/code/i2c/build/freertos/libfreertos.a(xtensa_intr.o)
                                          0x8 (size before relaxing)
 .literal.xt_set_interrupt_handler
                0x0000000040080870        0x8 /home/andy/circuits/liger/code/i2c/build/freertos/libfreertos.a(xtensa_intr.o)
                                          0xc (size before relaxing)
 .literal.prvIsQueueFull
                0x0000000040080878        0x0 /home/andy/circuits/liger/code/i2c/build/freertos/libfreertos.a(queue.o)
                                          0x8 (size before relaxing)
 .literal.prvCopyDataToQueue
                0x0000000040080878        0x0 /home/andy/circuits/liger/code/i2c/build/freertos/libfreertos.a(queue.o)
                                          0xc (size before relaxing)
 .literal.prvNotifyQueueSetContainer
                0x0000000040080878       0x14 /home/andy/circuits/liger/code/i2c/build/freertos/libfreertos.a(queue.o)
                                         0x34 (size before relaxing)
 .literal.prvCopyDataFromQueue
                0x000000004008088c        0x0 /home/andy/circuits/liger/code/i2c/build/freertos/libfreertos.a(queue.o)
                                          0x4 (size before relaxing)
 .literal.xQueueGenericReset
                0x000000004008088c        0x4 /home/andy/circuits/liger/code/i2c/build/freertos/libfreertos.a(queue.o)
                                         0x30 (size before relaxing)
 .literal.prvInitialiseNewQueue
                0x0000000040080890        0x0 /home/andy/circuits/liger/code/i2c/build/freertos/libfreertos.a(queue.o)
                                          0x4 (size before relaxing)
 .literal.xQueueGenericCreate
                0x0000000040080890        0x4 /home/andy/circuits/liger/code/i2c/build/freertos/libfreertos.a(queue.o)
                                         0x1c (size before relaxing)
 .literal.xQueueGetMutexHolder
                0x0000000040080894        0x0 /home/andy/circuits/liger/code/i2c/build/freertos/libfreertos.a(queue.o)
                                          0x8 (size before relaxing)
 .literal.xQueueCreateCountingSemaphore
                0x0000000040080894        0x4 /home/andy/circuits/liger/code/i2c/build/freertos/libfreertos.a(queue.o)
                                         0x28 (size before relaxing)
 .literal.xQueueGenericSend
                0x0000000040080898        0x4 /home/andy/circuits/liger/code/i2c/build/freertos/libfreertos.a(queue.o)
                                         0x7c (size before relaxing)
 .literal.prvInitialiseMutex
                0x000000004008089c        0x0 /home/andy/circuits/liger/code/i2c/build/freertos/libfreertos.a(queue.o)
                                          0x8 (size before relaxing)
 .literal.xQueueCreateMutex
                0x000000004008089c        0x0 /home/andy/circuits/liger/code/i2c/build/freertos/libfreertos.a(queue.o)
                                          0x8 (size before relaxing)
 .literal.xQueueGiveMutexRecursive
                0x000000004008089c        0x4 /home/andy/circuits/liger/code/i2c/build/freertos/libfreertos.a(queue.o)
                                         0x1c (size before relaxing)
 .literal.xQueueGenericSendFromISR
                0x00000000400808a0        0x4 /home/andy/circuits/liger/code/i2c/build/freertos/libfreertos.a(queue.o)
                                         0x3c (size before relaxing)
 .literal.xQueueGiveFromISR
                0x00000000400808a4        0x4 /home/andy/circuits/liger/code/i2c/build/freertos/libfreertos.a(queue.o)
                                         0x30 (size before relaxing)
 .literal.xQueueGenericReceive
                0x00000000400808a8        0x4 /home/andy/circuits/liger/code/i2c/build/freertos/libfreertos.a(queue.o)
                                         0x78 (size before relaxing)
 .literal.xQueueTakeMutexRecursive
                0x00000000400808ac        0x4 /home/andy/circuits/liger/code/i2c/build/freertos/libfreertos.a(queue.o)
                                         0x1c (size before relaxing)
 .literal.xQueueReceiveFromISR
                0x00000000400808b0        0x4 /home/andy/circuits/liger/code/i2c/build/freertos/libfreertos.a(queue.o)
                                         0x30 (size before relaxing)
 .literal.vQueueDelete
                0x00000000400808b4        0x4 /home/andy/circuits/liger/code/i2c/build/freertos/libfreertos.a(queue.o)
                                         0x18 (size before relaxing)
 .literal.vQueueWaitForMessageRestricted
                0x00000000400808b8        0x0 /home/andy/circuits/liger/code/i2c/build/freertos/libfreertos.a(queue.o)
                                          0xc (size before relaxing)
 .literal.pxPortInitialiseStack
                0x00000000400808b8       0x10 /home/andy/circuits/liger/code/i2c/build/freertos/libfreertos.a(port.o)
                                         0x18 (size before relaxing)
 .literal.xPortStartScheduler
                0x00000000400808c8        0x0 /home/andy/circuits/liger/code/i2c/build/freertos/libfreertos.a(port.o)
                                         0x14 (size before relaxing)
 .literal.xPortSysTickHandler
                0x00000000400808c8        0x0 /home/andy/circuits/liger/code/i2c/build/freertos/libfreertos.a(port.o)
                                          0x8 (size before relaxing)
 .literal.vPortYieldOtherCore
                0x00000000400808c8        0x0 /home/andy/circuits/liger/code/i2c/build/freertos/libfreertos.a(port.o)
                                          0x4 (size before relaxing)
 .literal.vPortReleaseTaskMPUSettings
                0x00000000400808c8        0x0 /home/andy/circuits/liger/code/i2c/build/freertos/libfreertos.a(port.o)
                                          0x4 (size before relaxing)
 .literal.xPortInIsrContext
                0x00000000400808c8        0x0 /home/andy/circuits/liger/code/i2c/build/freertos/libfreertos.a(port.o)
                                          0x8 (size before relaxing)
 .literal.vPortCPUInitializeMutex
                0x00000000400808c8        0x4 /home/andy/circuits/liger/code/i2c/build/freertos/libfreertos.a(port.o)
 .literal.vPortCPUAcquireMutex
                0x00000000400808cc       0x1c /home/andy/circuits/liger/code/i2c/build/freertos/libfreertos.a(port.o)
                                         0x30 (size before relaxing)
 .literal.vPortCPUReleaseMutex
                0x00000000400808e8        0xc /home/andy/circuits/liger/code/i2c/build/freertos/libfreertos.a(port.o)
                                         0x20 (size before relaxing)
 .literal.prvResetNextTaskUnblockTime
                0x00000000400808f4        0x8 /home/andy/circuits/liger/code/i2c/build/freertos/libfreertos.a(tasks.o)
 .literal.prvDeleteTLS
                0x00000000400808fc       0x10 /home/andy/circuits/liger/code/i2c/build/freertos/libfreertos.a(tasks.o)
                                         0x18 (size before relaxing)
 .literal.prvInitialiseNewTask
                0x000000004008090c        0x0 /home/andy/circuits/liger/code/i2c/build/freertos/libfreertos.a(tasks.o)
                                         0x18 (size before relaxing)
 .literal.prvInitialiseTaskLists
                0x000000004008090c       0x20 /home/andy/circuits/liger/code/i2c/build/freertos/libfreertos.a(tasks.o)
                                         0x40 (size before relaxing)
 .literal.prvDeleteTCB
                0x000000004008092c        0x8 /home/andy/circuits/liger/code/i2c/build/freertos/libfreertos.a(tasks.o)
                                         0x2c (size before relaxing)
 .literal.prvAddCurrentTaskToDelayedList
                0x0000000040080934        0x4 /home/andy/circuits/liger/code/i2c/build/freertos/libfreertos.a(tasks.o)
                                         0x1c (size before relaxing)
 .literal.taskYIELD_OTHER_CORE
                0x0000000040080938        0x0 /home/andy/circuits/liger/code/i2c/build/freertos/libfreertos.a(tasks.o)
                                         0x10 (size before relaxing)
 .literal.vTaskSuspendAll
                0x0000000040080938        0x4 /home/andy/circuits/liger/code/i2c/build/freertos/libfreertos.a(tasks.o)
                                          0x8 (size before relaxing)
 .literal.xTaskGetIdleTaskHandleForCPU
                0x000000004008093c        0xc /home/andy/circuits/liger/code/i2c/build/freertos/libfreertos.a(tasks.o)
                                         0x1c (size before relaxing)
 .literal.vTaskSwitchContext
                0x0000000040080948       0x18 /home/andy/circuits/liger/code/i2c/build/freertos/libfreertos.a(tasks.o)
                                         0x3c (size before relaxing)
 .literal.vTaskSetTimeOutState
                0x0000000040080960        0xc /home/andy/circuits/liger/code/i2c/build/freertos/libfreertos.a(tasks.o)
                                         0x20 (size before relaxing)
 .literal.xTaskGetCurrentTaskHandle
                0x000000004008096c        0x0 /home/andy/circuits/liger/code/i2c/build/freertos/libfreertos.a(tasks.o)
                                          0x8 (size before relaxing)
 .literal.__getreent
                0x000000004008096c        0x0 /home/andy/circuits/liger/code/i2c/build/freertos/libfreertos.a(tasks.o)
                                          0x8 (size before relaxing)
 .literal.pcTaskGetTaskName
                0x000000004008096c        0x8 /home/andy/circuits/liger/code/i2c/build/freertos/libfreertos.a(tasks.o)
                                         0x1c (size before relaxing)
 .literal.xTaskGetAffinity
                0x0000000040080974        0x0 /home/andy/circuits/liger/code/i2c/build/freertos/libfreertos.a(tasks.o)
                                          0x4 (size before relaxing)
 .literal.xTaskGetCurrentTaskHandleForCPU
                0x0000000040080974        0x0 /home/andy/circuits/liger/code/i2c/build/freertos/libfreertos.a(tasks.o)
                                          0x4 (size before relaxing)
 .literal.xTaskGetSchedulerState
                0x0000000040080974        0x4 /home/andy/circuits/liger/code/i2c/build/freertos/libfreertos.a(tasks.o)
                                          0xc (size before relaxing)
 .literal.vTaskEnterCritical
                0x0000000040080978       0x14 /home/andy/circuits/liger/code/i2c/build/freertos/libfreertos.a(tasks.o)
                                         0x34 (size before relaxing)
 .literal.vTaskExitCritical
                0x000000004008098c        0xc /home/andy/circuits/liger/code/i2c/build/freertos/libfreertos.a(tasks.o)
                                         0x28 (size before relaxing)
 .literal.prvAddNewTaskToReadyList
                0x0000000040080998       0x10 /home/andy/circuits/liger/code/i2c/build/freertos/libfreertos.a(tasks.o)
                                         0x58 (size before relaxing)
 .literal.xTaskCreatePinnedToCore
                0x00000000400809a8        0x0 /home/andy/circuits/liger/code/i2c/build/freertos/libfreertos.a(tasks.o)
                                         0x18 (size before relaxing)
 .literal.vTaskStartScheduler
                0x00000000400809a8       0x10 /home/andy/circuits/liger/code/i2c/build/freertos/libfreertos.a(tasks.o)
                                         0x38 (size before relaxing)
 .literal.vTaskDelete
                0x00000000400809b8        0x8 /home/andy/circuits/liger/code/i2c/build/freertos/libfreertos.a(tasks.o)
                                         0x60 (size before relaxing)
 .literal.vTaskDelay
                0x00000000400809c0        0x4 /home/andy/circuits/liger/code/i2c/build/freertos/libfreertos.a(tasks.o)
                                         0x38 (size before relaxing)
 .literal.uxTaskPriorityGet
                0x00000000400809c4        0x0 /home/andy/circuits/liger/code/i2c/build/freertos/libfreertos.a(tasks.o)
                                         0x10 (size before relaxing)
 .literal.vTaskPrioritySet
                0x00000000400809c4        0x4 /home/andy/circuits/liger/code/i2c/build/freertos/libfreertos.a(tasks.o)
                                         0x44 (size before relaxing)
 .literal.prvCheckTasksWaitingTermination
                0x00000000400809c8        0x8 /home/andy/circuits/liger/code/i2c/build/freertos/libfreertos.a(tasks.o)
                                         0x30 (size before relaxing)
 .literal.prvIdleTask
                0x00000000400809d0        0x0 /home/andy/circuits/liger/code/i2c/build/freertos/libfreertos.a(tasks.o)
                                          0xc (size before relaxing)
 .literal.xTaskGetTickCount
                0x00000000400809d0        0x4 /home/andy/circuits/liger/code/i2c/build/freertos/libfreertos.a(tasks.o)
                                         0x10 (size before relaxing)
 .literal.xTaskIncrementTick
                0x00000000400809d4        0xc /home/andy/circuits/liger/code/i2c/build/freertos/libfreertos.a(tasks.o)
                                         0x78 (size before relaxing)
 .literal.xTaskResumeAll
                0x00000000400809e0        0x8 /home/andy/circuits/liger/code/i2c/build/freertos/libfreertos.a(tasks.o)
                                         0x5c (size before relaxing)
 .literal.vTaskPlaceOnEventList
                0x00000000400809e8        0x8 /home/andy/circuits/liger/code/i2c/build/freertos/libfreertos.a(tasks.o)
                                         0x40 (size before relaxing)
 .literal.vTaskPlaceOnEventListRestricted
                0x00000000400809f0        0x8 /home/andy/circuits/liger/code/i2c/build/freertos/libfreertos.a(tasks.o)
                                         0x38 (size before relaxing)
 .literal.xTaskRemoveFromEventList
                0x00000000400809f8        0x8 /home/andy/circuits/liger/code/i2c/build/freertos/libfreertos.a(tasks.o)
                                         0x58 (size before relaxing)
 .literal.xTaskCheckForTimeOut
                0x0000000040080a00        0xc /home/andy/circuits/liger/code/i2c/build/freertos/libfreertos.a(tasks.o)
                                         0x3c (size before relaxing)
 .literal.vTaskPriorityInherit
                0x0000000040080a0c        0x0 /home/andy/circuits/liger/code/i2c/build/freertos/libfreertos.a(tasks.o)
                                         0x2c (size before relaxing)
 .literal.xTaskPriorityDisinherit
                0x0000000040080a0c        0x8 /home/andy/circuits/liger/code/i2c/build/freertos/libfreertos.a(tasks.o)
                                         0x40 (size before relaxing)
 .literal.pvTaskIncrementMutexHeldCount
                0x0000000040080a14        0x0 /home/andy/circuits/liger/code/i2c/build/freertos/libfreertos.a(tasks.o)
                                         0x10 (size before relaxing)
 .literal.prvGetNextExpireTime
                0x0000000040080a14        0x4 /home/andy/circuits/liger/code/i2c/build/freertos/libfreertos.a(timers.o)
 .literal.prvInsertTimerInActiveList
                0x0000000040080a18        0x4 /home/andy/circuits/liger/code/i2c/build/freertos/libfreertos.a(timers.o)
                                         0x10 (size before relaxing)
 .literal.prvCheckForValidListAndQueue
                0x0000000040080a1c       0x1c /home/andy/circuits/liger/code/i2c/build/freertos/libfreertos.a(timers.o)
                                         0x44 (size before relaxing)
 .literal.xTimerCreateTimerTask
                0x0000000040080a38        0xc /home/andy/circuits/liger/code/i2c/build/freertos/libfreertos.a(timers.o)
                                         0x2c (size before relaxing)
 .literal.xTimerGenericCommand
                0x0000000040080a44        0x0 /home/andy/circuits/liger/code/i2c/build/freertos/libfreertos.a(timers.o)
                                         0x14 (size before relaxing)
 .literal.prvSwitchTimerLists
                0x0000000040080a44        0x4 /home/andy/circuits/liger/code/i2c/build/freertos/libfreertos.a(timers.o)
                                         0x28 (size before relaxing)
 .literal.prvSampleTimeNow
                0x0000000040080a48        0x4 /home/andy/circuits/liger/code/i2c/build/freertos/libfreertos.a(timers.o)
                                          0xc (size before relaxing)
 .literal.prvProcessExpiredTimer
                0x0000000040080a4c        0x4 /home/andy/circuits/liger/code/i2c/build/freertos/libfreertos.a(timers.o)
                                         0x24 (size before relaxing)
 .literal.prvProcessTimerOrBlockTask
                0x0000000040080a50        0x0 /home/andy/circuits/liger/code/i2c/build/freertos/libfreertos.a(timers.o)
                                         0x24 (size before relaxing)
 .literal.prvProcessReceivedCommands
                0x0000000040080a50        0x8 /home/andy/circuits/liger/code/i2c/build/freertos/libfreertos.a(timers.o)
                                         0x40 (size before relaxing)
 .literal.prvTimerTask
                0x0000000040080a58        0x0 /home/andy/circuits/liger/code/i2c/build/freertos/libfreertos.a(timers.o)
                                          0xc (size before relaxing)
 .literal       0x0000000040080a58        0x0 /home/andy/circuits/liger/code/i2c/build/freertos/libfreertos.a(xtensa_context.o)
                                         0x10 (size before relaxing)
 .literal       0x0000000040080a58       0x10 /home/andy/circuits/liger/code/i2c/build/freertos/libfreertos.a(portasm.o)
                                         0x54 (size before relaxing)
 .literal._xt_tick_divisor_init
                0x0000000040080a68        0x4 /home/andy/circuits/liger/code/i2c/build/freertos/libfreertos.a(xtensa_init.o)
                                          0xc (size before relaxing)
 .literal.prvReturnItemByteBuf
                0x0000000040080a6c        0xc /home/andy/circuits/liger/code/i2c/build/freertos/libfreertos.a(ringbuf.o)
                                         0x1c (size before relaxing)
 .literal.prvGetItemByteBuf
                0x0000000040080a78        0x4 /home/andy/circuits/liger/code/i2c/build/freertos/libfreertos.a(ringbuf.o)
                                         0x24 (size before relaxing)
 .literal.prvCheckItemFitsByteBuffer
                0x0000000040080a7c        0x4 /home/andy/circuits/liger/code/i2c/build/freertos/libfreertos.a(ringbuf.o)
                                         0x14 (size before relaxing)
 .literal.prvReturnItemDefault
                0x0000000040080a80        0x4 /home/andy/circuits/liger/code/i2c/build/freertos/libfreertos.a(ringbuf.o)
                                         0x44 (size before relaxing)
 .literal.prvGetItemDefault
                0x0000000040080a84        0x4 /home/andy/circuits/liger/code/i2c/build/freertos/libfreertos.a(ringbuf.o)
                                         0x4c (size before relaxing)
 .literal.prvCheckItemFitsDefault
                0x0000000040080a88        0x4 /home/andy/circuits/liger/code/i2c/build/freertos/libfreertos.a(ringbuf.o)
                                         0x1c (size before relaxing)
 .literal.prvGetFreeSize
                0x0000000040080a8c        0x4 /home/andy/circuits/liger/code/i2c/build/freertos/libfreertos.a(ringbuf.o)
                                         0x14 (size before relaxing)
 .literal.prvCopyItemByteBuf
                0x0000000040080a90        0x4 /home/andy/circuits/liger/code/i2c/build/freertos/libfreertos.a(ringbuf.o)
                                         0x1c (size before relaxing)
 .literal.prvCopyItemAllowSplit
                0x0000000040080a94        0x4 /home/andy/circuits/liger/code/i2c/build/freertos/libfreertos.a(ringbuf.o)
                                         0x2c (size before relaxing)
 .literal.prvCopyItemNoSplit
                0x0000000040080a98        0x4 /home/andy/circuits/liger/code/i2c/build/freertos/libfreertos.a(ringbuf.o)
                                         0x28 (size before relaxing)
 .literal.prvReceiveGenericFromISR
                0x0000000040080a9c        0x4 /home/andy/circuits/liger/code/i2c/build/freertos/libfreertos.a(ringbuf.o)
                                         0x2c (size before relaxing)
 .literal.xRingbufferCreate
                0x0000000040080aa0       0x38 /home/andy/circuits/liger/code/i2c/build/freertos/libfreertos.a(ringbuf.o)
                                         0x6c (size before relaxing)
 .literal.xRingbufferSendFromISR
                0x0000000040080ad8        0x4 /home/andy/circuits/liger/code/i2c/build/freertos/libfreertos.a(ringbuf.o)
                                         0x30 (size before relaxing)
 .literal.xRingbufferReceiveUpToFromISR
                0x0000000040080adc        0x4 /home/andy/circuits/liger/code/i2c/build/freertos/libfreertos.a(ringbuf.o)
                                         0x20 (size before relaxing)
 .literal.vRingbufferReturnItemFromISR
                0x0000000040080ae0        0x4 /home/andy/circuits/liger/code/i2c/build/freertos/libfreertos.a(ringbuf.o)
                                         0x28 (size before relaxing)
 .literal.vRingbufferDelete
                0x0000000040080ae4        0x4 /home/andy/circuits/liger/code/i2c/build/freertos/libfreertos.a(ringbuf.o)
                                         0x24 (size before relaxing)
 .literal.get_prev_free_block
                0x0000000040080ae8       0x10 /home/andy/circuits/liger/code/i2c/build/heap/libheap.a(multi_heap.o)
                                         0x28 (size before relaxing)
 .literal.split_if_necessary
                0x0000000040080af8       0x10 /home/andy/circuits/liger/code/i2c/build/heap/libheap.a(multi_heap.o)
                                         0x50 (size before relaxing)
 .literal.assert_valid_block
                0x0000000040080b08        0x0 /home/andy/circuits/liger/code/i2c/build/heap/libheap.a(multi_heap.o)
                                         0x2c (size before relaxing)
 .literal.merge_adjacent
                0x0000000040080b08        0x8 /home/andy/circuits/liger/code/i2c/build/heap/libheap.a(multi_heap.o)
                                         0x4c (size before relaxing)
 .literal.multi_heap_get_allocated_size_impl
                0x0000000040080b10        0x0 /home/andy/circuits/liger/code/i2c/build/heap/libheap.a(multi_heap.o)
                                         0x10 (size before relaxing)
 .literal.multi_heap_malloc_impl
                0x0000000040080b10        0x0 /home/andy/circuits/liger/code/i2c/build/heap/libheap.a(multi_heap.o)
                                         0x28 (size before relaxing)
 .literal.multi_heap_free_impl
                0x0000000040080b10        0x0 /home/andy/circuits/liger/code/i2c/build/heap/libheap.a(multi_heap.o)
                                         0x50 (size before relaxing)
 .literal.multi_heap_realloc_impl
                0x0000000040080b10        0x8 /home/andy/circuits/liger/code/i2c/build/heap/libheap.a(multi_heap.o)
                                         0x68 (size before relaxing)
 .literal.panicPutChar
                0x0000000040080b18        0x8 /home/andy/circuits/liger/code/i2c/build/esp32/libesp32.a(panic.o)
 .literal.panicPutStr
                0x0000000040080b20        0x0 /home/andy/circuits/liger/code/i2c/build/esp32/libesp32.a(panic.o)
                                          0x4 (size before relaxing)
 .literal.panicPutHex
                0x0000000040080b20        0x0 /home/andy/circuits/liger/code/i2c/build/esp32/libesp32.a(panic.o)
                                          0x8 (size before relaxing)
 .literal.panicPutDec
                0x0000000040080b20        0x4 /home/andy/circuits/liger/code/i2c/build/esp32/libesp32.a(panic.o)
                                         0x10 (size before relaxing)
 .literal.reconfigureAllWdts
                0x0000000040080b24       0x10 /home/andy/circuits/liger/code/i2c/build/esp32/libesp32.a(panic.o)
                                         0x24 (size before relaxing)
 .literal.putEntry
                0x0000000040080b34       0x10 /home/andy/circuits/liger/code/i2c/build/esp32/libesp32.a(panic.o)
                                         0x20 (size before relaxing)
 .literal.doBacktrace
                0x0000000040080b44       0x10 /home/andy/circuits/liger/code/i2c/build/esp32/libesp32.a(panic.o)
                                         0x24 (size before relaxing)
 .literal.invoke_abort
                0x0000000040080b54        0x4 /home/andy/circuits/liger/code/i2c/build/esp32/libesp32.a(panic.o)
                                          0x8 (size before relaxing)
 .literal.haltOtherCore
                0x0000000040080b58        0x0 /home/andy/circuits/liger/code/i2c/build/esp32/libesp32.a(panic.o)
                                          0x4 (size before relaxing)
 .literal.esp_panic_wdt_start
                0x0000000040080b58       0x14 /home/andy/circuits/liger/code/i2c/build/esp32/libesp32.a(panic.o)
                                         0x2c (size before relaxing)
 .literal.commonErrorHandler_dump
                0x0000000040080b6c       0x30 /home/andy/circuits/liger/code/i2c/build/esp32/libesp32.a(panic.o)
                                         0x90 (size before relaxing)
 .literal.esp_panic_dig_reset
                0x0000000040080b9c        0x0 /home/andy/circuits/liger/code/i2c/build/esp32/libesp32.a(panic.o)
                                         0x14 (size before relaxing)
 .literal.abort
                0x0000000040080b9c        0x8 /home/andy/circuits/liger/code/i2c/build/esp32/libesp32.a(panic.o)
                                         0x10 (size before relaxing)
 .literal.vApplicationStackOverflowHook
                0x0000000040080ba4        0x8 /home/andy/circuits/liger/code/i2c/build/esp32/libesp32.a(panic.o)
                                         0x18 (size before relaxing)
 .literal.esp_panic_wdt_stop
                0x0000000040080bac        0x0 /home/andy/circuits/liger/code/i2c/build/esp32/libesp32.a(panic.o)
                                         0x18 (size before relaxing)
 .literal.commonErrorHandler
                0x0000000040080bac        0x4 /home/andy/circuits/liger/code/i2c/build/esp32/libesp32.a(panic.o)
                                         0x28 (size before relaxing)
 .literal.panicHandler
                0x0000000040080bb0       0x34 /home/andy/circuits/liger/code/i2c/build/esp32/libesp32.a(panic.o)
                                         0xa4 (size before relaxing)
 .literal.xt_unhandled_exception
                0x0000000040080be4       0x18 /home/andy/circuits/liger/code/i2c/build/esp32/libesp32.a(panic.o)
                                         0x60 (size before relaxing)
 .literal._esp_error_check_failed
                0x0000000040080bfc       0x14 /home/andy/circuits/liger/code/i2c/build/esp32/libesp32.a(panic.o)
                                         0x30 (size before relaxing)
 .literal.rtc_clk_cal_internal
                0x0000000040080c10       0x3c /home/andy/circuits/liger/code/i2c/build/soc/libsoc.a(rtc_time.o)
                                         0x64 (size before relaxing)
 .literal.rtc_clk_cal
                0x0000000040080c4c        0x0 /home/andy/circuits/liger/code/i2c/build/soc/libsoc.a(rtc_time.o)
                                          0xc (size before relaxing)
 .literal.rtc_time_get
                0x0000000040080c4c       0x10 /home/andy/circuits/liger/code/i2c/build/soc/libsoc.a(rtc_time.o)
                                         0x18 (size before relaxing)
 .literal.rtc_clk_wait_for_slow_cycle
                0x0000000040080c5c        0x8 /home/andy/circuits/liger/code/i2c/build/soc/libsoc.a(rtc_time.o)
                                         0x20 (size before relaxing)
 .literal.rtc_init
                0x0000000040080c64       0x90 /home/andy/circuits/liger/code/i2c/build/soc/libsoc.a(rtc_init.o)
                                         0xdc (size before relaxing)
 .literal.rtc_clk_32k_enable_internal
                0x0000000040080cf4       0x14 /home/andy/circuits/liger/code/i2c/build/soc/libsoc.a(rtc_clk.o)
 .literal.rtc_clk_32k_enable
                0x0000000040080d08        0x0 /home/andy/circuits/liger/code/i2c/build/soc/libsoc.a(rtc_clk.o)
                                          0xc (size before relaxing)
 .literal.rtc_clk_32k_bootstrap
                0x0000000040080d08        0xc /home/andy/circuits/liger/code/i2c/build/soc/libsoc.a(rtc_clk.o)
                                         0x34 (size before relaxing)
 .literal.rtc_clk_slow_freq_set
                0x0000000040080d14        0x0 /home/andy/circuits/liger/code/i2c/build/soc/libsoc.a(rtc_clk.o)
                                          0xc (size before relaxing)
 .literal.rtc_clk_slow_freq_get
                0x0000000040080d14        0x0 /home/andy/circuits/liger/code/i2c/build/soc/libsoc.a(rtc_clk.o)
                                          0x4 (size before relaxing)
 .literal.rtc_clk_slow_freq_get_hz
                0x0000000040080d14        0x0 /home/andy/circuits/liger/code/i2c/build/soc/libsoc.a(rtc_clk.o)
                                         0x10 (size before relaxing)
 .literal.rtc_clk_fast_freq_set
                0x0000000040080d14        0x0 /home/andy/circuits/liger/code/i2c/build/soc/libsoc.a(rtc_clk.o)
                                          0xc (size before relaxing)
 .literal.rtc_clk_bbpll_set
                0x0000000040080d14        0x4 /home/andy/circuits/liger/code/i2c/build/soc/libsoc.a(rtc_clk.o)
                                         0x38 (size before relaxing)
 .literal.rtc_clk_xtal_freq_get
                0x0000000040080d18        0xc /home/andy/circuits/liger/code/i2c/build/soc/libsoc.a(rtc_clk.o)
                                         0x1c (size before relaxing)
 .literal.rtc_clk_cpu_freq_get
                0x0000000040080d24       0x14 /home/andy/circuits/liger/code/i2c/build/soc/libsoc.a(rtc_clk.o)
                                         0x2c (size before relaxing)
 .literal.rtc_clk_cpu_freq_value
                0x0000000040080d38       0x1c /home/andy/circuits/liger/code/i2c/build/soc/libsoc.a(rtc_clk.o)
                                         0x2c (size before relaxing)
 .literal.rtc_clk_apb_freq_update
                0x0000000040080d54        0x4 /home/andy/circuits/liger/code/i2c/build/soc/libsoc.a(rtc_clk.o)
                                          0x8 (size before relaxing)
 .literal.rtc_clk_cpu_freq_set
                0x0000000040080d58       0x14 /home/andy/circuits/liger/code/i2c/build/soc/libsoc.a(rtc_clk.o)
                                         0x88 (size before relaxing)
 .literal.rtc_clk_apb_freq_get
                0x0000000040080d6c        0x8 /home/andy/circuits/liger/code/i2c/build/soc/libsoc.a(rtc_clk.o)
                                         0x14 (size before relaxing)
 .literal       0x0000000040080d74        0x0 /usr/local/src/esp/esp-idf/components/esp32/libhal.a(windowspill_asm.o)
                                          0x4 (size before relaxing)
 .literal.esp_rom_spiflash_read_status
                0x0000000040080d74       0x10 /home/andy/circuits/liger/code/i2c/build/spi_flash/libspi_flash.a(spi_flash_rom_patch.o)
                                         0x14 (size before relaxing)
 .literal.esp_rom_spiflash_wait_idle
                0x0000000040080d84        0x8 /home/andy/circuits/liger/code/i2c/build/spi_flash/libspi_flash.a(spi_flash_rom_patch.o)
                                          0xc (size before relaxing)
 .literal.esp_rom_spiflash_erase_block_internal
                0x0000000040080d8c        0x4 /home/andy/circuits/liger/code/i2c/build/spi_flash/libspi_flash.a(spi_flash_rom_patch.o)
                                         0x18 (size before relaxing)
 .literal.esp_rom_spiflash_erase_sector_internal
                0x0000000040080d90        0x0 /home/andy/circuits/liger/code/i2c/build/spi_flash/libspi_flash.a(spi_flash_rom_patch.o)
                                         0x18 (size before relaxing)
 .literal.esp_rom_spiflash_read_data
                0x0000000040080d90       0x18 /home/andy/circuits/liger/code/i2c/build/spi_flash/libspi_flash.a(spi_flash_rom_patch.o)
                                         0x34 (size before relaxing)
 .literal.esp_rom_spiflash_enable_write
                0x0000000040080da8        0x0 /home/andy/circuits/liger/code/i2c/build/spi_flash/libspi_flash.a(spi_flash_rom_patch.o)
                                         0x10 (size before relaxing)
 .literal.esp_rom_spiflash_program_page_internal
                0x0000000040080da8       0x10 /home/andy/circuits/liger/code/i2c/build/spi_flash/libspi_flash.a(spi_flash_rom_patch.o)
                                         0x40 (size before relaxing)
 .literal.esp_rom_spiflash_read_statushigh
                0x0000000040080db8        0x4 /home/andy/circuits/liger/code/i2c/build/spi_flash/libspi_flash.a(spi_flash_rom_patch.o)
                                          0xc (size before relaxing)
 .literal.esp_rom_spiflash_write_status
                0x0000000040080dbc        0x4 /home/andy/circuits/liger/code/i2c/build/spi_flash/libspi_flash.a(spi_flash_rom_patch.o)
                                         0x14 (size before relaxing)
 .literal.esp_rom_spiflash_unlock
                0x0000000040080dc0        0x8 /home/andy/circuits/liger/code/i2c/build/spi_flash/libspi_flash.a(spi_flash_rom_patch.o)
                                         0x28 (size before relaxing)
 .literal.esp_rom_spiflash_erase_block
                0x0000000040080dc8        0xc /home/andy/circuits/liger/code/i2c/build/spi_flash/libspi_flash.a(spi_flash_rom_patch.o)
                                         0x20 (size before relaxing)
 .literal.esp_rom_spiflash_erase_sector
                0x0000000040080dd4        0x0 /home/andy/circuits/liger/code/i2c/build/spi_flash/libspi_flash.a(spi_flash_rom_patch.o)
                                         0x20 (size before relaxing)
 .literal.esp_rom_spiflash_write
                0x0000000040080dd4        0x0 /home/andy/circuits/liger/code/i2c/build/spi_flash/libspi_flash.a(spi_flash_rom_patch.o)
                                         0x28 (size before relaxing)
 .literal.esp_rom_spiflash_write_encrypted
                0x0000000040080dd4        0xc /home/andy/circuits/liger/code/i2c/build/spi_flash/libspi_flash.a(spi_flash_rom_patch.o)
                                         0x10 (size before relaxing)
 .literal.esp_rom_spiflash_read
                0x0000000040080de0       0x30 /home/andy/circuits/liger/code/i2c/build/spi_flash/libspi_flash.a(spi_flash_rom_patch.o)
                                         0x5c (size before relaxing)
 .literal       0x0000000040080e10       0x10 /usr/local/src/esp/esp-idf/components/newlib/lib/libm.a(lib_a-s_fpclassify.o)
                                         0x18 (size before relaxing)
 .iram1         0x0000000040080e20      0x27e /home/andy/circuits/liger/code/i2c/build/esp32/libesp32.a(cpu_start.o)
                                        0x336 (size before relaxing)
                0x0000000040080e20                start_cpu0
                0x0000000040080e20                start_cpu0_default
                0x0000000040080ef0                start_cpu1_default
                0x0000000040080ef0                start_cpu1
                0x0000000040080f6c                call_start_cpu0
 *fill*         0x000000004008109e        0x2 
 .iram1         0x00000000400810a0       0x37 /home/andy/circuits/liger/code/i2c/build/esp32/libesp32.a(clk.o)
                0x00000000400810a0                esp_clk_cpu_freq
                0x00000000400810b0                esp_clk_apb_freq
                0x00000000400810c8                ets_update_cpu_frequency
 *fill*         0x00000000400810d7        0x1 
 .iram1         0x00000000400810d8       0xb0 /home/andy/circuits/liger/code/i2c/build/esp32/libesp32.a(crosscore_int.o)
                                         0xc0 (size before relaxing)
                0x0000000040081170                esp_crosscore_int_send_yield
                0x000000004008117c                esp_crosscore_int_send_freq_switch
 .iram1         0x0000000040081188       0x2c /home/andy/circuits/liger/code/i2c/build/esp32/libesp32.a(cache_err_int.o)
                                         0x34 (size before relaxing)
                0x0000000040081188                esp_cache_err_get_cpuid
 .iram1         0x00000000400811b4       0x7f /home/andy/circuits/liger/code/i2c/build/esp32/libesp32.a(ipc.o)
                                         0x8b (size before relaxing)
 *fill*         0x0000000040081233        0x1 
 .iram1         0x0000000040081234      0x2b6 /home/andy/circuits/liger/code/i2c/build/esp32/libesp32.a(intr_alloc.o)
                                        0x2ce (size before relaxing)
                0x0000000040081270                esp_intr_set_in_iram
                0x00000000400812f8                esp_intr_enable
                0x0000000040081380                esp_intr_disable
                0x0000000040081448                esp_intr_noniram_disable
                0x0000000040081494                esp_intr_noniram_enable
                0x00000000400814d4                ets_isr_unmask
                0x00000000400814e0                ets_isr_mask
 *fill*         0x00000000400814ea        0x2 
 .iram1         0x00000000400814ec      0x205 /home/andy/circuits/liger/code/i2c/build/esp32/libesp32.a(esp_timer.o)
                                        0x219 (size before relaxing)
                0x0000000040081608                esp_timer_stop
                0x000000004008162c                esp_timer_get_next_alarm
                0x000000004008164c                esp_timer_get_time
                0x000000004008165c                esp_timer_start_once
                0x00000000400816a0                esp_timer_start_periodic
 *fill*         0x00000000400816f1        0x3 
 .iram1         0x00000000400816f4      0x1e3 /home/andy/circuits/liger/code/i2c/build/esp32/libesp32.a(dport_access.o)
                                        0x1ef (size before relaxing)
                0x00000000400816f4                esp_dport_access_stall_other_cpu_start
                0x00000000400817a4                esp_dport_access_stall_other_cpu_end
                0x0000000040081820                esp_dport_access_stall_other_cpu_start_wrap
                0x0000000040081828                esp_dport_access_stall_other_cpu_end_wrap
                0x0000000040081830                esp_dport_access_int_pause
                0x0000000040081854                esp_dport_access_int_abort
                0x0000000040081868                esp_dport_access_int_resume
                0x000000004008188c                esp_dport_access_reg_read
                0x00000000400818a4                esp_dport_access_sequence_reg_read
                0x00000000400818b0                esp_dport_access_read_buffer
 *fill*         0x00000000400818d7        0x1 
 .iram1         0x00000000400818d8       0x53 /home/andy/circuits/liger/code/i2c/build/esp32/libesp32.a(int_wdt.o)
 *fill*         0x000000004008192b        0x1 
 .iram1         0x000000004008192c       0xda /home/andy/circuits/liger/code/i2c/build/esp32/libesp32.a(dport_panic_highint_hdl.o)
                0x000000004008192c                xt_highint4
                0x0000000040081a06                ld_include_panic_highint_hdl
 *fill*         0x0000000040081a06        0x2 
 .iram1         0x0000000040081a08      0x1e1 /home/andy/circuits/liger/code/i2c/build/esp32/libesp32.a(system_api.o)
                                        0x21c (size before relaxing)
                0x0000000040081a80                esp_restart_noos
                0x0000000040081bc8                esp_restart
                0x0000000040081bc8                system_restart
 *fill*         0x0000000040081be9        0x3 
 .iram1         0x0000000040081bec      0x4af /home/andy/circuits/liger/code/i2c/build/esp32/libesp32.a(esp_timer_esp32.o)
                                        0x4bb (size before relaxing)
                0x0000000040081d10                esp_timer_impl_get_time
                0x0000000040081e80                esp_timer_impl_set_alarm
                0x0000000040081fc8                esp_timer_impl_update_apb_freq
                0x0000000040082090                esp_timer_impl_get_min_period_us
 *fill*         0x000000004008209b        0x1 
 .iram1         0x000000004008209c       0x27 /home/andy/circuits/liger/code/i2c/build/esp32/libesp32.a(freertos_hooks.o)
                0x000000004008209c                esp_vApplicationTickHook
 *fill*         0x00000000400820c3        0x1 
 .iram1         0x00000000400820c4       0x1a /home/andy/circuits/liger/code/i2c/build/freertos/libfreertos.a(port.o)
                0x00000000400820c4                xPortInterruptedFromISRContext
 *fill*         0x00000000400820de        0x2 
 .iram1         0x00000000400820e0      0x4b4 /home/andy/circuits/liger/code/i2c/build/freertos/libfreertos.a(xtensa_vectors.o)
                0x00000000400820e0                _xt_panic
                0x00000000400821f8                _xt_user_exit
                0x00000000400824e4                _xt_medint2_exit
                0x0000000040082580                _xt_medint3_exit
 .iram1         0x0000000040082594      0x3f1 /home/andy/circuits/liger/code/i2c/build/heap/libheap.a(heap_caps.o)
                                        0x40d (size before relaxing)
                0x0000000040082624                heap_caps_malloc
                0x00000000400826c4                heap_caps_malloc_default
                0x0000000040082708                heap_caps_malloc_prefer
                0x0000000040082760                heap_caps_free
                0x0000000040082798                heap_caps_realloc
                0x0000000040082844                heap_caps_realloc_default
                0x000000004008289c                heap_caps_realloc_prefer
                0x0000000040082900                heap_caps_calloc
                0x0000000040082930                heap_caps_calloc_prefer
 *fill*         0x0000000040082985        0x3 
 .iram1         0x0000000040082988      0x18a /home/andy/circuits/liger/code/i2c/build/log/liblog.a(log.o)
                                        0x19a (size before relaxing)
                0x0000000040082988                esp_log_write
                0x0000000040082ab8                esp_log_early_timestamp
                0x0000000040082ad4                esp_log_timestamp
 *fill*         0x0000000040082b12        0x2 
 .iram1         0x0000000040082b14       0x70 /home/andy/circuits/liger/code/i2c/build/newlib/libnewlib.a(time.o)
                                         0x74 (size before relaxing)
                0x0000000040082b14                _gettimeofday_r
                0x0000000040082b5c                _times_r
 .iram1         0x0000000040082b84       0x5a /home/andy/circuits/liger/code/i2c/build/newlib/libnewlib.a(syscalls.o)
                                         0x62 (size before relaxing)
                0x0000000040082b84                _malloc_r
                0x0000000040082b90                _free_r
                0x0000000040082b9c                _realloc_r
                0x0000000040082bb0                _calloc_r
 *fill*         0x0000000040082bde        0x2 
 .iram1         0x0000000040082be0       0x3c /home/andy/circuits/liger/code/i2c/build/newlib/libnewlib.a(reent_init.o)
                0x0000000040082be0                esp_reent_init
 .iram1         0x0000000040082c1c      0x1cc /home/andy/circuits/liger/code/i2c/build/newlib/libnewlib.a(locks.o)
                                        0x210 (size before relaxing)
                0x0000000040082d34                _lock_init
                0x0000000040082d44                _lock_init_recursive
                0x0000000040082d54                _lock_close
                0x0000000040082d90                _lock_acquire
                0x0000000040082da0                _lock_acquire_recursive
                0x0000000040082db0                _lock_try_acquire
                0x0000000040082dc0                _lock_try_acquire_recursive
                0x0000000040082dd0                _lock_release
                0x0000000040082ddc                _lock_release_recursive
 .iram1         0x0000000040082de8      0x11a /home/andy/circuits/liger/code/i2c/build/soc/libsoc.a(cpu_util.o)
                0x0000000040082de8                esp_cpu_stall
                0x0000000040082e7c                esp_cpu_unstall
                0x0000000040082ed0                esp_cpu_reset
                0x0000000040082ef4                esp_cpu_in_ocd_debug_mode
 *fill*         0x0000000040082f02        0x2 
 .iram1         0x0000000040082f04      0x2f4 /home/andy/circuits/liger/code/i2c/build/spi_flash/libspi_flash.a(cache_utils.o)
                                        0x340 (size before relaxing)
                0x0000000040082f68                spi_flash_op_block_func
                0x0000000040083014                spi_flash_disable_interrupts_caches_and_other_cpu
                0x00000000400830f4                spi_flash_enable_interrupts_caches_and_other_cpu
                0x000000004008318c                spi_flash_disable_interrupts_caches_and_other_cpu_no_os
                0x00000000400831b8                spi_flash_enable_interrupts_caches_no_os
                0x00000000400831d4                spi_flash_cache_enabled
 .iram1         0x00000000400831f8      0x722 /home/andy/circuits/liger/code/i2c/build/spi_flash/libspi_flash.a(flash_ops.o)
                                        0x74a (size before relaxing)
                0x0000000040083268                spi_flash_guard_set
                0x0000000040083274                spi_flash_guard_get
                0x0000000040083280                spi_flash_get_chip_size
                0x000000004008328c                spi_flash_erase_range
                0x0000000040083344                spi_flash_erase_sector
                0x0000000040083368                spi_flash_write
                0x0000000040083530                spi_flash_read
                0x00000000400837c8                spi_flash_read_encrypted
                0x0000000040083810                spi_flash_write_encrypted
 *fill*         0x000000004008391a        0x2 
 .iram1         0x000000004008391c      0x4ce /home/andy/circuits/liger/code/i2c/build/spi_flash/libspi_flash.a(flash_mmap.o)
                                        0x502 (size before relaxing)
                0x0000000040083a48                spi_flash_mmap_pages
                0x0000000040083c88                spi_flash_mmap
                0x0000000040083cfc                spi_flash_munmap
                0x0000000040083da0                spi_flash_mark_modified_region
 *fill*         0x0000000040083dea        0x2 
 .iram1         0x0000000040083dec      0x839 /home/andy/circuits/liger/code/i2c/build/driver/libdriver.a(i2c.o)
                                        0x859 (size before relaxing)
 *fill*         0x0000000040084625        0x0 
 *fill*         0x0000000040084625        0x0 
 *fill*         0x0000000040084625        0x0 
 *fill*         0x0000000040084625        0x0 
 *fill*         0x0000000040084625        0x0 
 *fill*         0x0000000040084625        0x0 
 *fill*         0x0000000040084625        0x0 
 *fill*         0x0000000040084625        0x3 
 .iram1         0x0000000040084628       0x20 /home/andy/circuits/liger/code/i2c/build/esp32/libesp32.a(dbg_stubs.o)
 *fill*         0x0000000040084648        0x0 
 *fill*         0x0000000040084648        0x0 
 *fill*         0x0000000040084648        0x0 
 .iram1         0x0000000040084648       0x2e /home/andy/circuits/liger/code/i2c/build/freertos/libfreertos.a(xtensa_vector_defaults.o)
                0x0000000040084648                xt_debugexception
                0x0000000040084668                xt_highint5
                0x0000000040084670                _xt_nmi
                0x0000000040084670                xt_nmi
 *fill*         0x0000000040084676        0x0 
 *fill*         0x0000000040084676        0x0 
 *fill*         0x0000000040084676        0x0 
 *fill*         0x0000000040084676        0x0 
 *fill*         0x0000000040084676        0x0 
 *fill*         0x0000000040084676        0x0 
 *fill*         0x0000000040084676        0x0 
 *libfreertos.a:(.literal .text .literal.* .text.*)
 *fill*         0x0000000040084676        0x2 
 .text.xt_unhandled_interrupt
                0x0000000040084678       0x16 /home/andy/circuits/liger/code/i2c/build/freertos/libfreertos.a(xtensa_intr.o)
                0x0000000040084678                xt_unhandled_interrupt
 *fill*         0x000000004008468e        0x2 
 .text.xt_set_interrupt_handler
                0x0000000040084690       0x46 /home/andy/circuits/liger/code/i2c/build/freertos/libfreertos.a(xtensa_intr.o)
                0x0000000040084690                xt_set_interrupt_handler
 *fill*         0x00000000400846d6        0x2 
 .text.prvIsQueueFull
                0x00000000400846d8       0x2a /home/andy/circuits/liger/code/i2c/build/freertos/libfreertos.a(queue.o)
 *fill*         0x0000000040084702        0x2 
 .text.prvCopyDataToQueue
                0x0000000040084704       0x9e /home/andy/circuits/liger/code/i2c/build/freertos/libfreertos.a(queue.o)
 *fill*         0x00000000400847a2        0x2 
 .text.prvNotifyQueueSetContainer
                0x00000000400847a4       0x77 /home/andy/circuits/liger/code/i2c/build/freertos/libfreertos.a(queue.o)
                                         0x8a (size before relaxing)
 *fill*         0x000000004008481b        0x1 
 .text.prvCopyDataFromQueue
                0x000000004008481c       0x24 /home/andy/circuits/liger/code/i2c/build/freertos/libfreertos.a(queue.o)
 .text.xQueueGenericReset
                0x0000000040084840       0x86 /home/andy/circuits/liger/code/i2c/build/freertos/libfreertos.a(queue.o)
                                         0x96 (size before relaxing)
                0x0000000040084840                xQueueGenericReset
 *fill*         0x00000000400848c6        0x2 
 .text.prvInitialiseNewQueue
                0x00000000400848c8       0x1f /home/andy/circuits/liger/code/i2c/build/freertos/libfreertos.a(queue.o)
                                         0x23 (size before relaxing)
 *fill*         0x00000000400848e7        0x1 
 .text.xQueueGenericCreate
                0x00000000400848e8       0x49 /home/andy/circuits/liger/code/i2c/build/freertos/libfreertos.a(queue.o)
                                         0x4d (size before relaxing)
                0x00000000400848e8                xQueueGenericCreate
 *fill*         0x0000000040084931        0x3 
 .text.xQueueGetMutexHolder
                0x0000000040084934       0x23 /home/andy/circuits/liger/code/i2c/build/freertos/libfreertos.a(queue.o)
                0x0000000040084934                xQueueGetMutexHolder
 *fill*         0x0000000040084957        0x1 
 .text.xQueueCreateCountingSemaphore
                0x0000000040084958       0x66 /home/andy/circuits/liger/code/i2c/build/freertos/libfreertos.a(queue.o)
                                         0x6a (size before relaxing)
                0x0000000040084958                xQueueCreateCountingSemaphore
 *fill*         0x00000000400849be        0x2 
 .text.xQueueGenericSend
                0x00000000400849c0      0x158 /home/andy/circuits/liger/code/i2c/build/freertos/libfreertos.a(queue.o)
                                        0x18c (size before relaxing)
                0x00000000400849c0                xQueueGenericSend
 .text.prvInitialiseMutex
                0x0000000040084b18       0x22 /home/andy/circuits/liger/code/i2c/build/freertos/libfreertos.a(queue.o)
                                         0x26 (size before relaxing)
 *fill*         0x0000000040084b3a        0x2 
 .text.xQueueCreateMutex
                0x0000000040084b3c       0x16 /home/andy/circuits/liger/code/i2c/build/freertos/libfreertos.a(queue.o)
                                         0x1a (size before relaxing)
                0x0000000040084b3c                xQueueCreateMutex
 *fill*         0x0000000040084b52        0x2 
 .text.xQueueGiveMutexRecursive
                0x0000000040084b54       0x48 /home/andy/circuits/liger/code/i2c/build/freertos/libfreertos.a(queue.o)
                                         0x4c (size before relaxing)
                0x0000000040084b54                xQueueGiveMutexRecursive
 .text.xQueueGenericSendFromISR
                0x0000000040084b9c       0xd6 /home/andy/circuits/liger/code/i2c/build/freertos/libfreertos.a(queue.o)
                                         0xe6 (size before relaxing)
                0x0000000040084b9c                xQueueGenericSendFromISR
 *fill*         0x0000000040084c72        0x2 
 .text.xQueueGiveFromISR
                0x0000000040084c74       0xb6 /home/andy/circuits/liger/code/i2c/build/freertos/libfreertos.a(queue.o)
                                         0xc2 (size before relaxing)
                0x0000000040084c74                xQueueGiveFromISR
 *fill*         0x0000000040084d2a        0x2 
 .text.xQueueGenericReceive
                0x0000000040084d2c      0x144 /home/andy/circuits/liger/code/i2c/build/freertos/libfreertos.a(queue.o)
                                        0x178 (size before relaxing)
                0x0000000040084d2c                xQueueGenericReceive
 .text.xQueueTakeMutexRecursive
                0x0000000040084e70       0x51 /home/andy/circuits/liger/code/i2c/build/freertos/libfreertos.a(queue.o)
                0x0000000040084e70                xQueueTakeMutexRecursive
 *fill*         0x0000000040084ec1        0x3 
 .text.xQueueReceiveFromISR
                0x0000000040084ec4       0x96 /home/andy/circuits/liger/code/i2c/build/freertos/libfreertos.a(queue.o)
                                         0xa6 (size before relaxing)
                0x0000000040084ec4                xQueueReceiveFromISR
 *fill*         0x0000000040084f5a        0x2 
 .text.vQueueDelete
                0x0000000040084f5c       0x28 /home/andy/circuits/liger/code/i2c/build/freertos/libfreertos.a(queue.o)
                0x0000000040084f5c                vQueueDelete
 .text.vQueueWaitForMessageRestricted
                0x0000000040084f84       0x23 /home/andy/circuits/liger/code/i2c/build/freertos/libfreertos.a(queue.o)
                                         0x2a (size before relaxing)
                0x0000000040084f84                vQueueWaitForMessageRestricted
 *fill*         0x0000000040084fa7        0x1 
 .text.pxPortInitialiseStack
                0x0000000040084fa8       0x86 /home/andy/circuits/liger/code/i2c/build/freertos/libfreertos.a(port.o)
                0x0000000040084fa8                pxPortInitialiseStack
 *fill*         0x000000004008502e        0x2 
 .text.xPortStartScheduler
                0x0000000040085030       0x22 /home/andy/circuits/liger/code/i2c/build/freertos/libfreertos.a(port.o)
                                         0x2e (size before relaxing)
                0x0000000040085030                xPortStartScheduler
 *fill*         0x0000000040085052        0x2 
 .text.xPortSysTickHandler
                0x0000000040085054       0x10 /home/andy/circuits/liger/code/i2c/build/freertos/libfreertos.a(port.o)
                                         0x16 (size before relaxing)
                0x0000000040085054                xPortSysTickHandler
 *fill*         0x0000000040085064        0x0 
 .text.vPortYieldOtherCore
                0x0000000040085064        0xa /home/andy/circuits/liger/code/i2c/build/freertos/libfreertos.a(port.o)
                                          0xe (size before relaxing)
                0x0000000040085064                vPortYieldOtherCore
 *fill*         0x000000004008506e        0x2 
 .text.vPortReleaseTaskMPUSettings
                0x0000000040085070        0xa /home/andy/circuits/liger/code/i2c/build/freertos/libfreertos.a(port.o)
                                          0xe (size before relaxing)
                0x0000000040085070                vPortReleaseTaskMPUSettings
 *fill*         0x000000004008507a        0x2 
 .text.xPortInIsrContext
                0x000000004008507c       0x26 /home/andy/circuits/liger/code/i2c/build/freertos/libfreertos.a(port.o)
                0x000000004008507c                xPortInIsrContext
 *fill*         0x00000000400850a2        0x2 
 .text.vPortCPUInitializeMutex
                0x00000000400850a4        0xe /home/andy/circuits/liger/code/i2c/build/freertos/libfreertos.a(port.o)
                0x00000000400850a4                vPortCPUInitializeMutex
 *fill*         0x00000000400850b2        0x2 
 .text.vPortCPUAcquireMutex
                0x00000000400850b4       0x81 /home/andy/circuits/liger/code/i2c/build/freertos/libfreertos.a(port.o)
                                         0x88 (size before relaxing)
                0x00000000400850b4                vPortCPUAcquireMutex
 *fill*         0x0000000040085135        0x3 
 .text.vPortCPUReleaseMutex
                0x0000000040085138       0x4d /home/andy/circuits/liger/code/i2c/build/freertos/libfreertos.a(port.o)
                                         0x50 (size before relaxing)
                0x0000000040085138                vPortCPUReleaseMutex
 *fill*         0x0000000040085185        0x3 
 .text.prvResetNextTaskUnblockTime
                0x0000000040085188       0x34 /home/andy/circuits/liger/code/i2c/build/freertos/libfreertos.a(tasks.o)
 .text.prvDeleteTLS
                0x00000000400851bc       0x40 /home/andy/circuits/liger/code/i2c/build/freertos/libfreertos.a(tasks.o)
 .text.prvInitialiseNewTask
                0x00000000400851fc       0xc4 /home/andy/circuits/liger/code/i2c/build/freertos/libfreertos.a(tasks.o)
                                         0xd0 (size before relaxing)
 .text.prvInitialiseTaskLists
                0x00000000400852c0       0x5a /home/andy/circuits/liger/code/i2c/build/freertos/libfreertos.a(tasks.o)
                                         0x6e (size before relaxing)
 *fill*         0x000000004008531a        0x2 
 .text.prvDeleteTCB
                0x000000004008531c       0x56 /home/andy/circuits/liger/code/i2c/build/freertos/libfreertos.a(tasks.o)
                                         0x5d (size before relaxing)
 *fill*         0x0000000040085372        0x2 
 .text.prvAddCurrentTaskToDelayedList
                0x0000000040085374       0x66 /home/andy/circuits/liger/code/i2c/build/freertos/libfreertos.a(tasks.o)
                                         0x6a (size before relaxing)
 *fill*         0x00000000400853da        0x2 
 .text.taskYIELD_OTHER_CORE
                0x00000000400853dc       0x53 /home/andy/circuits/liger/code/i2c/build/freertos/libfreertos.a(tasks.o)
                0x00000000400853dc                taskYIELD_OTHER_CORE
 *fill*         0x000000004008542f        0x1 
 .text.vTaskSuspendAll
                0x0000000040085430       0x26 /home/andy/circuits/liger/code/i2c/build/freertos/libfreertos.a(tasks.o)
                0x0000000040085430                vTaskSuspendAll
 *fill*         0x0000000040085456        0x2 
 .text.xTaskGetIdleTaskHandleForCPU
                0x0000000040085458       0x2a /home/andy/circuits/liger/code/i2c/build/freertos/libfreertos.a(tasks.o)
                                         0x2e (size before relaxing)
                0x0000000040085458                xTaskGetIdleTaskHandleForCPU
 *fill*         0x0000000040085482        0x2 
 .text.vTaskSwitchContext
                0x0000000040085484      0x27e /home/andy/circuits/liger/code/i2c/build/freertos/libfreertos.a(tasks.o)
                                        0x28a (size before relaxing)
                0x0000000040085484                vTaskSwitchContext
 *fill*         0x0000000040085702        0x2 
 .text.vTaskSetTimeOutState
                0x0000000040085704       0x34 /home/andy/circuits/liger/code/i2c/build/freertos/libfreertos.a(tasks.o)
                0x0000000040085704                vTaskSetTimeOutState
 .text.xTaskGetCurrentTaskHandle
                0x0000000040085738       0x1f /home/andy/circuits/liger/code/i2c/build/freertos/libfreertos.a(tasks.o)
                0x0000000040085738                xTaskGetCurrentTaskHandle
 *fill*         0x0000000040085757        0x1 
 .text.__getreent
                0x0000000040085758       0x19 /home/andy/circuits/liger/code/i2c/build/freertos/libfreertos.a(tasks.o)
                0x0000000040085758                __getreent
 *fill*         0x0000000040085771        0x3 
 .text.pcTaskGetTaskName
                0x0000000040085774       0x2a /home/andy/circuits/liger/code/i2c/build/freertos/libfreertos.a(tasks.o)
                                         0x2d (size before relaxing)
                0x0000000040085774                pcTaskGetTaskName
 *fill*         0x000000004008579e        0x2 
 .text.xTaskGetAffinity
                0x00000000400857a0       0x10 /home/andy/circuits/liger/code/i2c/build/freertos/libfreertos.a(tasks.o)
                                         0x13 (size before relaxing)
                0x00000000400857a0                xTaskGetAffinity
 *fill*         0x00000000400857b0        0x0 
 .text.xTaskGetCurrentTaskHandleForCPU
                0x00000000400857b0       0x18 /home/andy/circuits/liger/code/i2c/build/freertos/libfreertos.a(tasks.o)
                0x00000000400857b0                xTaskGetCurrentTaskHandleForCPU
 .text.xTaskGetSchedulerState
                0x00000000400857c8       0x37 /home/andy/circuits/liger/code/i2c/build/freertos/libfreertos.a(tasks.o)
                0x00000000400857c8                xTaskGetSchedulerState
 *fill*         0x00000000400857ff        0x1 
 .text.vTaskEnterCritical
                0x0000000040085800       0xac /home/andy/circuits/liger/code/i2c/build/freertos/libfreertos.a(tasks.o)
                                         0xb3 (size before relaxing)
                0x0000000040085800                vTaskEnterCritical
 *fill*         0x00000000400858ac        0x0 
 .text.vTaskExitCritical
                0x00000000400858ac       0x77 /home/andy/circuits/liger/code/i2c/build/freertos/libfreertos.a(tasks.o)
                0x00000000400858ac                vTaskExitCritical
 *fill*         0x0000000040085923        0x1 
 .text.prvAddNewTaskToReadyList
                0x0000000040085924      0x160 /home/andy/circuits/liger/code/i2c/build/freertos/libfreertos.a(tasks.o)
                                        0x173 (size before relaxing)
 *fill*         0x0000000040085a84        0x0 
 .text.xTaskCreatePinnedToCore
                0x0000000040085a84       0x6e /home/andy/circuits/liger/code/i2c/build/freertos/libfreertos.a(tasks.o)
                                         0x76 (size before relaxing)
                0x0000000040085a84                xTaskCreatePinnedToCore
 *fill*         0x0000000040085af2        0x2 
 .text.vTaskStartScheduler
                0x0000000040085af4       0x67 /home/andy/circuits/liger/code/i2c/build/freertos/libfreertos.a(tasks.o)
                                         0x72 (size before relaxing)
                0x0000000040085af4                vTaskStartScheduler
 *fill*         0x0000000040085b5b        0x1 
 .text.vTaskDelete
                0x0000000040085b5c      0x10a /home/andy/circuits/liger/code/i2c/build/freertos/libfreertos.a(tasks.o)
                                        0x122 (size before relaxing)
                0x0000000040085b5c                vTaskDelete
 *fill*         0x0000000040085c66        0x2 
 .text.vTaskDelay
                0x0000000040085c68       0x70 /home/andy/circuits/liger/code/i2c/build/freertos/libfreertos.a(tasks.o)
                                         0x80 (size before relaxing)
                0x0000000040085c68                vTaskDelay
 .text.uxTaskPriorityGet
                0x0000000040085cd8       0x1c /home/andy/circuits/liger/code/i2c/build/freertos/libfreertos.a(tasks.o)
                                         0x23 (size before relaxing)
                0x0000000040085cd8                uxTaskPriorityGet
 *fill*         0x0000000040085cf4        0x0 
 .text.vTaskPrioritySet
                0x0000000040085cf4      0x12d /home/andy/circuits/liger/code/i2c/build/freertos/libfreertos.a(tasks.o)
                                        0x143 (size before relaxing)
                0x0000000040085cf4                vTaskPrioritySet
 *fill*         0x0000000040085e21        0x3 
 .text.prvCheckTasksWaitingTermination
                0x0000000040085e24       0xbe /home/andy/circuits/liger/code/i2c/build/freertos/libfreertos.a(tasks.o)
                                         0xc6 (size before relaxing)
 *fill*         0x0000000040085ee2        0x2 
 .text.prvIdleTask
                0x0000000040085ee4        0xf /home/andy/circuits/liger/code/i2c/build/freertos/libfreertos.a(tasks.o)
                                         0x18 (size before relaxing)
 *fill*         0x0000000040085ef3        0x1 
 .text.xTaskGetTickCount
                0x0000000040085ef4       0x1c /home/andy/circuits/liger/code/i2c/build/freertos/libfreertos.a(tasks.o)
                                         0x20 (size before relaxing)
                0x0000000040085ef4                xTaskGetTickCount
 .text.xTaskIncrementTick
                0x0000000040085f10      0x1b2 /home/andy/circuits/liger/code/i2c/build/freertos/libfreertos.a(tasks.o)
                                        0x1ce (size before relaxing)
                0x0000000040085f10                xTaskIncrementTick
 *fill*         0x00000000400860c2        0x2 
 .text.xTaskResumeAll
                0x00000000400860c4      0x177 /home/andy/circuits/liger/code/i2c/build/freertos/libfreertos.a(tasks.o)
                                        0x186 (size before relaxing)
                0x00000000400860c4                xTaskResumeAll
 *fill*         0x000000004008623b        0x1 
 .text.vTaskPlaceOnEventList
                0x000000004008623c       0x83 /home/andy/circuits/liger/code/i2c/build/freertos/libfreertos.a(tasks.o)
                                         0x97 (size before relaxing)
                0x000000004008623c                vTaskPlaceOnEventList
 *fill*         0x00000000400862bf        0x1 
 .text.vTaskPlaceOnEventListRestricted
                0x00000000400862c0       0x5b /home/andy/circuits/liger/code/i2c/build/freertos/libfreertos.a(tasks.o)
                                         0x6f (size before relaxing)
                0x00000000400862c0                vTaskPlaceOnEventListRestricted
 *fill*         0x000000004008631b        0x1 
 .text.xTaskRemoveFromEventList
                0x000000004008631c      0x134 /home/andy/circuits/liger/code/i2c/build/freertos/libfreertos.a(tasks.o)
                                        0x143 (size before relaxing)
                0x000000004008631c                xTaskRemoveFromEventList
 *fill*         0x0000000040086450        0x0 
 .text.xTaskCheckForTimeOut
                0x0000000040086450       0x89 /home/andy/circuits/liger/code/i2c/build/freertos/libfreertos.a(tasks.o)
                                         0x94 (size before relaxing)
                0x0000000040086450                xTaskCheckForTimeOut
 *fill*         0x00000000400864d9        0x3 
 .text.vTaskPriorityInherit
                0x00000000400864dc       0xc4 /home/andy/circuits/liger/code/i2c/build/freertos/libfreertos.a(tasks.o)
                                         0xdb (size before relaxing)
                0x00000000400864dc                vTaskPriorityInherit
 *fill*         0x00000000400865a0        0x0 
 .text.xTaskPriorityDisinherit
                0x00000000400865a0       0x97 /home/andy/circuits/liger/code/i2c/build/freertos/libfreertos.a(tasks.o)
                                         0xaa (size before relaxing)
                0x00000000400865a0                xTaskPriorityDisinherit
 *fill*         0x0000000040086637        0x1 
 .text.pvTaskIncrementMutexHeldCount
                0x0000000040086638       0x50 /home/andy/circuits/liger/code/i2c/build/freertos/libfreertos.a(tasks.o)
                                         0x54 (size before relaxing)
                0x0000000040086638                pvTaskIncrementMutexHeldCount
 .text.prvGetNextExpireTime
                0x0000000040086688       0x20 /home/andy/circuits/liger/code/i2c/build/freertos/libfreertos.a(timers.o)
 .text.prvInsertTimerInActiveList
                0x00000000400866a8       0x50 /home/andy/circuits/liger/code/i2c/build/freertos/libfreertos.a(timers.o)
                                         0x54 (size before relaxing)
 .text.prvCheckForValidListAndQueue
                0x00000000400866f8       0x66 /home/andy/circuits/liger/code/i2c/build/freertos/libfreertos.a(timers.o)
                                         0x7e (size before relaxing)
 *fill*         0x000000004008675e        0x2 
 .text.xTimerCreateTimerTask
                0x0000000040086760       0x48 /home/andy/circuits/liger/code/i2c/build/freertos/libfreertos.a(timers.o)
                                         0x4c (size before relaxing)
                0x0000000040086760                xTimerCreateTimerTask
 .text.xTimerGenericCommand
                0x00000000400867a8       0x55 /home/andy/circuits/liger/code/i2c/build/freertos/libfreertos.a(timers.o)
                                         0x5d (size before relaxing)
                0x00000000400867a8                xTimerGenericCommand
 *fill*         0x00000000400867fd        0x3 
 .text.prvSwitchTimerLists
                0x0000000040086800       0x76 /home/andy/circuits/liger/code/i2c/build/freertos/libfreertos.a(timers.o)
                                         0x82 (size before relaxing)
 *fill*         0x0000000040086876        0x2 
 .text.prvSampleTimeNow
                0x0000000040086878       0x2b /home/andy/circuits/liger/code/i2c/build/freertos/libfreertos.a(timers.o)
                                         0x2f (size before relaxing)
 *fill*         0x00000000400868a3        0x1 
 .text.prvProcessExpiredTimer
                0x00000000400868a4       0x53 /home/andy/circuits/liger/code/i2c/build/freertos/libfreertos.a(timers.o)
                                         0x5f (size before relaxing)
 *fill*         0x00000000400868f7        0x1 
 .text.prvProcessTimerOrBlockTask
                0x00000000400868f8       0x58 /home/andy/circuits/liger/code/i2c/build/freertos/libfreertos.a(timers.o)
                                         0x6c (size before relaxing)
 .text.prvProcessReceivedCommands
                0x0000000040086950       0xd6 /home/andy/circuits/liger/code/i2c/build/freertos/libfreertos.a(timers.o)
                                         0xe6 (size before relaxing)
 *fill*         0x0000000040086a26        0x2 
 .text.prvTimerTask
                0x0000000040086a28       0x15 /home/andy/circuits/liger/code/i2c/build/freertos/libfreertos.a(timers.o)
                                         0x1d (size before relaxing)
 *fill*         0x0000000040086a3d        0x3 
 .text          0x0000000040086a40      0x12b /home/andy/circuits/liger/code/i2c/build/freertos/libfreertos.a(xtensa_context.o)
                0x0000000040086a40                _xt_context_save
                0x0000000040086aa8                _xt_context_restore
                0x0000000040086aec                _xt_coproc_init
                0x0000000040086b00                _xt_coproc_release
                0x0000000040086b2c                _xt_coproc_savecs
                0x0000000040086b4c                _xt_coproc_restorecs
 *fill*         0x0000000040086b6b        0x1 
 .text          0x0000000040086b6c      0x1d0 /home/andy/circuits/liger/code/i2c/build/freertos/libfreertos.a(portasm.o)
                0x0000000040086b6c                _frxt_setup_switch
                0x0000000040086b84                _frxt_int_enter
                0x0000000040086bcc                _frxt_int_exit
                0x0000000040086c1c                _frxt_timer_int
                0x0000000040086c44                _frxt_tick_timer_init
                0x0000000040086c5c                _frxt_dispatch
                0x0000000040086ca4                vPortYield
                0x0000000040086cf0                vPortYieldFromInt
                0x0000000040086d10                _frxt_task_coproc_state
 .text._xt_tick_divisor_init
                0x0000000040086d3c       0x1c /home/andy/circuits/liger/code/i2c/build/freertos/libfreertos.a(xtensa_init.o)
                                         0x1f (size before relaxing)
                0x0000000040086d3c                _xt_tick_divisor_init
 *fill*         0x0000000040086d58        0x0 
 .text.prvReturnItemByteBuf
                0x0000000040086d58       0x4c /home/andy/circuits/liger/code/i2c/build/freertos/libfreertos.a(ringbuf.o)
                                         0x4f (size before relaxing)
 *fill*         0x0000000040086da4        0x0 
 .text.prvGetItemByteBuf
                0x0000000040086da4       0xd7 /home/andy/circuits/liger/code/i2c/build/freertos/libfreertos.a(ringbuf.o)
                                         0xdb (size before relaxing)
 *fill*         0x0000000040086e7b        0x1 
 .text.prvCheckItemFitsByteBuffer
                0x0000000040086e7c       0x65 /home/andy/circuits/liger/code/i2c/build/freertos/libfreertos.a(ringbuf.o)
 *fill*         0x0000000040086ee1        0x3 
 .text.prvReturnItemDefault
                0x0000000040086ee4      0x146 /home/andy/circuits/liger/code/i2c/build/freertos/libfreertos.a(ringbuf.o)
                                        0x156 (size before relaxing)
 *fill*         0x000000004008702a        0x2 
 .text.prvGetItemDefault
                0x000000004008702c      0x146 /home/andy/circuits/liger/code/i2c/build/freertos/libfreertos.a(ringbuf.o)
                                        0x152 (size before relaxing)
 *fill*         0x0000000040087172        0x2 
 .text.prvCheckItemFitsDefault
                0x0000000040087174       0xb1 /home/andy/circuits/liger/code/i2c/build/freertos/libfreertos.a(ringbuf.o)
 *fill*         0x0000000040087225        0x3 
 .text.prvGetFreeSize
                0x0000000040087228       0x3c /home/andy/circuits/liger/code/i2c/build/freertos/libfreertos.a(ringbuf.o)
                                         0x40 (size before relaxing)
 .text.prvCopyItemByteBuf
                0x0000000040087264       0x7b /home/andy/circuits/liger/code/i2c/build/freertos/libfreertos.a(ringbuf.o)
 *fill*         0x00000000400872df        0x1 
 .text.prvCopyItemAllowSplit
                0x00000000400872e0       0xef /home/andy/circuits/liger/code/i2c/build/freertos/libfreertos.a(ringbuf.o)
                                         0xf3 (size before relaxing)
 *fill*         0x00000000400873cf        0x1 
 .text.prvCopyItemNoSplit
                0x00000000400873d0       0xbc /home/andy/circuits/liger/code/i2c/build/freertos/libfreertos.a(ringbuf.o)
 .text.prvReceiveGenericFromISR
                0x000000004008748c       0xd9 /home/andy/circuits/liger/code/i2c/build/freertos/libfreertos.a(ringbuf.o)
                                         0xe5 (size before relaxing)
 *fill*         0x0000000040087565        0x3 
 .text.xRingbufferCreate
                0x0000000040087568      0x131 /home/andy/circuits/liger/code/i2c/build/freertos/libfreertos.a(ringbuf.o)
                                        0x140 (size before relaxing)
                0x0000000040087568                xRingbufferCreate
 *fill*         0x0000000040087699        0x3 
 .text.xRingbufferSendFromISR
                0x000000004008769c       0xb6 /home/andy/circuits/liger/code/i2c/build/freertos/libfreertos.a(ringbuf.o)
                                         0xc6 (size before relaxing)
                0x000000004008769c                xRingbufferSendFromISR
 *fill*         0x0000000040087752        0x2 
 .text.xRingbufferReceiveUpToFromISR
                0x0000000040087754       0x61 /home/andy/circuits/liger/code/i2c/build/freertos/libfreertos.a(ringbuf.o)
                                         0x65 (size before relaxing)
                0x0000000040087754                xRingbufferReceiveUpToFromISR
 *fill*         0x00000000400877b5        0x3 
 .text.vRingbufferReturnItemFromISR
                0x00000000400877b8       0x56 /home/andy/circuits/liger/code/i2c/build/freertos/libfreertos.a(ringbuf.o)
                                         0x62 (size before relaxing)
                0x00000000400877b8                vRingbufferReturnItemFromISR
 *fill*         0x000000004008780e        0x2 
 .text.vRingbufferDelete
                0x0000000040087810       0x43 /home/andy/circuits/liger/code/i2c/build/freertos/libfreertos.a(ringbuf.o)
                                         0x46 (size before relaxing)
                0x0000000040087810                vRingbufferDelete
 *fill*         0x0000000040087853        0x0 
 *fill*         0x0000000040087853        0x0 
 *fill*         0x0000000040087853        0x1 
 .text.prvIsQueueEmpty
                0x0000000040087854       0x12 /home/andy/circuits/liger/code/i2c/build/freertos/libfreertos.a(queue.o)
 *fill*         0x0000000040087866        0x0 
 *fill*         0x0000000040087866        0x0 
 *fill*         0x0000000040087866        0x0 
 *fill*         0x0000000040087866        0x0 
 *fill*         0x0000000040087866        0x0 
 *fill*         0x0000000040087866        0x0 
 *fill*         0x0000000040087866        0x0 
 *fill*         0x0000000040087866        0x0 
 *fill*         0x0000000040087866        0x0 
 *fill*         0x0000000040087866        0x0 
 *fill*         0x0000000040087866        0x0 
 *fill*         0x0000000040087866        0x0 
 *fill*         0x0000000040087866        0x0 
 *fill*         0x0000000040087866        0x0 
 *fill*         0x0000000040087866        0x0 
 *fill*         0x0000000040087866        0x2 
 .text.vListInitialise
                0x0000000040087868       0x15 /home/andy/circuits/liger/code/i2c/build/freertos/libfreertos.a(list.o)
                0x0000000040087868                vListInitialise
 *fill*         0x000000004008787d        0x3 
 .text.vListInitialiseItem
                0x0000000040087880        0x9 /home/andy/circuits/liger/code/i2c/build/freertos/libfreertos.a(list.o)
                0x0000000040087880                vListInitialiseItem
 *fill*         0x0000000040087889        0x3 
 .text.vListInsertEnd