Archive member included to satisfy reference by file (symbol)

/home/andy/circuits/liger/code/test/build/cxx/libcxx.a(cxx_guards.o)
                              (__cxa_guard_dummy)
/home/andy/circuits/liger/code/test/build/cxx/libcxx.a(cxx_exception_stubs.o)
                              (__cxx_fatal_exception)
/home/andy/circuits/liger/code/test/build/esp32/libesp32.a(cpu_start.o)
                              (call_start_cpu0)
/home/andy/circuits/liger/code/test/build/esp32/libesp32.a(clk.o)
                              /home/andy/circuits/liger/code/test/build/esp32/libesp32.a(cpu_start.o) (esp_clk_init)
/home/andy/circuits/liger/code/test/build/esp32/libesp32.a(panic.o)
                              /home/andy/circuits/liger/code/test/build/cxx/libcxx.a(cxx_guards.o) (abort)
/home/andy/circuits/liger/code/test/build/esp32/libesp32.a(crosscore_int.o)
                              /home/andy/circuits/liger/code/test/build/esp32/libesp32.a(cpu_start.o) (esp_crosscore_int_init)
/home/andy/circuits/liger/code/test/build/esp32/libesp32.a(cache_err_int.o)
                              /home/andy/circuits/liger/code/test/build/esp32/libesp32.a(cpu_start.o) (esp_cache_err_int_init)
/home/andy/circuits/liger/code/test/build/esp32/libesp32.a(ipc.o)
                              /home/andy/circuits/liger/code/test/build/esp32/libesp32.a(cpu_start.o) (esp_ipc_init)
/home/andy/circuits/liger/code/test/build/esp32/libesp32.a(intr_alloc.o)
                              /home/andy/circuits/liger/code/test/build/esp32/libesp32.a(crosscore_int.o) (esp_intr_alloc)
/home/andy/circuits/liger/code/test/build/esp32/libesp32.a(esp_err_to_name.o)
                              /home/andy/circuits/liger/code/test/build/esp32/libesp32.a(panic.o) (esp_err_to_name)
/home/andy/circuits/liger/code/test/build/esp32/libesp32.a(esp_timer.o)
                              /home/andy/circuits/liger/code/test/build/esp32/libesp32.a(cpu_start.o) (esp_timer_init)
/home/andy/circuits/liger/code/test/build/esp32/libesp32.a(dport_access.o)
                              /home/andy/circuits/liger/code/test/build/esp32/libesp32.a(cpu_start.o) (esp_dport_access_stall_other_cpu_start)
/home/andy/circuits/liger/code/test/build/esp32/libesp32.a(brownout.o)
                              /home/andy/circuits/liger/code/test/build/esp32/libesp32.a(cpu_start.o) (esp_brownout_init)
/home/andy/circuits/liger/code/test/build/esp32/libesp32.a(int_wdt.o)
                              /home/andy/circuits/liger/code/test/build/esp32/libesp32.a(cpu_start.o) (esp_int_wdt_init)
/home/andy/circuits/liger/code/test/build/esp32/libesp32.a(dport_panic_highint_hdl.o)
                              (ld_include_panic_highint_hdl)
/home/andy/circuits/liger/code/test/build/esp32/libesp32.a(system_api.o)
                              /home/andy/circuits/liger/code/test/build/esp32/libesp32.a(panic.o) (esp_restart_noos)
/home/andy/circuits/liger/code/test/build/esp32/libesp32.a(task_wdt.o)
                              /home/andy/circuits/liger/code/test/build/esp32/libesp32.a(cpu_start.o) (esp_task_wdt_init)
/home/andy/circuits/liger/code/test/build/esp32/libesp32.a(dbg_stubs.o)
                              /home/andy/circuits/liger/code/test/build/esp32/libesp32.a(cpu_start.o) (esp_dbg_stubs_init)
/home/andy/circuits/liger/code/test/build/esp32/libesp32.a(esp_timer_esp32.o)
                              /home/andy/circuits/liger/code/test/build/esp32/libesp32.a(esp_timer.o) (esp_timer_impl_get_time)
/home/andy/circuits/liger/code/test/build/esp32/libesp32.a(freertos_hooks.o)
                              /home/andy/circuits/liger/code/test/build/esp32/libesp32.a(task_wdt.o) (esp_register_freertos_idle_hook_for_cpu)
/usr/local/src/esp/esp-idf/components/esp32/libhal.a(int_asm--set_intclear.o)
                              /home/andy/circuits/liger/code/test/build/esp32/libesp32.a(intr_alloc.o) (xthal_set_intclear)
/home/andy/circuits/liger/code/test/build/freertos/libfreertos.a(xtensa_intr.o)
                              /home/andy/circuits/liger/code/test/build/esp32/libesp32.a(intr_alloc.o) (xt_unhandled_interrupt)
/home/andy/circuits/liger/code/test/build/freertos/libfreertos.a(queue.o)
                              /home/andy/circuits/liger/code/test/build/esp32/libesp32.a(ipc.o) (xQueueGenericCreate)
/home/andy/circuits/liger/code/test/build/freertos/libfreertos.a(list.o)
                              /home/andy/circuits/liger/code/test/build/freertos/libfreertos.a(queue.o) (vListInitialise)
/home/andy/circuits/liger/code/test/build/freertos/libfreertos.a(port.o)
                              /home/andy/circuits/liger/code/test/build/esp32/libesp32.a(cpu_start.o) (port_xSchedulerRunning)
/home/andy/circuits/liger/code/test/build/freertos/libfreertos.a(tasks.o)
                              /home/andy/circuits/liger/code/test/build/esp32/libesp32.a(system_api.o) (vTaskSuspendAll)
/home/andy/circuits/liger/code/test/build/freertos/libfreertos.a(timers.o)
[...]
Memory Configuration

Name             Origin             Length             Attributes
iram0_0_seg      0x0000000040080000 0x0000000000020000 xr
iram0_2_seg      0x00000000400d0018 0x000000000032ffe8 xr
dram0_0_seg      0x000000003ffb0000 0x000000000002c200 rw
drom0_0_seg      0x000000003f400018 0x00000000003fffe8 r
rtc_iram_seg     0x00000000400c0000 0x0000000000002000 xrw
rtc_slow_seg     0x0000000050000000 0x0000000000001000 rw
*default*        0x0000000000000000 0xffffffffffffffff

Linker script and memory map

START GROUP
LOAD /home/andy/circuits/liger/code/test/build/app_trace/libapp_trace.a
LOAD /home/andy/circuits/liger/code/test/build/app_update/libapp_update.a
LOAD /home/andy/circuits/liger/code/test/build/asio/libasio.a
LOAD /home/andy/circuits/liger/code/test/build/bootloader_support/libbootloader_support.a
LOAD /home/andy/circuits/liger/code/test/build/bt/libbt.a
LOAD /home/andy/circuits/liger/code/test/build/coap/libcoap.a
LOAD /home/andy/circuits/liger/code/test/build/console/libconsole.a
LOAD /home/andy/circuits/liger/code/test/build/cxx/libcxx.a
LOAD /home/andy/circuits/liger/code/test/build/driver/libdriver.a
LOAD /home/andy/circuits/liger/code/test/build/esp-tls/libesp-tls.a
LOAD /home/andy/circuits/liger/code/test/build/esp32/libesp32.a
LOAD /usr/local/src/esp/esp-idf/components/esp32/libhal.a
LOAD /usr/local/src/esp/esp-idf/components/esp32/lib/libcore.a
LOAD /usr/local/src/esp/esp-idf/components/esp32/lib/librtc.a
LOAD /usr/local/src/esp/esp-idf/components/esp32/lib/libnet80211.a
LOAD /usr/local/src/esp/esp-idf/components/esp32/lib/libpp.a
LOAD /usr/local/src/esp/esp-idf/components/esp32/lib/libwpa.a
LOAD /usr/local/src/esp/esp-idf/components/esp32/lib/libsmartconfig.a
LOAD /usr/local/src/esp/esp-idf/components/esp32/lib/libcoexist.a
LOAD /usr/local/src/esp/esp-idf/components/esp32/lib/libwps.a
LOAD /usr/local/src/esp/esp-idf/components/esp32/lib/libwpa2.a
LOAD /usr/local/src/esp/esp-idf/components/esp32/lib/libespnow.a
LOAD /usr/local/src/esp/esp-idf/components/esp32/lib/libphy.a
LOAD /usr/local/src/esp/esp-idf/components/esp32/lib/libmesh.a
LOAD /home/andy/circuits/liger/code/test/build/esp_adc_cal/libesp_adc_cal.a
LOAD /home/andy/circuits/liger/code/test/build/esp_http_client/libesp_http_client.a
LOAD /home/andy/circuits/liger/code/test/build/esp_https_ota/libesp_https_ota.a
LOAD /home/andy/circuits/liger/code/test/build/ethernet/libethernet.a
LOAD /home/andy/circuits/liger/code/test/build/expat/libexpat.a
LOAD /home/andy/circuits/liger/code/test/build/fatfs/libfatfs.a
LOAD /home/andy/circuits/liger/code/test/build/freertos/libfreertos.a
LOAD /home/andy/circuits/liger/code/test/build/heap/libheap.a
LOAD /home/andy/circuits/liger/code/test/build/http_server/libhttp_server.a
LOAD /home/andy/circuits/liger/code/test/build/idf_test/libidf_test.a
LOAD /home/andy/circuits/liger/code/test/build/jsmn/libjsmn.a
LOAD /home/andy/circuits/liger/code/test/build/json/libjson.a
LOAD /home/andy/circuits/liger/code/test/build/libsodium/liblibsodium.a
LOAD /home/andy/circuits/liger/code/test/build/log/liblog.a
LOAD /home/andy/circuits/liger/code/test/build/lwip/liblwip.a
LOAD /home/andy/circuits/liger/code/test/build/main/libmain.a
LOAD /home/andy/circuits/liger/code/test/build/mbedtls/libmbedtls.a
LOAD /home/andy/circuits/liger/code/test/build/mdns/libmdns.a
LOAD /home/andy/circuits/liger/code/test/build/micro-ecc/libmicro-ecc.a
LOAD /usr/local/src/esp/esp-idf/components/newlib/lib/libc.a
LOAD /usr/local/src/esp/esp-idf/components/newlib/lib/libm.a
LOAD /home/andy/circuits/liger/code/test/build/newlib/libnewlib.a
LOAD /home/andy/circuits/liger/code/test/build/nghttp/libnghttp.a
LOAD /home/andy/circuits/liger/code/test/build/nvs_flash/libnvs_flash.a
LOAD /home/andy/circuits/liger/code/test/build/openssl/libopenssl.a
LOAD /home/andy/circuits/liger/code/test/build/pthread/libpthread.a
LOAD /home/andy/circuits/liger/code/test/build/sdmmc/libsdmmc.a
LOAD /home/andy/circuits/liger/code/test/build/smartconfig_ack/libsmartconfig_ack.a
LOAD /home/andy/circuits/liger/code/test/build/soc/libsoc.a
LOAD /home/andy/circuits/liger/code/test/build/spi_flash/libspi_flash.a
LOAD /home/andy/circuits/liger/code/test/build/spiffs/libspiffs.a
LOAD /home/andy/circuits/liger/code/test/build/tcpip_adapter/libtcpip_adapter.a
LOAD /home/andy/circuits/liger/code/test/build/ulp/libulp.a
LOAD /home/andy/circuits/liger/code/test/build/vfs/libvfs.a
LOAD /home/andy/circuits/liger/code/test/build/wear_levelling/libwear_levelling.a
LOAD /home/andy/circuits/liger/code/test/build/wpa_supplicant/libwpa_supplicant.a
LOAD /home/andy/circuits/liger/code/test/build/xtensa-debug-module/libxtensa-debug-module.a
LOAD /usr/local/src/esp/xtensa-esp32-elf/bin/../lib/gcc/xtensa-esp32-elf/5.2.0/libgcc.a
LOAD /usr/local/src/esp/xtensa-esp32-elf/bin/../lib/gcc/xtensa-esp32-elf/5.2.0/../../../../xtensa-esp32-elf/lib/libstdc++.a
LOAD /usr/local/src/esp/xtensa-esp32-elf/bin/../lib/gcc/xtensa-esp32-elf/5.2.0/libgcov.a
END GROUP
                0x0000000040000000                _heap_end = 0x40000000

.rtc.text       0x00000000400c0000        0x0
                0x00000000400c0000                . = ALIGN (0x4)
 *(.rtc.literal .rtc.text)
 *rtc_wake_stub*.o(.literal .text .literal.* .text.*)

.rtc.data       0x0000000050000000        0x0
                0x0000000050000000                _rtc_data_start = ABSOLUTE (.)
 *(.rtc.data)
 *(.rtc.rodata)
 *rtc_wake_stub*.o(.data .rodata .data.* .rodata.* .bss .bss.*)
                0x0000000050000000                _rtc_data_end = ABSOLUTE (.)

.rtc.bss        0x0000000050000000        0x0
                0x0000000050000000                _rtc_bss_start = ABSOLUTE (.)
 *rtc_wake_stub*.o(.bss .bss.*)
 *rtc_wake_stub*.o(COMMON)
                0x0000000050000000                _rtc_bss_end = ABSOLUTE (.)

.rtc_noinit     0x0000000050000000        0x0
                0x0000000050000000                . = ALIGN (0x4)
                0x0000000050000000                _rtc_noinit_start = ABSOLUTE (.)
 *(.rtc_noinit .rtc_noinit.*)
                0x0000000050000000                . = ALIGN (0x4)
                0x0000000050000000                _rtc_noinit_end = ABSOLUTE (.)

.iram0.vectors  0x0000000040080000      0x400
                0x0000000040080000                _iram_start = ABSOLUTE (.)
                0x0000000040080000                _init_start = ABSOLUTE (.)
                0x0000000000000000                . = 0x0
 *(.WindowVectors.text)
 .WindowVectors.text
                0x0000000040080000      0x16a /home/andy/circuits/liger/code/test/build/freertos/libfreertos.a(xtensa_vectors.o)
                0x0000000040080000                _WindowOverflow4
                0x0000000040080040                _WindowUnderflow4
                0x0000000040080050                _xt_alloca_exc
                0x0000000040080080                _WindowOverflow8
                0x00000000400800c0                _WindowUnderflow8
                0x0000000040080100                _WindowOverflow12
                0x0000000040080140                _WindowUnderflow12
                0x0000000000000180                . = 0x180
 *fill*         0x000000004008016a       0x16 
 *(.Level2InterruptVector.text)
 .Level2InterruptVector.text
                0x0000000040080180        0x6 /home/andy/circuits/liger/code/test/build/freertos/libfreertos.a(xtensa_vectors.o)
                0x0000000040080180                _Level2Vector
                0x00000000000001c0                . = 0x1c0
 *fill*         0x0000000040080186       0x3a 
 *(.Level3InterruptVector.text)
 .Level3InterruptVector.text
                0x00000000400801c0        0x6 /home/andy/circuits/liger/code/test/build/freertos/libfreertos.a(xtensa_vectors.o)
                0x00000000400801c0                _Level3Vector
                0x0000000000000200                . = 0x200
 *fill*         0x00000000400801c6       0x3a 
 *(.Level4InterruptVector.text)
 .Level4InterruptVector.text
                0x0000000040080200        0x6 /home/andy/circuits/liger/code/test/build/freertos/libfreertos.a(xtensa_vectors.o)
                0x0000000040080200                _Level4Vector
                0x0000000000000240                . = 0x240
 *fill*         0x0000000040080206       0x3a 
 *(.Level5InterruptVector.text)
 .Level5InterruptVector.text
                0x0000000040080240        0x6 /home/andy/circuits/liger/code/test/build/freertos/libfreertos.a(xtensa_vectors.o)
                0x0000000040080240                _Level5Vector
                0x0000000000000280                . = 0x280
 *fill*         0x0000000040080246       0x3a 
 *(.DebugExceptionVector.text)
 .DebugExceptionVector.text
                0x0000000040080280        0x6 /home/andy/circuits/liger/code/test/build/freertos/libfreertos.a(xtensa_vectors.o)
                0x0000000040080280                _DebugExceptionVector
                0x00000000000002c0                . = 0x2c0
 *fill*         0x0000000040080286       0x3a 
 *(.NMIExceptionVector.text)
 .NMIExceptionVector.text
                0x00000000400802c0        0x6 /home/andy/circuits/liger/code/test/build/freertos/libfreertos.a(xtensa_vectors.o)
                0x00000000400802c0                _NMIExceptionVector
                0x0000000000000300                . = 0x300
 *fill*         0x00000000400802c6       0x3a 
 *(.KernelExceptionVector.text)
 .KernelExceptionVector.text
                0x0000000040080300        0x6 /home/andy/circuits/liger/code/test/build/freertos/libfreertos.a(xtensa_vectors.o)
                0x0000000040080300                _KernelExceptionVector
                0x0000000000000340                . = 0x340
 *fill*         0x0000000040080306       0x3a 
 *(.UserExceptionVector.text)
 .UserExceptionVector.text
                0x0000000040080340        0x6 /home/andy/circuits/liger/code/test/build/freertos/libfreertos.a(xtensa_vectors.o)
                0x0000000040080340                _UserExceptionVector
                0x00000000000003c0                . = 0x3c0
 *fill*         0x0000000040080346       0x7a 
 *(.DoubleExceptionVector.text)
 .DoubleExceptionVector.text
                0x00000000400803c0        0xf /home/andy/circuits/liger/code/test/build/freertos/libfreertos.a(xtensa_vectors.o)
                0x00000000400803c0                _DoubleExceptionVector
                0x0000000000000400                . = 0x400
 *fill*         0x00000000400803cf       0x31 
 *(.*Vector.literal)
 *(.UserEnter.literal)
 *(.UserEnter.text)
                0x0000000040080400                . = ALIGN (0x10)
 *(.entry.text)
 *(.init.literal)
 *(.init)
                0x0000000040080400                _init_end = ABSOLUTE (.)

.iram0.text     0x0000000040080400     0x88a4
                0x0000000040080400                _iram_text_start = ABSOLUTE (.)
 *(.iram1 .iram1.*)
 .iram1.literal
                0x0000000040080400       0xa8 /home/andy/circuits/liger/code/test/build/esp32/libesp32.a(cpu_start.o)
                                        0x1c4 (size before relaxing)
 .iram1.literal
                0x00000000400804a8        0xc /home/andy/circuits/liger/code/test/build/esp32/libesp32.a(clk.o)
                                         0x18 (size before relaxing)
 .iram1.literal
                0x00000000400804b4       0x1c /home/andy/circuits/liger/code/test/build/esp32/libesp32.a(crosscore_int.o)
                                         0x40 (size before relaxing)
 .iram1.literal
                0x00000000400804d0        0xc /home/andy/circuits/liger/code/test/build/esp32/libesp32.a(cache_err_int.o)
                                         0x18 (size before relaxing)
 .iram1.literal
                0x00000000400804dc       0x20 /home/andy/circuits/liger/code/test/build/esp32/libesp32.a(ipc.o)
                                         0x34 (size before relaxing)
 .iram1.literal
                0x00000000400804fc       0x20 /home/andy/circuits/liger/code/test/build/esp32/libesp32.a(intr_alloc.o)
                                         0x7c (size before relaxing)
 .iram1.literal
                0x000000004008051c       0x28 /home/andy/circuits/liger/code/test/build/esp32/libesp32.a(esp_timer.o)
                                         0x60 (size before relaxing)
 .iram1.literal
                0x0000000040080544       0x38 /home/andy/circuits/liger/code/test/build/esp32/libesp32.a(dport_access.o)
                                         0x88 (size before relaxing)
 .iram1.literal
                0x000000004008057c        0xc /home/andy/circuits/liger/code/test/build/esp32/libesp32.a(int_wdt.o)
 .iram1.literal
                0x0000000040080588       0x10 /home/andy/circuits/liger/code/test/build/esp32/libesp32.a(dport_panic_highint_hdl.o)
                                         0x28 (size before relaxing)
 .iram1.literal
                0x0000000040080598       0x60 /home/andy/circuits/liger/code/test/build/esp32/libesp32.a(system_api.o)
                                         0xc0 (size before relaxing)
 .iram1.literal
                0x00000000400805f8       0x60 /home/andy/circuits/liger/code/test/build/esp32/libesp32.a(esp_timer_esp32.o)
                                         0xf8 (size before relaxing)
 .iram1.literal
                0x0000000040080658        0x4 /home/andy/circuits/liger/code/test/build/esp32/libesp32.a(freertos_hooks.o)
 .iram1.literal
                0x000000004008065c        0x4 /home/andy/circuits/liger/code/test/build/freertos/libfreertos.a(port.o)
 .iram1.literal
                0x0000000040080660       0x44 /home/andy/circuits/liger/code/test/build/freertos/libfreertos.a(xtensa_vectors.o)
                                         0x68 (size before relaxing)
 .iram1.literal
                0x00000000400806a4       0x58 /home/andy/circuits/liger/code/test/build/heap/libheap.a(heap_caps.o)
                                         0xb0 (size before relaxing)
 .iram1.literal
                0x00000000400806fc       0x24 /home/andy/circuits/liger/code/test/build/log/liblog.a(log.o)
                                         0x48 (size before relaxing)
 .iram1.literal
                0x0000000040080720        0x4 /home/andy/circuits/liger/code/test/build/newlib/libnewlib.a(time.o)
                                         0x1c (size before relaxing)
 .iram1.literal
                0x0000000040080724        0x4 /home/andy/circuits/liger/code/test/build/newlib/libnewlib.a(syscalls.o)
                                         0x14 (size before relaxing)
 .iram1.literal
                0x0000000040080728        0x8 /home/andy/circuits/liger/code/test/build/newlib/libnewlib.a(reent_init.o)
                                         0x10 (size before relaxing)
 .iram1.literal
                0x0000000040080730       0x14 /home/andy/circuits/liger/code/test/build/newlib/libnewlib.a(locks.o)
                                         0x90 (size before relaxing)
 .iram1.literal
                0x0000000040080744       0x1c /home/andy/circuits/liger/code/test/build/soc/libsoc.a(cpu_util.o)
                                         0x30 (size before relaxing)
 .iram1.literal
                0x0000000040080760       0x50 /home/andy/circuits/liger/code/test/build/spi_flash/libspi_flash.a(cache_utils.o)
                                        0x120 (size before relaxing)
 .iram1.literal
                0x00000000400807b0       0x38 /home/andy/circuits/liger/code/test/build/spi_flash/libspi_flash.a(flash_ops.o)
                                         0xe4 (size before relaxing)
 .iram1.literal
                0x00000000400807e8       0x4c /home/andy/circuits/liger/code/test/build/spi_flash/libspi_flash.a(flash_mmap.o)
                                        0x11c (size before relaxing)
 .literal.xt_unhandled_interrupt
                0x0000000040080834        0x4 /home/andy/circuits/liger/code/test/build/freertos/libfreertos.a(xtensa_intr.o)
                                          0x8 (size before relaxing)
 .literal.xt_set_interrupt_handler
                0x0000000040080838        0x8 /home/andy/circuits/liger/code/test/build/freertos/libfreertos.a(xtensa_intr.o)
                                          0xc (size before relaxing)
 .literal.prvIsQueueFull
                0x0000000040080840        0x0 /home/andy/circuits/liger/code/test/build/freertos/libfreertos.a(queue.o)
                                          0x8 (size before relaxing)
 .literal.prvCopyDataToQueue
                0x0000000040080840        0x0 /home/andy/circuits/liger/code/test/build/freertos/libfreertos.a(queue.o)
                                          0xc (size before relaxing)
 .literal.prvNotifyQueueSetContainer
                0x0000000040080840       0x14 /home/andy/circuits/liger/code/test/build/freertos/libfreertos.a(queue.o)
                                         0x34 (size before relaxing)
 .literal.prvCopyDataFromQueue
                0x0000000040080854        0x0 /home/andy/circuits/liger/code/test/build/freertos/libfreertos.a(queue.o)
                                          0x4 (size before relaxing)
 .literal.xQueueGenericReset
                0x0000000040080854        0x4 /home/andy/circuits/liger/code/test/build/freertos/libfreertos.a(queue.o)
                                         0x30 (size before relaxing)
 .literal.prvInitialiseNewQueue
                0x0000000040080858        0x0 /home/andy/circuits/liger/code/test/build/freertos/libfreertos.a(queue.o)
                                          0x4 (size before relaxing)
 .literal.xQueueGenericCreate
                0x0000000040080858        0x4 /home/andy/circuits/liger/code/test/build/freertos/libfreertos.a(queue.o)
                                         0x1c (size before relaxing)
 .literal.xQueueGetMutexHolder
                0x000000004008085c        0x0 /home/andy/circuits/liger/code/test/build/freertos/libfreertos.a(queue.o)
                                          0x8 (size before relaxing)
 .literal.xQueueCreateCountingSemaphore
                0x000000004008085c        0x4 /home/andy/circuits/liger/code/test/build/freertos/libfreertos.a(queue.o)
                                         0x28 (size before relaxing)
 .literal.xQueueGenericSend
                0x0000000040080860        0x4 /home/andy/circuits/liger/code/test/build/freertos/libfreertos.a(queue.o)
                                         0x7c (size before relaxing)
 .literal.prvInitialiseMutex
                0x0000000040080864        0x0 /home/andy/circuits/liger/code/test/build/freertos/libfreertos.a(queue.o)
                                          0x8 (size before relaxing)
 .literal.xQueueCreateMutex
                0x0000000040080864        0x0 /home/andy/circuits/liger/code/test/build/freertos/libfreertos.a(queue.o)
                                          0x8 (size before relaxing)
 .literal.xQueueGiveMutexRecursive
                0x0000000040080864        0x4 /home/andy/circuits/liger/code/test/build/freertos/libfreertos.a(queue.o)
                                         0x1c (size before relaxing)
 .literal.xQueueGenericSendFromISR
                0x0000000040080868        0x4 /home/andy/circuits/liger/code/test/build/freertos/libfreertos.a(queue.o)
                                         0x3c (size before relaxing)
 .literal.xQueueGiveFromISR
                0x000000004008086c        0x4 /home/andy/circuits/liger/code/test/build/freertos/libfreertos.a(queue.o)
                                         0x30 (size before relaxing)
 .literal.xQueueGenericReceive
                0x0000000040080870        0x4 /home/andy/circuits/liger/code/test/build/freertos/libfreertos.a(queue.o)
                                         0x78 (size before relaxing)
 .literal.xQueueTakeMutexRecursive
                0x0000000040080874        0x4 /home/andy/circuits/liger/code/test/build/freertos/libfreertos.a(queue.o)
                                         0x1c (size before relaxing)
 .literal.xQueueReceiveFromISR
                0x0000000040080878        0x4 /home/andy/circuits/liger/code/test/build/freertos/libfreertos.a(queue.o)
                                         0x30 (size before relaxing)
 .literal.vQueueDelete
                0x000000004008087c        0x4 /home/andy/circuits/liger/code/test/build/freertos/libfreertos.a(queue.o)
                                         0x18 (size before relaxing)
 .literal.vQueueWaitForMessageRestricted
                0x0000000040080880        0x0 /home/andy/circuits/liger/code/test/build/freertos/libfreertos.a(queue.o)
                                          0xc (size before relaxing)
 .literal.pxPortInitialiseStack
                0x0000000040080880       0x10 /home/andy/circuits/liger/code/test/build/freertos/libfreertos.a(port.o)
                                         0x18 (size before relaxing)
 .literal.xPortStartScheduler
                0x0000000040080890        0x0 /home/andy/circuits/liger/code/test/build/freertos/libfreertos.a(port.o)
                                         0x14 (size before relaxing)
 .literal.xPortSysTickHandler
                0x0000000040080890        0x0 /home/andy/circuits/liger/code/test/build/freertos/libfreertos.a(port.o)
                                          0x8 (size before relaxing)
 .literal.vPortYieldOtherCore
                0x0000000040080890        0x0 /home/andy/circuits/liger/code/test/build/freertos/libfreertos.a(port.o)
                                          0x4 (size before relaxing)
 .literal.vPortReleaseTaskMPUSettings
                0x0000000040080890        0x0 /home/andy/circuits/liger/code/test/build/freertos/libfreertos.a(port.o)
                                          0x4 (size before relaxing)
 .literal.xPortInIsrContext
                0x0000000040080890        0x0 /home/andy/circuits/liger/code/test/build/freertos/libfreertos.a(port.o)
                                          0x8 (size before relaxing)
 .literal.vPortCPUInitializeMutex
                0x0000000040080890        0x4 /home/andy/circuits/liger/code/test/build/freertos/libfreertos.a(port.o)
 .literal.vPortCPUAcquireMutex
                0x0000000040080894       0x1c /home/andy/circuits/liger/code/test/build/freertos/libfreertos.a(port.o)
                                         0x30 (size before relaxing)
 .literal.vPortCPUReleaseMutex
                0x00000000400808b0        0xc /home/andy/circuits/liger/code/test/build/freertos/libfreertos.a(port.o)
                                         0x20 (size before relaxing)
 .literal.prvResetNextTaskUnblockTime
                0x00000000400808bc        0x8 /home/andy/circuits/liger/code/test/build/freertos/libfreertos.a(tasks.o)
 .literal.prvDeleteTLS
                0x00000000400808c4       0x10 /home/andy/circuits/liger/code/test/build/freertos/libfreertos.a(tasks.o)
                                         0x18 (size before relaxing)
 .literal.prvInitialiseNewTask
                0x00000000400808d4        0x0 /home/andy/circuits/liger/code/test/build/freertos/libfreertos.a(tasks.o)
                                         0x18 (size before relaxing)
 .literal.prvInitialiseTaskLists
                0x00000000400808d4       0x20 /home/andy/circuits/liger/code/test/build/freertos/libfreertos.a(tasks.o)
                                         0x40 (size before relaxing)
 .literal.prvDeleteTCB
                0x00000000400808f4        0x8 /home/andy/circuits/liger/code/test/build/freertos/libfreertos.a(tasks.o)
                                         0x2c (size before relaxing)
 .literal.prvAddCurrentTaskToDelayedList
                0x00000000400808fc        0x4 /home/andy/circuits/liger/code/test/build/freertos/libfreertos.a(tasks.o)
                                         0x1c (size before relaxing)
 .literal.taskYIELD_OTHER_CORE
                0x0000000040080900        0x0 /home/andy/circuits/liger/code/test/build/freertos/libfreertos.a(tasks.o)
                                         0x10 (size before relaxing)
 .literal.vTaskSuspendAll
                0x0000000040080900        0x4 /home/andy/circuits/liger/code/test/build/freertos/libfreertos.a(tasks.o)
                                          0x8 (size before relaxing)
 .literal.xTaskGetIdleTaskHandleForCPU
                0x0000000040080904        0xc /home/andy/circuits/liger/code/test/build/freertos/libfreertos.a(tasks.o)
                                         0x1c (size before relaxing)
 .literal.vTaskSwitchContext
                0x0000000040080910       0x18 /home/andy/circuits/liger/code/test/build/freertos/libfreertos.a(tasks.o)
                                         0x3c (size before relaxing)
 .literal.vTaskSetTimeOutState
                0x0000000040080928        0xc /home/andy/circuits/liger/code/test/build/freertos/libfreertos.a(tasks.o)
                                         0x20 (size before relaxing)
 .literal.xTaskGetCurrentTaskHandle
                0x0000000040080934        0x0 /home/andy/circuits/liger/code/test/build/freertos/libfreertos.a(tasks.o)
                                          0x8 (size before relaxing)
 .literal.__getreent
                0x0000000040080934        0x0 /home/andy/circuits/liger/code/test/build/freertos/libfreertos.a(tasks.o)
                                          0x8 (size before relaxing)
 .literal.pcTaskGetTaskName
                0x0000000040080934        0x8 /home/andy/circuits/liger/code/test/build/freertos/libfreertos.a(tasks.o)
                                         0x1c (size before relaxing)
 .literal.xTaskGetAffinity
                0x000000004008093c        0x0 /home/andy/circuits/liger/code/test/build/freertos/libfreertos.a(tasks.o)
                                          0x4 (size before relaxing)
 .literal.xTaskGetCurrentTaskHandleForCPU
                0x000000004008093c        0x0 /home/andy/circuits/liger/code/test/build/freertos/libfreertos.a(tasks.o)
                                          0x4 (size before relaxing)
 .literal.xTaskGetSchedulerState
                0x000000004008093c        0x4 /home/andy/circuits/liger/code/test/build/freertos/libfreertos.a(tasks.o)
                                          0xc (size before relaxing)
 .literal.vTaskEnterCritical
                0x0000000040080940       0x14 /home/andy/circuits/liger/code/test/build/freertos/libfreertos.a(tasks.o)
                                         0x34 (size before relaxing)
 .literal.vTaskExitCritical
                0x0000000040080954        0xc /home/andy/circuits/liger/code/test/build/freertos/libfreertos.a(tasks.o)
                                         0x28 (size before relaxing)
 .literal.prvAddNewTaskToReadyList
                0x0000000040080960       0x10 /home/andy/circuits/liger/code/test/build/freertos/libfreertos.a(tasks.o)
                                         0x58 (size before relaxing)
 .literal.xTaskCreatePinnedToCore
                0x0000000040080970        0x0 /home/andy/circuits/liger/code/test/build/freertos/libfreertos.a(tasks.o)
                                         0x18 (size before relaxing)
 .literal.vTaskStartScheduler
                0x0000000040080970       0x10 /home/andy/circuits/liger/code/test/build/freertos/libfreertos.a(tasks.o)
                                         0x38 (size before relaxing)
 .literal.vTaskDelete
                0x0000000040080980        0x8 /home/andy/circuits/liger/code/test/build/freertos/libfreertos.a(tasks.o)
                                         0x60 (size before relaxing)
 .literal.vTaskDelay
                0x0000000040080988        0x4 /home/andy/circuits/liger/code/test/build/freertos/libfreertos.a(tasks.o)
                                         0x38 (size before relaxing)
 .literal.uxTaskPriorityGet
                0x000000004008098c        0x0 /home/andy/circuits/liger/code/test/build/freertos/libfreertos.a(tasks.o)
                                         0x10 (size before relaxing)
 .literal.vTaskPrioritySet
                0x000000004008098c        0x4 /home/andy/circuits/liger/code/test/build/freertos/libfreertos.a(tasks.o)
                                         0x44 (size before relaxing)
 .literal.prvCheckTasksWaitingTermination
                0x0000000040080990        0x8 /home/andy/circuits/liger/code/test/build/freertos/libfreertos.a(tasks.o)
                                         0x30 (size before relaxing)
 .literal.prvIdleTask
                0x0000000040080998        0x0 /home/andy/circuits/liger/code/test/build/freertos/libfreertos.a(tasks.o)
                                          0xc (size before relaxing)
 .literal.xTaskGetTickCount
                0x0000000040080998        0x4 /home/andy/circuits/liger/code/test/build/freertos/libfreertos.a(tasks.o)
                                         0x10 (size before relaxing)
 .literal.xTaskIncrementTick
                0x000000004008099c        0xc /home/andy/circuits/liger/code/test/build/freertos/libfreertos.a(tasks.o)
                                         0x78 (size before relaxing)
 .literal.xTaskResumeAll
                0x00000000400809a8        0x8 /home/andy/circuits/liger/code/test/build/freertos/libfreertos.a(tasks.o)
                                         0x5c (size before relaxing)
 .literal.vTaskPlaceOnEventList
                0x00000000400809b0        0x8 /home/andy/circuits/liger/code/test/build/freertos/libfreertos.a(tasks.o)
                                         0x40 (size before relaxing)
 .literal.vTaskPlaceOnEventListRestricted
                0x00000000400809b8        0x8 /home/andy/circuits/liger/code/test/build/freertos/libfreertos.a(tasks.o)
                                         0x38 (size before relaxing)
 .literal.xTaskRemoveFromEventList
                0x00000000400809c0        0x8 /home/andy/circuits/liger/code/test/build/freertos/libfreertos.a(tasks.o)
                                         0x58 (size before relaxing)
 .literal.xTaskCheckForTimeOut
                0x00000000400809c8        0xc /home/andy/circuits/liger/code/test/build/freertos/libfreertos.a(tasks.o)
                                         0x3c (size before relaxing)
 .literal.vTaskPriorityInherit
                0x00000000400809d4        0x0 /home/andy/circuits/liger/code/test/build/freertos/libfreertos.a(tasks.o)
                                         0x2c (size before relaxing)
 .literal.xTaskPriorityDisinherit
                0x00000000400809d4        0x8 /home/andy/circuits/liger/code/test/build/freertos/libfreertos.a(tasks.o)
                                         0x40 (size before relaxing)
 .literal.pvTaskIncrementMutexHeldCount
                0x00000000400809dc        0x0 /home/andy/circuits/liger/code/test/build/freertos/libfreertos.a(tasks.o)
                                         0x10 (size before relaxing)
 .literal.prvGetNextExpireTime
                0x00000000400809dc        0x4 /home/andy/circuits/liger/code/test/build/freertos/libfreertos.a(timers.o)
 .literal.prvInsertTimerInActiveList
                0x00000000400809e0        0x4 /home/andy/circuits/liger/code/test/build/freertos/libfreertos.a(timers.o)
                                         0x10 (size before relaxing)
 .literal.prvCheckForValidListAndQueue
                0x00000000400809e4       0x1c /home/andy/circuits/liger/code/test/build/freertos/libfreertos.a(timers.o)
                                         0x44 (size before relaxing)
 .literal.xTimerCreateTimerTask
                0x0000000040080a00        0xc /home/andy/circuits/liger/code/test/build/freertos/libfreertos.a(timers.o)
                                         0x2c (size before relaxing)
 .literal.xTimerGenericCommand
                0x0000000040080a0c        0x0 /home/andy/circuits/liger/code/test/build/freertos/libfreertos.a(timers.o)
                                         0x14 (size before relaxing)
 .literal.prvSwitchTimerLists
                0x0000000040080a0c        0x4 /home/andy/circuits/liger/code/test/build/freertos/libfreertos.a(timers.o)
                                         0x28 (size before relaxing)
 .literal.prvSampleTimeNow
                0x0000000040080a10        0x4 /home/andy/circuits/liger/code/test/build/freertos/libfreertos.a(timers.o)
                                          0xc (size before relaxing)
 .literal.prvProcessExpiredTimer
                0x0000000040080a14        0x4 /home/andy/circuits/liger/code/test/build/freertos/libfreertos.a(timers.o)
                                         0x24 (size before relaxing)
 .literal.prvProcessTimerOrBlockTask
                0x0000000040080a18        0x0 /home/andy/circuits/liger/code/test/build/freertos/libfreertos.a(timers.o)
                                         0x24 (size before relaxing)
 .literal.prvProcessReceivedCommands
                0x0000000040080a18        0x8 /home/andy/circuits/liger/code/test/build/freertos/libfreertos.a(timers.o)
                                         0x40 (size before relaxing)
 .literal.prvTimerTask
                0x0000000040080a20        0x0 /home/andy/circuits/liger/code/test/build/freertos/libfreertos.a(timers.o)
                                          0xc (size before relaxing)
 .literal       0x0000000040080a20        0x0 /home/andy/circuits/liger/code/test/build/freertos/libfreertos.a(xtensa_context.o)
                                         0x10 (size before relaxing)
 .literal       0x0000000040080a20       0x10 /home/andy/circuits/liger/code/test/build/freertos/libfreertos.a(portasm.o)
                                         0x54 (size before relaxing)
 .literal._xt_tick_divisor_init
                0x0000000040080a30        0x4 /home/andy/circuits/liger/code/test/build/freertos/libfreertos.a(xtensa_init.o)
                                          0xc (size before relaxing)
 .literal.get_prev_free_block
                0x0000000040080a34       0x10 /home/andy/circuits/liger/code/test/build/heap/libheap.a(multi_heap.o)
                                         0x28 (size before relaxing)
 .literal.split_if_necessary
                0x0000000040080a44       0x10 /home/andy/circuits/liger/code/test/build/heap/libheap.a(multi_heap.o)
                                         0x50 (size before relaxing)
 .literal.assert_valid_block
                0x0000000040080a54        0x0 /home/andy/circuits/liger/code/test/build/heap/libheap.a(multi_heap.o)
                                         0x2c (size before relaxing)
 .literal.merge_adjacent
                0x0000000040080a54        0x8 /home/andy/circuits/liger/code/test/build/heap/libheap.a(multi_heap.o)
                                         0x4c (size before relaxing)
 .literal.multi_heap_get_allocated_size_impl
                0x0000000040080a5c        0x0 /home/andy/circuits/liger/code/test/build/heap/libheap.a(multi_heap.o)
                                         0x10 (size before relaxing)
 .literal.multi_heap_malloc_impl
                0x0000000040080a5c        0x0 /home/andy/circuits/liger/code/test/build/heap/libheap.a(multi_heap.o)
                                         0x28 (size before relaxing)
 .literal.multi_heap_free_impl
                0x0000000040080a5c        0x0 /home/andy/circuits/liger/code/test/build/heap/libheap.a(multi_heap.o)
                                         0x50 (size before relaxing)
 .literal.multi_heap_realloc_impl
                0x0000000040080a5c        0x8 /home/andy/circuits/liger/code/test/build/heap/libheap.a(multi_heap.o)
                                         0x68 (size before relaxing)
 .literal.panicPutChar
                0x0000000040080a64        0x8 /home/andy/circuits/liger/code/test/build/esp32/libesp32.a(panic.o)
 .literal.panicPutStr
                0x0000000040080a6c        0x0 /home/andy/circuits/liger/code/test/build/esp32/libesp32.a(panic.o)
                                          0x4 (size before relaxing)
 .literal.panicPutHex
                0x0000000040080a6c        0x0 /home/andy/circuits/liger/code/test/build/esp32/libesp32.a(panic.o)
                                          0x8 (size before relaxing)
 .literal.panicPutDec
                0x0000000040080a6c        0x4 /home/andy/circuits/liger/code/test/build/esp32/libesp32.a(panic.o)
                                         0x10 (size before relaxing)
 .literal.reconfigureAllWdts
                0x0000000040080a70       0x10 /home/andy/circuits/liger/code/test/build/esp32/libesp32.a(panic.o)
                                         0x24 (size before relaxing)
 .literal.putEntry
                0x0000000040080a80       0x10 /home/andy/circuits/liger/code/test/build/esp32/libesp32.a(panic.o)
                                         0x20 (size before relaxing)
 .literal.doBacktrace
                0x0000000040080a90       0x10 /home/andy/circuits/liger/code/test/build/esp32/libesp32.a(panic.o)
                                         0x24 (size before relaxing)
 .literal.invoke_abort
                0x0000000040080aa0        0x4 /home/andy/circuits/liger/code/test/build/esp32/libesp32.a(panic.o)
                                          0x8 (size before relaxing)
 .literal.haltOtherCore
                0x0000000040080aa4        0x0 /home/andy/circuits/liger/code/test/build/esp32/libesp32.a(panic.o)
                                          0x4 (size before relaxing)
 .literal.esp_panic_wdt_start
                0x0000000040080aa4       0x14 /home/andy/circuits/liger/code/test/build/esp32/libesp32.a(panic.o)
                                         0x2c (size before relaxing)
 .literal.commonErrorHandler_dump
                0x0000000040080ab8       0x30 /home/andy/circuits/liger/code/test/build/esp32/libesp32.a(panic.o)
                                         0x90 (size before relaxing)
 .literal.esp_panic_dig_reset
                0x0000000040080ae8        0x0 /home/andy/circuits/liger/code/test/build/esp32/libesp32.a(panic.o)
                                         0x14 (size before relaxing)
 .literal.abort
                0x0000000040080ae8        0x8 /home/andy/circuits/liger/code/test/build/esp32/libesp32.a(panic.o)
                                         0x10 (size before relaxing)
 .literal.vApplicationStackOverflowHook
                0x0000000040080af0        0x8 /home/andy/circuits/liger/code/test/build/esp32/libesp32.a(panic.o)
                                         0x18 (size before relaxing)
 .literal.esp_panic_wdt_stop
                0x0000000040080af8        0x0 /home/andy/circuits/liger/code/test/build/esp32/libesp32.a(panic.o)
                                         0x18 (size before relaxing)
 .literal.commonErrorHandler
                0x0000000040080af8        0x4 /home/andy/circuits/liger/code/test/build/esp32/libesp32.a(panic.o)
                                         0x28 (size before relaxing)
 .literal.panicHandler
                0x0000000040080afc       0x34 /home/andy/circuits/liger/code/test/build/esp32/libesp32.a(panic.o)
                                         0xa4 (size before relaxing)
 .literal.xt_unhandled_exception
                0x0000000040080b30       0x18 /home/andy/circuits/liger/code/test/build/esp32/libesp32.a(panic.o)
                                         0x60 (size before relaxing)
 .literal._esp_error_check_failed
                0x0000000040080b48       0x14 /home/andy/circuits/liger/code/test/build/esp32/libesp32.a(panic.o)
                                         0x30 (size before relaxing)
 .literal.rtc_clk_cal_internal
                0x0000000040080b5c       0x3c /home/andy/circuits/liger/code/test/build/soc/libsoc.a(rtc_time.o)
                                         0x64 (size before relaxing)
 .literal.rtc_clk_cal
                0x0000000040080b98        0x0 /home/andy/circuits/liger/code/test/build/soc/libsoc.a(rtc_time.o)
                                          0xc (size before relaxing)
 .literal.rtc_time_get
                0x0000000040080b98       0x10 /home/andy/circuits/liger/code/test/build/soc/libsoc.a(rtc_time.o)
                                         0x18 (size before relaxing)
 .literal.rtc_clk_wait_for_slow_cycle
                0x0000000040080ba8        0x8 /home/andy/circuits/liger/code/test/build/soc/libsoc.a(rtc_time.o)
                                         0x20 (size before relaxing)
 .literal.rtc_init
                0x0000000040080bb0       0x90 /home/andy/circuits/liger/code/test/build/soc/libsoc.a(rtc_init.o)
                                         0xdc (size before relaxing)
 .literal.rtc_clk_32k_enable_internal
                0x0000000040080c40       0x14 /home/andy/circuits/liger/code/test/build/soc/libsoc.a(rtc_clk.o)
 .literal.rtc_clk_32k_enable
                0x0000000040080c54        0x0 /home/andy/circuits/liger/code/test/build/soc/libsoc.a(rtc_clk.o)
                                          0xc (size before relaxing)
 .literal.rtc_clk_32k_bootstrap
                0x0000000040080c54        0xc /home/andy/circuits/liger/code/test/build/soc/libsoc.a(rtc_clk.o)
                                         0x34 (size before relaxing)
 .literal.rtc_clk_slow_freq_set
                0x0000000040080c60        0x0 /home/andy/circuits/liger/code/test/build/soc/libsoc.a(rtc_clk.o)
                                          0xc (size before relaxing)
 .literal.rtc_clk_slow_freq_get
                0x0000000040080c60        0x0 /home/andy/circuits/liger/code/test/build/soc/libsoc.a(rtc_clk.o)
                                          0x4 (size before relaxing)
 .literal.rtc_clk_slow_freq_get_hz
                0x0000000040080c60        0x0 /home/andy/circuits/liger/code/test/build/soc/libsoc.a(rtc_clk.o)
                                         0x10 (size before relaxing)
 .literal.rtc_clk_fast_freq_set
                0x0000000040080c60        0x0 /home/andy/circuits/liger/code/test/build/soc/libsoc.a(rtc_clk.o)
                                          0xc (size before relaxing)
 .literal.rtc_clk_bbpll_set
                0x0000000040080c60        0x8 /home/andy/circuits/liger/code/test/build/soc/libsoc.a(rtc_clk.o)
                                         0x38 (size before relaxing)
 .literal.rtc_clk_xtal_freq_get
                0x0000000040080c68        0xc /home/andy/circuits/liger/code/test/build/soc/libsoc.a(rtc_clk.o)
                                         0x1c (size before relaxing)
 .literal.rtc_clk_cpu_freq_get
                0x0000000040080c74       0x14 /home/andy/circuits/liger/code/test/build/soc/libsoc.a(rtc_clk.o)
                                         0x2c (size before relaxing)
 .literal.rtc_clk_cpu_freq_value
                0x0000000040080c88       0x1c /home/andy/circuits/liger/code/test/build/soc/libsoc.a(rtc_clk.o)
                                         0x2c (size before relaxing)
 .literal.rtc_clk_apb_freq_update
                0x0000000040080ca4        0x4 /home/andy/circuits/liger/code/test/build/soc/libsoc.a(rtc_clk.o)
                                          0x8 (size before relaxing)
 .literal.rtc_clk_cpu_freq_set
                0x0000000040080ca8       0x14 /home/andy/circuits/liger/code/test/build/soc/libsoc.a(rtc_clk.o)
                                         0x88 (size before relaxing)
 .literal.rtc_clk_apb_freq_get
                0x0000000040080cbc        0x8 /home/andy/circuits/liger/code/test/build/soc/libsoc.a(rtc_clk.o)
                                         0x14 (size before relaxing)
 .literal       0x0000000040080cc4        0x0 /usr/local/src/esp/esp-idf/components/esp32/libhal.a(windowspill_asm.o)
                                          0x4 (size before relaxing)
 .literal.esp_rom_spiflash_read_status
                0x0000000040080cc4       0x10 /home/andy/circuits/liger/code/test/build/spi_flash/libspi_flash.a(spi_flash_rom_patch.o)
                                         0x14 (size before relaxing)
 .literal.esp_rom_spiflash_wait_idle
                0x0000000040080cd4        0x8 /home/andy/circuits/liger/code/test/build/spi_flash/libspi_flash.a(spi_flash_rom_patch.o)
                                          0xc (size before relaxing)
 .literal.esp_rom_spiflash_erase_block_internal
                0x0000000040080cdc        0x4 /home/andy/circuits/liger/code/test/build/spi_flash/libspi_flash.a(spi_flash_rom_patch.o)
                                         0x18 (size before relaxing)
 .literal.esp_rom_spiflash_erase_sector_internal
                0x0000000040080ce0        0x0 /home/andy/circuits/liger/code/test/build/spi_flash/libspi_flash.a(spi_flash_rom_patch.o)
                                         0x18 (size before relaxing)
 .literal.esp_rom_spiflash_read_data
                0x0000000040080ce0       0x18 /home/andy/circuits/liger/code/test/build/spi_flash/libspi_flash.a(spi_flash_rom_patch.o)
                                         0x34 (size before relaxing)
 .literal.esp_rom_spiflash_enable_write
                0x0000000040080cf8        0x0 /home/andy/circuits/liger/code/test/build/spi_flash/libspi_flash.a(spi_flash_rom_patch.o)
                                         0x10 (size before relaxing)
 .literal.esp_rom_spiflash_program_page_internal
                0x0000000040080cf8       0x10 /home/andy/circuits/liger/code/test/build/spi_flash/libspi_flash.a(spi_flash_rom_patch.o)
                                         0x40 (size before relaxing)
 .literal.esp_rom_spiflash_read_statushigh
                0x0000000040080d08        0x4 /home/andy/circuits/liger/code/test/build/spi_flash/libspi_flash.a(spi_flash_rom_patch.o)
                                          0xc (size before relaxing)
 .literal.esp_rom_spiflash_write_status
                0x0000000040080d0c        0x4 /home/andy/circuits/liger/code/test/build/spi_flash/libspi_flash.a(spi_flash_rom_patch.o)
                                         0x14 (size before relaxing)
 .literal.esp_rom_spiflash_unlock
                0x0000000040080d10        0x8 /home/andy/circuits/liger/code/test/build/spi_flash/libspi_flash.a(spi_flash_rom_patch.o)
                                         0x28 (size before relaxing)
 .literal.esp_rom_spiflash_erase_block
                0x0000000040080d18        0xc /home/andy/circuits/liger/code/test/build/spi_flash/libspi_flash.a(spi_flash_rom_patch.o)
                                         0x20 (size before relaxing)
 .literal.esp_rom_spiflash_erase_sector
                0x0000000040080d24        0x0 /home/andy/circuits/liger/code/test/build/spi_flash/libspi_flash.a(spi_flash_rom_patch.o)
                                         0x20 (size before relaxing)
 .literal.esp_rom_spiflash_write
                0x0000000040080d24        0x0 /home/andy/circuits/liger/code/test/build/spi_flash/libspi_flash.a(spi_flash_rom_patch.o)
                                         0x28 (size before relaxing)
 .literal.esp_rom_spiflash_write_encrypted
                0x0000000040080d24        0xc /home/andy/circuits/liger/code/test/build/spi_flash/libspi_flash.a(spi_flash_rom_patch.o)
                                         0x10 (size before relaxing)
 .literal.esp_rom_spiflash_read
                0x0000000040080d30       0x30 /home/andy/circuits/liger/code/test/build/spi_flash/libspi_flash.a(spi_flash_rom_patch.o)
                                         0x5c (size before relaxing)
 .literal       0x0000000040080d60       0x10 /usr/local/src/esp/esp-idf/components/newlib/lib/libm.a(lib_a-s_fpclassify.o)
                                         0x18 (size before relaxing)
 .iram1         0x0000000040080d70      0x27e /home/andy/circuits/liger/code/test/build/esp32/libesp32.a(cpu_start.o)
                                        0x336 (size before relaxing)
                0x0000000040080d70                start_cpu0
                0x0000000040080d70                start_cpu0_default
                0x0000000040080e40                start_cpu1_default
                0x0000000040080e40                start_cpu1
                0x0000000040080ebc                call_start_cpu0
 *fill*         0x0000000040080fee        0x2 
 .iram1         0x0000000040080ff0       0x37 /home/andy/circuits/liger/code/test/build/esp32/libesp32.a(clk.o)
                0x0000000040080ff0                esp_clk_cpu_freq
                0x0000000040081000                esp_clk_apb_freq
                0x0000000040081018                ets_update_cpu_frequency
 *fill*         0x0000000040081027        0x1 
 .iram1         0x0000000040081028       0xb0 /home/andy/circuits/liger/code/test/build/esp32/libesp32.a(crosscore_int.o)
                                         0xc0 (size before relaxing)
                0x00000000400810c0                esp_crosscore_int_send_yield
                0x00000000400810cc                esp_crosscore_int_send_freq_switch
 .iram1         0x00000000400810d8       0x2c /home/andy/circuits/liger/code/test/build/esp32/libesp32.a(cache_err_int.o)
                                         0x34 (size before relaxing)
                0x00000000400810d8                esp_cache_err_get_cpuid
 .iram1         0x0000000040081104       0x7f /home/andy/circuits/liger/code/test/build/esp32/libesp32.a(ipc.o)
                                         0x8b (size before relaxing)
 *fill*         0x0000000040081183        0x1 
 .iram1         0x0000000040081184      0x2b6 /home/andy/circuits/liger/code/test/build/esp32/libesp32.a(intr_alloc.o)
                                        0x2ce (size before relaxing)
                0x00000000400811c0                esp_intr_set_in_iram
                0x0000000040081248                esp_intr_enable
                0x00000000400812d0                esp_intr_disable
                0x0000000040081398                esp_intr_noniram_disable
                0x00000000400813e4                esp_intr_noniram_enable
                0x0000000040081424                ets_isr_unmask
                0x0000000040081430                ets_isr_mask
 *fill*         0x000000004008143a        0x2 
 .iram1         0x000000004008143c      0x205 /home/andy/circuits/liger/code/test/build/esp32/libesp32.a(esp_timer.o)
                                        0x219 (size before relaxing)
                0x0000000040081558                esp_timer_stop
                0x000000004008157c                esp_timer_get_next_alarm
                0x000000004008159c                esp_timer_get_time
                0x00000000400815ac                esp_timer_start_once
                0x00000000400815f0                esp_timer_start_periodic
 *fill*         0x0000000040081641        0x3 
 .iram1         0x0000000040081644      0x1e3 /home/andy/circuits/liger/code/test/build/esp32/libesp32.a(dport_access.o)
                                        0x1ef (size before relaxing)
                0x0000000040081644                esp_dport_access_stall_other_cpu_start
                0x00000000400816f4                esp_dport_access_stall_other_cpu_end
                0x0000000040081770                esp_dport_access_stall_other_cpu_start_wrap
                0x0000000040081778                esp_dport_access_stall_other_cpu_end_wrap
                0x0000000040081780                esp_dport_access_int_pause
                0x00000000400817a4                esp_dport_access_int_abort
                0x00000000400817b8                esp_dport_access_int_resume
                0x00000000400817dc                esp_dport_access_reg_read
                0x00000000400817f4                esp_dport_access_sequence_reg_read
                0x0000000040081800                esp_dport_access_read_buffer
 *fill*         0x0000000040081827        0x1 
 .iram1         0x0000000040081828       0x53 /home/andy/circuits/liger/code/test/build/esp32/libesp32.a(int_wdt.o)
 *fill*         0x000000004008187b        0x1 
 .iram1         0x000000004008187c       0xda /home/andy/circuits/liger/code/test/build/esp32/libesp32.a(dport_panic_highint_hdl.o)
                0x000000004008187c                xt_highint4
                0x0000000040081956                ld_include_panic_highint_hdl
 *fill*         0x0000000040081956        0x2 
 .iram1         0x0000000040081958      0x1e1 /home/andy/circuits/liger/code/test/build/esp32/libesp32.a(system_api.o)
                                        0x21c (size before relaxing)
                0x00000000400819d0                esp_restart_noos
                0x0000000040081b18                esp_restart
                0x0000000040081b18                system_restart
 *fill*         0x0000000040081b39        0x3 
 .iram1         0x0000000040081b3c      0x4af /home/andy/circuits/liger/code/test/build/esp32/libesp32.a(esp_timer_esp32.o)
                                        0x4bb (size before relaxing)
                0x0000000040081c60                esp_timer_impl_get_time
                0x0000000040081dd0                esp_timer_impl_set_alarm
                0x0000000040081f18                esp_timer_impl_update_apb_freq
                0x0000000040081fe0                esp_timer_impl_get_min_period_us
 *fill*         0x0000000040081feb        0x1 
 .iram1         0x0000000040081fec       0x27 /home/andy/circuits/liger/code/test/build/esp32/libesp32.a(freertos_hooks.o)
                0x0000000040081fec                esp_vApplicationTickHook
 *fill*         0x0000000040082013        0x1 
 .iram1         0x0000000040082014       0x1a /home/andy/circuits/liger/code/test/build/freertos/libfreertos.a(port.o)
                0x0000000040082014                xPortInterruptedFromISRContext
 *fill*         0x000000004008202e        0x2 
 .iram1         0x0000000040082030      0x4b4 /home/andy/circuits/liger/code/test/build/freertos/libfreertos.a(xtensa_vectors.o)
                0x0000000040082030                _xt_panic
                0x0000000040082148                _xt_user_exit
                0x0000000040082434                _xt_medint2_exit
                0x00000000400824d0                _xt_medint3_exit
 .iram1         0x00000000400824e4      0x3f1 /home/andy/circuits/liger/code/test/build/heap/libheap.a(heap_caps.o)
                                        0x40d (size before relaxing)
                0x0000000040082574                heap_caps_malloc
                0x0000000040082614                heap_caps_malloc_default
                0x0000000040082658                heap_caps_malloc_prefer
                0x00000000400826b0                heap_caps_free
                0x00000000400826e8                heap_caps_realloc
                0x0000000040082794                heap_caps_realloc_default
                0x00000000400827ec                heap_caps_realloc_prefer
                0x0000000040082850                heap_caps_calloc
                0x0000000040082880                heap_caps_calloc_prefer
 *fill*         0x00000000400828d5        0x3 
 .iram1         0x00000000400828d8      0x18a /home/andy/circuits/liger/code/test/build/log/liblog.a(log.o)
                                        0x19a (size before relaxing)
                0x00000000400828d8                esp_log_write
                0x0000000040082a08                esp_log_early_timestamp
                0x0000000040082a24                esp_log_timestamp
 *fill*         0x0000000040082a62        0x2 
 .iram1         0x0000000040082a64       0x70 /home/andy/circuits/liger/code/test/build/newlib/libnewlib.a(time.o)
                                         0x74 (size before relaxing)
                0x0000000040082a64                _gettimeofday_r
                0x0000000040082aac                _times_r
 .iram1         0x0000000040082ad4       0x5a /home/andy/circuits/liger/code/test/build/newlib/libnewlib.a(syscalls.o)
                                         0x62 (size before relaxing)
                0x0000000040082ad4                _malloc_r
                0x0000000040082ae0                _free_r
                0x0000000040082aec                _realloc_r
                0x0000000040082b00                _calloc_r
 *fill*         0x0000000040082b2e        0x2 
 .iram1         0x0000000040082b30       0x3c /home/andy/circuits/liger/code/test/build/newlib/libnewlib.a(reent_init.o)
                0x0000000040082b30                esp_reent_init
 .iram1         0x0000000040082b6c      0x1cc /home/andy/circuits/liger/code/test/build/newlib/libnewlib.a(locks.o)
                                        0x210 (size before relaxing)
                0x0000000040082c84                _lock_init
                0x0000000040082c94                _lock_init_recursive
                0x0000000040082ca4                _lock_close
                0x0000000040082ce0                _lock_acquire
                0x0000000040082cf0                _lock_acquire_recursive
                0x0000000040082d00                _lock_try_acquire
                0x0000000040082d10                _lock_try_acquire_recursive
                0x0000000040082d20                _lock_release
                0x0000000040082d2c                _lock_release_recursive
 .iram1         0x0000000040082d38      0x11a /home/andy/circuits/liger/code/test/build/soc/libsoc.a(cpu_util.o)
                0x0000000040082d38                esp_cpu_stall
                0x0000000040082dcc                esp_cpu_unstall
                0x0000000040082e20                esp_cpu_reset
                0x0000000040082e44                esp_cpu_in_ocd_debug_mode
 *fill*         0x0000000040082e52        0x2 
 .iram1         0x0000000040082e54      0x2f4 /home/andy/circuits/liger/code/test/build/spi_flash/libspi_flash.a(cache_utils.o)
                                        0x340 (size before relaxing)
                0x0000000040082eb8                spi_flash_op_block_func
                0x0000000040082f64                spi_flash_disable_interrupts_caches_and_other_cpu
                0x0000000040083044                spi_flash_enable_interrupts_caches_and_other_cpu
                0x00000000400830dc                spi_flash_disable_interrupts_caches_and_other_cpu_no_os
                0x0000000040083108                spi_flash_enable_interrupts_caches_no_os
                0x0000000040083124                spi_flash_cache_enabled
 .iram1         0x0000000040083148      0x722 /home/andy/circuits/liger/code/test/build/spi_flash/libspi_flash.a(flash_ops.o)
                                        0x74a (size before relaxing)
                0x00000000400831b8                spi_flash_guard_set
                0x00000000400831c4                spi_flash_guard_get
                0x00000000400831d0                spi_flash_get_chip_size
                0x00000000400831dc                spi_flash_erase_range
                0x0000000040083294                spi_flash_erase_sector
                0x00000000400832b8                spi_flash_write
                0x0000000040083480                spi_flash_read
                0x0000000040083718                spi_flash_read_encrypted
                0x0000000040083760                spi_flash_write_encrypted
 *fill*         0x000000004008386a        0x2 
 .iram1         0x000000004008386c      0x4ce /home/andy/circuits/liger/code/test/build/spi_flash/libspi_flash.a(flash_mmap.o)
                                        0x502 (size before relaxing)
                0x0000000040083998                spi_flash_mmap_pages
                0x0000000040083bd8                spi_flash_mmap
                0x0000000040083c4c                spi_flash_munmap
                0x0000000040083cf0                spi_flash_mark_modified_region
 *fill*         0x0000000040083d3a        0x0 
 *fill*         0x0000000040083d3a        0x0 
 *fill*         0x0000000040083d3a        0x0 
 *fill*         0x0000000040083d3a        0x0 
 *fill*         0x0000000040083d3a        0x0 
 *fill*         0x0000000040083d3a        0x0 
 *fill*         0x0000000040083d3a        0x0 
 *fill*         0x0000000040083d3a        0x2 
 .iram1         0x0000000040083d3c       0x20 /home/andy/circuits/liger/code/test/build/esp32/libesp32.a(dbg_stubs.o)
 *fill*         0x0000000040083d5c        0x0 
 *fill*         0x0000000040083d5c        0x0 
 *fill*         0x0000000040083d5c        0x0 
 .iram1         0x0000000040083d5c       0x2e /home/andy/circuits/liger/code/test/build/freertos/libfreertos.a(xtensa_vector_defaults.o)
                0x0000000040083d5c                xt_debugexception
                0x0000000040083d7c                xt_highint5
                0x0000000040083d84                _xt_nmi
                0x0000000040083d84                xt_nmi
 *fill*         0x0000000040083d8a        0x0 
 *fill*         0x0000000040083d8a        0x0 
 *fill*         0x0000000040083d8a        0x0 
 *fill*         0x0000000040083d8a        0x0 
 *fill*         0x0000000040083d8a        0x0 
 *fill*         0x0000000040083d8a        0x0 
 *libfreertos.a:(.literal .text .literal.* .text.*)
 *fill*         0x0000000040083d8a        0x2 
 .text.xt_unhandled_interrupt
                0x0000000040083d8c       0x16 /home/andy/circuits/liger/code/test/build/freertos/libfreertos.a(xtensa_intr.o)
                0x0000000040083d8c                xt_unhandled_interrupt
 *fill*         0x0000000040083da2        0x2 
 .text.xt_set_interrupt_handler
                0x0000000040083da4       0x46 /home/andy/circuits/liger/code/test/build/freertos/libfreertos.a(xtensa_intr.o)
                0x0000000040083da4                xt_set_interrupt_handler
 *fill*         0x0000000040083dea        0x2 
 .text.prvIsQueueFull
                0x0000000040083dec       0x2a /home/andy/circuits/liger/code/test/build/freertos/libfreertos.a(queue.o)
 *fill*         0x0000000040083e16        0x2 
 .text.prvCopyDataToQueue
                0x0000000040083e18       0x9e /home/andy/circuits/liger/code/test/build/freertos/libfreertos.a(queue.o)
 *fill*         0x0000000040083eb6        0x2 
 .text.prvNotifyQueueSetContainer
                0x0000000040083eb8       0x77 /home/andy/circuits/liger/code/test/build/freertos/libfreertos.a(queue.o)
                                         0x8a (size before relaxing)
 *fill*         0x0000000040083f2f        0x1 
 .text.prvCopyDataFromQueue
                0x0000000040083f30       0x24 /home/andy/circuits/liger/code/test/build/freertos/libfreertos.a(queue.o)
 .text.xQueueGenericReset
                0x0000000040083f54       0x86 /home/andy/circuits/liger/code/test/build/freertos/libfreertos.a(queue.o)
                                         0x96 (size before relaxing)
                0x0000000040083f54                xQueueGenericReset
 *fill*         0x0000000040083fda        0x2 
 .text.prvInitialiseNewQueue
                0x0000000040083fdc       0x1f /home/andy/circuits/liger/code/test/build/freertos/libfreertos.a(queue.o)
                                         0x23 (size before relaxing)
 *fill*         0x0000000040083ffb        0x1 
 .text.xQueueGenericCreate
                0x0000000040083ffc       0x49 /home/andy/circuits/liger/code/test/build/freertos/libfreertos.a(queue.o)
                                         0x4d (size before relaxing)
                0x0000000040083ffc                xQueueGenericCreate
 *fill*         0x0000000040084045        0x3 
 .text.xQueueGetMutexHolder
                0x0000000040084048       0x23 /home/andy/circuits/liger/code/test/build/freertos/libfreertos.a(queue.o)
                0x0000000040084048                xQueueGetMutexHolder
 *fill*         0x000000004008406b        0x1 
 .text.xQueueCreateCountingSemaphore
                0x000000004008406c       0x66 /home/andy/circuits/liger/code/test/build/freertos/libfreertos.a(queue.o)
                                         0x6a (size before relaxing)
                0x000000004008406c                xQueueCreateCountingSemaphore
 *fill*         0x00000000400840d2        0x2 
 .text.xQueueGenericSend
                0x00000000400840d4      0x158 /home/andy/circuits/liger/code/test/build/freertos/libfreertos.a(queue.o)
                                        0x18c (size before relaxing)
                0x00000000400840d4                xQueueGenericSend
 .text.prvInitialiseMutex
                0x000000004008422c       0x22 /home/andy/circuits/liger/code/test/build/freertos/libfreertos.a(queue.o)
                                         0x26 (size before relaxing)
 *fill*         0x000000004008424e        0x2 
 .text.xQueueCreateMutex
                0x0000000040084250       0x16 /home/andy/circuits/liger/code/test/build/freertos/libfreertos.a(queue.o)
                                         0x1a (size before relaxing)
                0x0000000040084250                xQueueCreateMutex
 *fill*         0x0000000040084266        0x2 
 .text.xQueueGiveMutexRecursive
                0x0000000040084268       0x48 /home/andy/circuits/liger/code/test/build/freertos/libfreertos.a(queue.o)
                                         0x4c (size before relaxing)
                0x0000000040084268                xQueueGiveMutexRecursive
 .text.xQueueGenericSendFromISR
                0x00000000400842b0       0xd6 /home/andy/circuits/liger/code/test/build/freertos/libfreertos.a(queue.o)
                                         0xe6 (size before relaxing)
                0x00000000400842b0                xQueueGenericSendFromISR
 *fill*         0x0000000040084386        0x2 
 .text.xQueueGiveFromISR
                0x0000000040084388       0xb6 /home/andy/circuits/liger/code/test/build/freertos/libfreertos.a(queue.o)
                                         0xc2 (size before relaxing)
                0x0000000040084388                xQueueGiveFromISR
 *fill*         0x000000004008443e        0x2 
 .text.xQueueGenericReceive
                0x0000000040084440      0x144 /home/andy/circuits/liger/code/test/build/freertos/libfreertos.a(queue.o)
                                        0x178 (size before relaxing)
                0x0000000040084440                xQueueGenericReceive
 .text.xQueueTakeMutexRecursive
                0x0000000040084584       0x51 /home/andy/circuits/liger/code/test/build/freertos/libfreertos.a(queue.o)
                0x0000000040084584                xQueueTakeMutexRecursive
 *fill*         0x00000000400845d5        0x3 
 .text.xQueueReceiveFromISR
                0x00000000400845d8       0x96 /home/andy/circuits/liger/code/test/build/freertos/libfreertos.a(queue.o)
                                         0xa6 (size before relaxing)
                0x00000000400845d8                xQueueReceiveFromISR
 *fill*         0x000000004008466e        0x2 
 .text.vQueueDelete
                0x0000000040084670       0x28 /home/andy/circuits/liger/code/test/build/freertos/libfreertos.a(queue.o)
                0x0000000040084670                vQueueDelete
 .text.vQueueWaitForMessageRestricted
                0x0000000040084698       0x23 /home/andy/circuits/liger/code/test/build/freertos/libfreertos.a(queue.o)
                                         0x2a (size before relaxing)
                0x0000000040084698                vQueueWaitForMessageRestricted
 *fill*         0x00000000400846bb        0x1 
 .text.pxPortInitialiseStack
                0x00000000400846bc       0x86 /home/andy/circuits/liger/code/test/build/freertos/libfreertos.a(port.o)
                0x00000000400846bc                pxPortInitialiseStack
 *fill*         0x0000000040084742        0x2 
 .text.xPortStartScheduler
                0x0000000040084744       0x22 /home/andy/circuits/liger/code/test/build/freertos/libfreertos.a(port.o)
                                         0x2e (size before relaxing)
                0x0000000040084744                xPortStartScheduler
 *fill*         0x0000000040084766        0x2 
 .text.xPortSysTickHandler
                0x0000000040084768       0x10 /home/andy/circuits/liger/code/test/build/freertos/libfreertos.a(port.o)
                                         0x16 (size before relaxing)
                0x0000000040084768                xPortSysTickHandler
 *fill*         0x0000000040084778        0x0 
 .text.vPortYieldOtherCore
                0x0000000040084778        0xa /home/andy/circuits/liger/code/test/build/freertos/libfreertos.a(port.o)
                                          0xe (size before relaxing)
                0x0000000040084778                vPortYieldOtherCore
 *fill*         0x0000000040084782        0x2 
 .text.vPortReleaseTaskMPUSettings
                0x0000000040084784        0xa /home/andy/circuits/liger/code/test/build/freertos/libfreertos.a(port.o)
                                          0xe (size before relaxing)
                0x0000000040084784                vPortReleaseTaskMPUSettings
 *fill*         0x000000004008478e        0x2 
 .text.xPortInIsrContext
                0x0000000040084790       0x26 /home/andy/circuits/liger/code/test/build/freertos/libfreertos.a(port.o)
                0x0000000040084790                xPortInIsrContext
 *fill*         0x00000000400847b6        0x2 
 .text.vPortCPUInitializeMutex
                0x00000000400847b8        0xe /home/andy/circuits/liger/code/test/build/freertos/libfreertos.a(port.o)
                0x00000000400847b8                vPortCPUInitializeMutex
 *fill*         0x00000000400847c6        0x2 
 .text.vPortCPUAcquireMutex
                0x00000000400847c8       0x81 /home/andy/circuits/liger/code/test/build/freertos/libfreertos.a(port.o)
                                         0x88 (size before relaxing)
                0x00000000400847c8                vPortCPUAcquireMutex
 *fill*         0x0000000040084849        0x3 
 .text.vPortCPUReleaseMutex
                0x000000004008484c       0x4d /home/andy/circuits/liger/code/test/build/freertos/libfreertos.a(port.o)
                                         0x50 (size before relaxing)
                0x000000004008484c                vPortCPUReleaseMutex
 *fill*         0x0000000040084899        0x3 
 .text.prvResetNextTaskUnblockTime
                0x000000004008489c       0x34 /home/andy/circuits/liger/code/test/build/freertos/libfreertos.a(tasks.o)
 .text.prvDeleteTLS
                0x00000000400848d0       0x40 /home/andy/circuits/liger/code/test/build/freertos/libfreertos.a(tasks.o)
 .text.prvInitialiseNewTask
                0x0000000040084910       0xc4 /home/andy/circuits/liger/code/test/build/freertos/libfreertos.a(tasks.o)
                                         0xd0 (size before relaxing)
 .text.prvInitialiseTaskLists
                0x00000000400849d4       0x5a /home/andy/circuits/liger/code/test/build/freertos/libfreertos.a(tasks.o)
                                         0x6e (size before relaxing)
 *fill*         0x0000000040084a2e        0x2 
 .text.prvDeleteTCB
                0x0000000040084a30       0x56 /home/andy/circuits/liger/code/test/build/freertos/libfreertos.a(tasks.o)
                                         0x5d (size before relaxing)
 *fill*         0x0000000040084a86        0x2 
 .text.prvAddCurrentTaskToDelayedList
                0x0000000040084a88       0x66 /home/andy/circuits/liger/code/test/build/freertos/libfreertos.a(tasks.o)
                                         0x6a (size before relaxing)
 *fill*         0x0000000040084aee        0x2 
 .text.taskYIELD_OTHER_CORE
                0x0000000040084af0       0x53 /home/andy/circuits/liger/code/test/build/freertos/libfreertos.a(tasks.o)
                0x0000000040084af0                taskYIELD_OTHER_CORE
 *fill*         0x0000000040084b43        0x1 
 .text.vTaskSuspendAll
                0x0000000040084b44       0x26 /home/andy/circuits/liger/code/test/build/freertos/libfreertos.a(tasks.o)
                0x0000000040084b44                vTaskSuspendAll
 *fill*         0x0000000040084b6a        0x2 
 .text.xTaskGetIdleTaskHandleForCPU
                0x0000000040084b6c       0x2a /home/andy/circuits/liger/code/test/build/freertos/libfreertos.a(tasks.o)
                                         0x2e (size before relaxing)
                0x0000000040084b6c                xTaskGetIdleTaskHandleForCPU
 *fill*         0x0000000040084b96        0x2 
 .text.vTaskSwitchContext
                0x0000000040084b98      0x27e /home/andy/circuits/liger/code/test/build/freertos/libfreertos.a(tasks.o)
                                        0x28a (size before relaxing)
                0x0000000040084b98                vTaskSwitchContext
 *fill*         0x0000000040084e16        0x2 
 .text.vTaskSetTimeOutState
                0x0000000040084e18       0x34 /home/andy/circuits/liger/code/test/build/freertos/libfreertos.a(tasks.o)
                0x0000000040084e18                vTaskSetTimeOutState
 .text.xTaskGetCurrentTaskHandle
                0x0000000040084e4c       0x1f /home/andy/circuits/liger/code/test/build/freertos/libfreertos.a(tasks.o)
                0x0000000040084e4c                xTaskGetCurrentTaskHandle
 *fill*         0x0000000040084e6b        0x1 
 .text.__getreent
                0x0000000040084e6c       0x19 /home/andy/circuits/liger/code/test/build/freertos/libfreertos.a(tasks.o)
                0x0000000040084e6c                __getreent
 *fill*         0x0000000040084e85        0x3 
 .text.pcTaskGetTaskName
                0x0000000040084e88       0x2a /home/andy/circuits/liger/code/test/build/freertos/libfreertos.a(tasks.o)
                                         0x2d (size before relaxing)
                0x0000000040084e88                pcTaskGetTaskName
 *fill*         0x0000000040084eb2        0x2 
 .text.xTaskGetAffinity
                0x0000000040084eb4       0x10 /home/andy/circuits/liger/code/test/build/freertos/libfreertos.a(tasks.o)
                                         0x13 (size before relaxing)
                0x0000000040084eb4                xTaskGetAffinity
 *fill*         0x0000000040084ec4        0x0 
 .text.xTaskGetCurrentTaskHandleForCPU
                0x0000000040084ec4       0x18 /home/andy/circuits/liger/code/test/build/freertos/libfreertos.a(tasks.o)
                0x0000000040084ec4                xTaskGetCurrentTaskHandleForCPU
 .text.xTaskGetSchedulerState
                0x0000000040084edc       0x37 /home/andy/circuits/liger/code/test/build/freertos/libfreertos.a(tasks.o)
                0x0000000040084edc                xTaskGetSchedulerState
 *fill*         0x0000000040084f13        0x1 
 .text.vTaskEnterCritical
                0x0000000040084f14       0xac /home/andy/circuits/liger/code/test/build/freertos/libfreertos.a(tasks.o)
                                         0xb3 (size before relaxing)
                0x0000000040084f14                vTaskEnterCritical
 *fill*         0x0000000040084fc0        0x0 
 .text.vTaskExitCritical
                0x0000000040084fc0       0x77 /home/andy/circuits/liger/code/test/build/freertos/libfreertos.a(tasks.o)
                0x0000000040084fc0                vTaskExitCritical
 *fill*         0x0000000040085037        0x1 
 .text.prvAddNewTaskToReadyList
                0x0000000040085038      0x160 /home/andy/circuits/liger/code/test/build/freertos/libfreertos.a(tasks.o)
                                        0x173 (size before relaxing)
 *fill*         0x0000000040085198        0x0 
 .text.xTaskCreatePinnedToCore
                0x0000000040085198       0x6e /home/andy/circuits/liger/code/test/build/freertos/libfreertos.a(tasks.o)
                                         0x76 (size before relaxing)
                0x0000000040085198                xTaskCreatePinnedToCore
 *fill*         0x0000000040085206        0x2 
 .text.vTaskStartScheduler
                0x0000000040085208       0x67 /home/andy/circuits/liger/code/test/build/freertos/libfreertos.a(tasks.o)
                                         0x72 (size before relaxing)
                0x0000000040085208                vTaskStartScheduler
 *fill*         0x000000004008526f        0x1 
 .text.vTaskDelete
                0x0000000040085270      0x10a /home/andy/circuits/liger/code/test/build/freertos/libfreertos.a(tasks.o)
                                        0x122 (size before relaxing)
                0x0000000040085270                vTaskDelete
 *fill*         0x000000004008537a        0x2 
 .text.vTaskDelay
                0x000000004008537c       0x70 /home/andy/circuits/liger/code/test/build/freertos/libfreertos.a(tasks.o)
                                         0x80 (size before relaxing)
                0x000000004008537c                vTaskDelay
 .text.uxTaskPriorityGet
                0x00000000400853ec       0x1c /home/andy/circuits/liger/code/test/build/freertos/libfreertos.a(tasks.o)
                                         0x23 (size before relaxing)
                0x00000000400853ec                uxTaskPriorityGet
 *fill*         0x0000000040085408        0x0 
 .text.vTaskPrioritySet
                0x0000000040085408      0x12d /home/andy/circuits/liger/code/test/build/freertos/libfreertos.a(tasks.o)
                                        0x143 (size before relaxing)
                0x0000000040085408                vTaskPrioritySet
 *fill*         0x0000000040085535        0x3 
 .text.prvCheckTasksWaitingTermination
                0x0000000040085538       0xbe /home/andy/circuits/liger/code/test/build/freertos/libfreertos.a(tasks.o)
                                         0xc6 (size before relaxing)
 *fill*         0x00000000400855f6        0x2 
 .text.prvIdleTask
                0x00000000400855f8        0xf /home/andy/circuits/liger/code/test/build/freertos/libfreertos.a(tasks.o)
                                         0x18 (size before relaxing)
 *fill*         0x0000000040085607        0x1 
 .text.xTaskGetTickCount
                0x0000000040085608       0x1c /home/andy/circuits/liger/code/test/build/freertos/libfreertos.a(tasks.o)
                                         0x20 (size before relaxing)
                0x0000000040085608                xTaskGetTickCount
 .text.xTaskIncrementTick
                0x0000000040085624      0x1b2 /home/andy/circuits/liger/code/test/build/freertos/libfreertos.a(tasks.o)
                                        0x1ce (size before relaxing)
                0x0000000040085624                xTaskIncrementTick
 *fill*         0x00000000400857d6        0x2 
 .text.xTaskResumeAll
                0x00000000400857d8      0x177 /home/andy/circuits/liger/code/test/build/freertos/libfreertos.a(tasks.o)
                                        0x186 (size before relaxing)
                0x00000000400857d8                xTaskResumeAll
 *fill*         0x000000004008594f        0x1 
 .text.vTaskPlaceOnEventList
                0x0000000040085950       0x83 /home/andy/circuits/liger/code/test/build/freertos/libfreertos.a(tasks.o)
                                         0x97 (size before relaxing)
                0x0000000040085950                vTaskPlaceOnEventList
 *fill*         0x00000000400859d3        0x1 
 .text.vTaskPlaceOnEventListRestricted
                0x00000000400859d4       0x5b /home/andy/circuits/liger/code/test/build/freertos/libfreertos.a(tasks.o)
                                         0x6f (size before relaxing)
                0x00000000400859d4                vTaskPlaceOnEventListRestricted
 *fill*         0x0000000040085a2f        0x1 
 .text.xTaskRemoveFromEventList
                0x0000000040085a30      0x134 /home/andy/circuits/liger/code/test/build/freertos/libfreertos.a(tasks.o)
                                        0x143 (size before relaxing)
                0x0000000040085a30                xTaskRemoveFromEventList
 *fill*         0x0000000040085b64        0x0 
 .text.xTaskCheckForTimeOut
                0x0000000040085b64       0x89 /home/andy/circuits/liger/code/test/build/freertos/libfreertos.a(tasks.o)
                                         0x94 (size before relaxing)
                0x0000000040085b64                xTaskCheckForTimeOut
 *fill*         0x0000000040085bed        0x3 
 .text.vTaskPriorityInherit
                0x0000000040085bf0       0xc4 /home/andy/circuits/liger/code/test/build/freertos/libfreertos.a(tasks.o)
                                         0xdb (size before relaxing)
                0x0000000040085bf0                vTaskPriorityInherit
 *fill*         0x0000000040085cb4        0x0 
 .text.xTaskPriorityDisinherit
                0x0000000040085cb4       0x97 /home/andy/circuits/liger/code/test/build/freertos/libfreertos.a(tasks.o)
                                         0xaa (size before relaxing)
                0x0000000040085cb4                xTaskPriorityDisinherit
 *fill*         0x0000000040085d4b        0x1 
 .text.pvTaskIncrementMutexHeldCount
                0x0000000040085d4c       0x50 /home/andy/circuits/liger/code/test/build/freertos/libfreertos.a(tasks.o)
                                         0x54 (size before relaxing)
                0x0000000040085d4c                pvTaskIncrementMutexHeldCount
 .text.prvGetNextExpireTime
                0x0000000040085d9c       0x20 /home/andy/circuits/liger/code/test/build/freertos/libfreertos.a(timers.o)
 .text.prvInsertTimerInActiveList
                0x0000000040085dbc       0x50 /home/andy/circuits/liger/code/test/build/freertos/libfreertos.a(timers.o)
                                         0x54 (size before relaxing)
 .text.prvCheckForValidListAndQueue
                0x0000000040085e0c       0x66 /home/andy/circuits/liger/code/test/build/freertos/libfreertos.a(timers.o)
                                         0x7e (size before relaxing)
 *fill*         0x0000000040085e72        0x2 
 .text.xTimerCreateTimerTask
                0x0000000040085e74       0x48 /home/andy/circuits/liger/code/test/build/freertos/libfreertos.a(timers.o)
                                         0x4c (size before relaxing)
                0x0000000040085e74                xTimerCreateTimerTask
 .text.xTimerGenericCommand
                0x0000000040085ebc       0x55 /home/andy/circuits/liger/code/test/build/freertos/libfreertos.a(timers.o)
                                         0x5d (size before relaxing)
                0x0000000040085ebc                xTimerGenericCommand
 *fill*         0x0000000040085f11        0x3 
 .text.prvSwitchTimerLists
                0x0000000040085f14       0x76 /home/andy/circuits/liger/code/test/build/freertos/libfreertos.a(timers.o)
                                         0x82 (size before relaxing)
 *fill*         0x0000000040085f8a        0x2 
 .text.prvSampleTimeNow
                0x0000000040085f8c       0x2b /home/andy/circuits/liger/code/test/build/freertos/libfreertos.a(timers.o)
                                         0x2f (size before relaxing)
 *fill*         0x0000000040085fb7        0x1 
 .text.prvProcessExpiredTimer
                0x0000000040085fb8       0x53 /home/andy/circuits/liger/code/test/build/freertos/libfreertos.a(timers.o)
                                         0x5f (size before relaxing)
 *fill*         0x000000004008600b        0x1 
 .text.prvProcessTimerOrBlockTask
                0x000000004008600c       0x58 /home/andy/circuits/liger/code/test/build/freertos/libfreertos.a(timers.o)
                                         0x6c (size before relaxing)
 .text.prvProcessReceivedCommands
                0x0000000040086064       0xd6 /home/andy/circuits/liger/code/test/build/freertos/libfreertos.a(timers.o)
                                         0xe6 (size before relaxing)
 *fill*         0x000000004008613a        0x2 
 .text.prvTimerTask
                0x000000004008613c       0x15 /home/andy/circuits/liger/code/test/build/freertos/libfreertos.a(timers.o)
                                         0x1d (size before relaxing)
 *fill*         0x0000000040086151        0x3 
 .text          0x0000000040086154      0x12b /home/andy/circuits/liger/code/test/build/freertos/libfreertos.a(xtensa_context.o)
                0x0000000040086154                _xt_context_save
                0x00000000400861bc                _xt_context_restore
                0x0000000040086200                _xt_coproc_init
                0x0000000040086214                _xt_coproc_release
                0x0000000040086240                _xt_coproc_savecs
                0x0000000040086260                _xt_coproc_restorecs
 *fill*         0x000000004008627f        0x1 
 .text          0x0000000040086280      0x1d0 /home/andy/circuits/liger/code/test/build/freertos/libfreertos.a(portasm.o)
                0x0000000040086280                _frxt_setup_switch
                0x0000000040086298                _frxt_int_enter
                0x00000000400862e0                _frxt_int_exit
                0x0000000040086330                _frxt_timer_int
                0x0000000040086358                _frxt_tick_timer_init
                0x0000000040086370                _frxt_dispatch
                0x00000000400863b8                vPortYield
                0x0000000040086404                vPortYieldFromInt
                0x0000000040086424                _frxt_task_coproc_state
 .text._xt_tick_divisor_init
                0x0000000040086450       0x1c /home/andy/circuits/liger/code/test/build/freertos/libfreertos.a(xtensa_init.o)
                                         0x1f (size before relaxing)
                0x0000000040086450                _xt_tick_divisor_init
 *fill*         0x000000004008646c        0x0 
 *fill*         0x000000004008646c        0x0 
 *fill*         0x000000004008646c        0x0 
 .text.prvIsQueueEmpty
                0x000000004008646c       0x12 /home/andy/circuits/liger/code/test/build/freertos/libfreertos.a(queue.o)
 *fill*         0x000000004008647e        0x0 
 *fill*         0x000000004008647e        0x0 
 *fill*         0x000000004008647e        0x0 
 *fill*         0x000000004008647e        0x0 
 *fill*         0x000000004008647e        0x0 
 *fill*         0x000000004008647e        0x0 
 *fill*         0x000000004008647e        0x0 
 *fill*         0x000000004008647e        0x0 
 *fill*         0x000000004008647e        0x0 
 *fill*         0x000000004008647e        0x0 
 *fill*         0x000000004008647e        0x0 
 *fill*         0x000000004008647e        0x0 
 *fill*         0x000000004008647e        0x0 
 *fill*         0x000000004008647e        0x0 
 *fill*         0x000000004008647e        0x0 
 *fill*         0x000000004008647e        0x2 
 .text.vListInitialise
                0x0000000040086480       0x15 /home/andy/circuits/liger/code/test/build/freertos/libfreertos.a(list.o)
                0x0000000040086480                vListInitialise
 *fill*         0x0000000040086495        0x3 
 .text.vListInitialiseItem
                0x0000000040086498        0x9 /home/andy/circuits/liger/code/test/build/freertos/libfreertos.a(list.o)
                0x0000000040086498                vListInitialiseItem
 *fill*         0x00000000400864a1        0x3 
 .text.vListInsertEnd
                0x00000000400864a4       0x1b /home/andy/circuits/liger/code/test/build/freertos/libfreertos.a(list.o)
                0x00000000400864a4                vListInsertEnd
 *fill*         0x00000000400864bf        0x1 
 .text.vListInsert
                0x00000000400864c0       0x2f /home/andy/circuits/liger/code/test/build/freertos/libfreertos.a(list.o)
                0x00000000400864c0                vListInsert
 *fill*         0x00000000400864ef        0x1 
 .text.uxListRemove
                0x00000000400864f0       0x26 /home/andy/circuits/liger/code/test/build/freertos/libfreertos.a(list.o)
                0x00000000400864f0                uxListRemove
 *fill*         0x0000000040086516        0x0 
 *fill*         0x0000000040086516        0x0 
 *fill*         0x0000000040086516        0x0 
 *fill*         0x0000000040086516        0x0 
 *fill*         0x0000000040086516        0x2 
 .text.vPortStoreTaskMPUSettings
                0x0000000040086518       0x13 /home/andy/circuits/liger/code/test/build/freertos/libfreertos.a(port.o)
                0x0000000040086518                vPortStoreTaskMPUSettings
 *fill*         0x000000004008652b        0x0 
 *fill*         0x000000004008652b        0x0 
 *fill*         0x000000004008652b        0x0 
 *fill*         0x000000004008652b        0x0 
 *fill*         0x000000004008652b        0x0 
 *fill*         0x000000004008652b        0x0 
 *fill*         0x000000004008652b        0x0 
 *fill*         0x000000004008652b        0x0 
 *fill*         0x000000004008652b        0x0 
 *fill*         0x000000004008652b        0x0 
 *fill*         0x000000004008652b        0x0 
 *fill*         0x000000004008652b        0x0 
 *fill*         0x000000004008652b        0x0 
 *fill*         0x000000004008652b        0x0 
 *fill*         0x000000004008652b        0x0 
 *fill*         0x000000004008652b        0x0 
 *fill*         0x000000004008652b        0x0 
 *fill*         0x000000004008652b        0x0 
 *fill*         0x000000004008652b        0x0 
 *fill*         0x000000004008652b        0x0 
 *fill*         0x000000004008652b        0x0 
 *fill*         0x000000004008652b        0x0 
 *fill*         0x000000004008652b        0x0 
 *fill*         0x000000004008652b        0x0 
 *fill*         0x000000004008652b        0x0 
 *fill*         0x000000004008652b        0x0 
 *fill*         0x000000004008652b        0x0 
 *fill*         0x000000004008652b        0x0 
 *fill*         0x000000004008652b        0x0 
 *fill*         0x000000004008652b        0x0 
 *fill*         0x000000004008652b        0x0 
 *fill*         0x000000004008652b        0x0 
 *fill*         0x000000004008652b        0x0 
 *fill*         0x000000004008652b        0x0 
 *fill*         0x000000004008652b        0x0 
 *fill*         0x000000004008652b        0x0 
 *fill*         0x000000004008652b        0x0 
 *fill*         0x000000004008652b        0x0 
 *fill*         0x000000004008652b        0x0 
 *fill*         0x000000004008652b        0x1 
 .text          0x000000004008652c       0x33 /home/andy/circuits/liger/code/test/build/freertos/libfreertos.a(xtensa_intr_asm.o)
                0x000000004008652c                xt_ints_on
                0x0000000040086544                xt_ints_off
 *fill*         0x000000004008655f        0x0 
 *libheap.a:multi_heap.o(.literal .text .literal.* .text.*)
 *fill*         0x000000004008655f        0x1 
 .text.get_prev_free_block
                0x0000000040086560       0x68 /home/andy/circuits/liger/code/test/build/heap/libheap.a(multi_heap.o)
                                         0x77 (size before relaxing)
 *fill*         0x00000000400865c8        0x0 
 .text.split_if_necessary
                0x00000000400865c8      0x138 /home/andy/circuits/liger/code/test/build/heap/libheap.a(multi_heap.o)
                                        0x148 (size before relaxing)
 .text.assert_valid_block
                0x0000000040086700       0xb0 /home/andy/circuits/liger/code/test/build/heap/libheap.a(multi_heap.o)
                                         0xb4 (size before relaxing)
 .text.merge_adjacent
                0x00000000400867b0      0x12c /home/andy/circuits/liger/code/test/build/heap/libheap.a(multi_heap.o)
                                        0x140 (size before relaxing)
 .text.multi_heap_get_allocated_size_impl
                0x00000000400868dc       0x38 /home/andy/circuits/liger/code/test/build/heap/libheap.a(multi_heap.o)
                                         0x3c (size before relaxing)
                0x00000000400868dc                multi_heap_get_allocated_size
                0x00000000400868dc                multi_heap_get_allocated_size_impl
 .text.multi_heap_malloc_impl
                0x0000000040086914      0x110 /home/andy/circuits/liger/code/test/build/heap/libheap.a(multi_heap.o)
                                        0x120 (size before relaxing)
                0x0000000040086914                multi_heap_malloc
                0x0000000040086914                multi_heap_malloc_impl
 .text.multi_heap_free_impl
                0x0000000040086a24      0x130 /home/andy/circuits/liger/code/test/build/heap/libheap.a(multi_heap.o)
                                        0x14c (size before relaxing)
                0x0000000040086a24                multi_heap_free
                0x0000000040086a24                multi_heap_free_impl
 .text.multi_heap_realloc_impl
                0x0000000040086b54      0x258 /home/andy/circuits/liger/code/test/build/heap/libheap.a(multi_heap.o)
                                        0x274 (size before relaxing)
                0x0000000040086b54                multi_heap_realloc
                0x0000000040086b54                multi_heap_realloc_impl
 *fill*         0x0000000040086dac        0x0 
 *fill*         0x0000000040086dac        0x0 
 .text.multi_heap_register_impl
                0x0000000040086dac       0x51 /home/andy/circuits/liger/code/test/build/heap/libheap.a(multi_heap.o)
                0x0000000040086dac                multi_heap_register_impl
                0x0000000040086dac                multi_heap_register
 *fill*         0x0000000040086dfd        0x3 
 .text.multi_heap_set_lock
                0x0000000040086e00        0x7 /home/andy/circuits/liger/code/test/build/heap/libheap.a(multi_heap.o)
                0x0000000040086e00                multi_heap_set_lock
 *fill*         0x0000000040086e07        0x0 
 *libheap.a:multi_heap_poisoning.o(.literal .text .literal.* .text.*)
 *libesp32.a:panic.o(.literal .text .literal.* .text.*)
 *fill*         0x0000000040086e07        0x1 
 .text.panicPutChar
                0x0000000040086e08       0x1e /home/andy/circuits/liger/code/test/build/esp32/libesp32.a(panic.o)
 *fill*         0x0000000040086e26        0x2 
 .text.panicPutStr
                0x0000000040086e28       0x1a /home/andy/circuits/liger/code/test/build/esp32/libesp32.a(panic.o)
 *fill*         0x0000000040086e42        0x2 
 .text.panicPutHex
                0x0000000040086e44       0x2c /home/andy/circuits/liger/code/test/build/esp32/libesp32.a(panic.o)
                                         0x2f (size before relaxing)
 *fill*         0x0000000040086e70        0x0 
 .text.panicPutDec
                0x0000000040086e70       0x3c /home/andy/circuits/liger/code/test/build/esp32/libesp32.a(panic.o)
                                         0x46 (size before relaxing)
 *fill*         0x0000000040086eac        0x0 
 .text.reconfigureAllWdts
                0x0000000040086eac       0xa8 /home/andy/circuits/liger/code/test/build/esp32/libesp32.a(panic.o)
 .text.putEntry
                0x0000000040086f54       0x2b /home/andy/circuits/liger/code/test/build/esp32/libesp32.a(panic.o)
                                         0x37 (size before relaxing)
 *fill*         0x0000000040086f7f        0x1 
 .text.doBacktrace