Archive member included to satisfy reference by file (symbol)

/home/andy/circuits/liger/code/touch_pad_interrupt/build/cxx/libcxx.a(cxx_guards.o)
                              (__cxa_guard_dummy)
/home/andy/circuits/liger/code/touch_pad_interrupt/build/cxx/libcxx.a(cxx_exception_stubs.o)
                              (__cxx_fatal_exception)
/home/andy/circuits/liger/code/touch_pad_interrupt/build/esp32/libesp32.a(cpu_start.o)
                              (call_start_cpu0)
/home/andy/circuits/liger/code/touch_pad_interrupt/build/esp32/libesp32.a(clk.o)
                              /home/andy/circuits/liger/code/touch_pad_interrupt/build/esp32/libesp32.a(cpu_start.o) (esp_clk_init)
/home/andy/circuits/liger/code/touch_pad_interrupt/build/esp32/libesp32.a(panic.o)
                              /home/andy/circuits/liger/code/touch_pad_interrupt/build/cxx/libcxx.a(cxx_guards.o) (abort)
/home/andy/circuits/liger/code/touch_pad_interrupt/build/esp32/libesp32.a(crosscore_int.o)
                              /home/andy/circuits/liger/code/touch_pad_interrupt/build/esp32/libesp32.a(cpu_start.o) (esp_crosscore_int_init)
/home/andy/circuits/liger/code/touch_pad_interrupt/build/esp32/libesp32.a(cache_err_int.o)
                              /home/andy/circuits/liger/code/touch_pad_interrupt/build/esp32/libesp32.a(cpu_start.o) (esp_cache_err_int_init)
/home/andy/circuits/liger/code/touch_pad_interrupt/build/esp32/libesp32.a(ipc.o)
                              /home/andy/circuits/liger/code/touch_pad_interrupt/build/esp32/libesp32.a(cpu_start.o) (esp_ipc_init)
/home/andy/circuits/liger/code/touch_pad_interrupt/build/esp32/libesp32.a(intr_alloc.o)
                              /home/andy/circuits/liger/code/touch_pad_interrupt/build/esp32/libesp32.a(crosscore_int.o) (esp_intr_alloc)
/home/andy/circuits/liger/code/touch_pad_interrupt/build/esp32/libesp32.a(esp_err_to_name.o)
                              /home/andy/circuits/liger/code/touch_pad_interrupt/build/esp32/libesp32.a(panic.o) (esp_err_to_name)
/home/andy/circuits/liger/code/touch_pad_interrupt/build/esp32/libesp32.a(esp_timer.o)
                              /home/andy/circuits/liger/code/touch_pad_interrupt/build/esp32/libesp32.a(cpu_start.o) (esp_timer_init)
/home/andy/circuits/liger/code/touch_pad_interrupt/build/esp32/libesp32.a(dport_access.o)
                              /home/andy/circuits/liger/code/touch_pad_interrupt/build/esp32/libesp32.a(cpu_start.o) (esp_dport_access_stall_other_cpu_start)
/home/andy/circuits/liger/code/touch_pad_interrupt/build/esp32/libesp32.a(brownout.o)
                              /home/andy/circuits/liger/code/touch_pad_interrupt/build/esp32/libesp32.a(cpu_start.o) (esp_brownout_init)
/home/andy/circuits/liger/code/touch_pad_interrupt/build/esp32/libesp32.a(int_wdt.o)
                              /home/andy/circuits/liger/code/touch_pad_interrupt/build/esp32/libesp32.a(cpu_start.o) (esp_int_wdt_init)
/home/andy/circuits/liger/code/touch_pad_interrupt/build/esp32/libesp32.a(dport_panic_highint_hdl.o)
                              (ld_include_panic_highint_hdl)
/home/andy/circuits/liger/code/touch_pad_interrupt/build/esp32/libesp32.a(system_api.o)
                              /home/andy/circuits/liger/code/touch_pad_interrupt/build/esp32/libesp32.a(panic.o) (esp_restart_noos)
/home/andy/circuits/liger/code/touch_pad_interrupt/build/esp32/libesp32.a(task_wdt.o)
                              /home/andy/circuits/liger/code/touch_pad_interrupt/build/esp32/libesp32.a(cpu_start.o) (esp_task_wdt_init)
/home/andy/circuits/liger/code/touch_pad_interrupt/build/esp32/libesp32.a(dbg_stubs.o)
                              /home/andy/circuits/liger/code/touch_pad_interrupt/build/esp32/libesp32.a(cpu_start.o) (esp_dbg_stubs_init)
/home/andy/circuits/liger/code/touch_pad_interrupt/build/esp32/libesp32.a(esp_timer_esp32.o)
                              /home/andy/circuits/liger/code/touch_pad_interrupt/build/esp32/libesp32.a(esp_timer.o) (esp_timer_impl_get_time)
/home/andy/circuits/liger/code/touch_pad_interrupt/build/esp32/libesp32.a(freertos_hooks.o)
                              /home/andy/circuits/liger/code/touch_pad_interrupt/build/esp32/libesp32.a(task_wdt.o) (esp_register_freertos_idle_hook_for_cpu)
/usr/local/src/esp/esp-idf/components/esp32/libhal.a(int_asm--set_intclear.o)
                              /home/andy/circuits/liger/code/touch_pad_interrupt/build/esp32/libesp32.a(intr_alloc.o) (xthal_set_intclear)
/home/andy/circuits/liger/code/touch_pad_interrupt/build/freertos/libfreertos.a(xtensa_intr.o)
                              /home/andy/circuits/liger/code/touch_pad_interrupt/build/esp32/libesp32.a(intr_alloc.o) (xt_unhandled_interrupt)
/home/andy/circuits/liger/code/touch_pad_interrupt/build/freertos/libfreertos.a(queue.o)
                              /home/andy/circuits/liger/code/touch_pad_interrupt/build/esp32/libesp32.a(ipc.o) (xQueueGenericCreate)
[...]
Memory Configuration

Name             Origin             Length             Attributes
iram0_0_seg      0x0000000040080000 0x0000000000020000 xr
iram0_2_seg      0x00000000400d0018 0x000000000032ffe8 xr
dram0_0_seg      0x000000003ffb0000 0x000000000002c200 rw
drom0_0_seg      0x000000003f400018 0x00000000003fffe8 r
rtc_iram_seg     0x00000000400c0000 0x0000000000002000 xrw
rtc_slow_seg     0x0000000050000000 0x0000000000001000 rw
*default*        0x0000000000000000 0xffffffffffffffff

Linker script and memory map

START GROUP
LOAD /home/andy/circuits/liger/code/touch_pad_interrupt/build/app_trace/libapp_trace.a
LOAD /home/andy/circuits/liger/code/touch_pad_interrupt/build/app_update/libapp_update.a
LOAD /home/andy/circuits/liger/code/touch_pad_interrupt/build/asio/libasio.a
LOAD /home/andy/circuits/liger/code/touch_pad_interrupt/build/bootloader_support/libbootloader_support.a
LOAD /home/andy/circuits/liger/code/touch_pad_interrupt/build/bt/libbt.a
LOAD /home/andy/circuits/liger/code/touch_pad_interrupt/build/coap/libcoap.a
LOAD /home/andy/circuits/liger/code/touch_pad_interrupt/build/console/libconsole.a
LOAD /home/andy/circuits/liger/code/touch_pad_interrupt/build/cxx/libcxx.a
LOAD /home/andy/circuits/liger/code/touch_pad_interrupt/build/driver/libdriver.a
LOAD /home/andy/circuits/liger/code/touch_pad_interrupt/build/esp-tls/libesp-tls.a
LOAD /home/andy/circuits/liger/code/touch_pad_interrupt/build/esp32/libesp32.a
LOAD /usr/local/src/esp/esp-idf/components/esp32/libhal.a
LOAD /usr/local/src/esp/esp-idf/components/esp32/lib/libcore.a
LOAD /usr/local/src/esp/esp-idf/components/esp32/lib/librtc.a
LOAD /usr/local/src/esp/esp-idf/components/esp32/lib/libnet80211.a
LOAD /usr/local/src/esp/esp-idf/components/esp32/lib/libpp.a
LOAD /usr/local/src/esp/esp-idf/components/esp32/lib/libwpa.a
LOAD /usr/local/src/esp/esp-idf/components/esp32/lib/libsmartconfig.a
LOAD /usr/local/src/esp/esp-idf/components/esp32/lib/libcoexist.a
LOAD /usr/local/src/esp/esp-idf/components/esp32/lib/libwps.a
LOAD /usr/local/src/esp/esp-idf/components/esp32/lib/libwpa2.a
LOAD /usr/local/src/esp/esp-idf/components/esp32/lib/libespnow.a
LOAD /usr/local/src/esp/esp-idf/components/esp32/lib/libphy.a
LOAD /usr/local/src/esp/esp-idf/components/esp32/lib/libmesh.a
LOAD /home/andy/circuits/liger/code/touch_pad_interrupt/build/esp_adc_cal/libesp_adc_cal.a
LOAD /home/andy/circuits/liger/code/touch_pad_interrupt/build/esp_http_client/libesp_http_client.a
LOAD /home/andy/circuits/liger/code/touch_pad_interrupt/build/esp_https_ota/libesp_https_ota.a
LOAD /home/andy/circuits/liger/code/touch_pad_interrupt/build/ethernet/libethernet.a
LOAD /home/andy/circuits/liger/code/touch_pad_interrupt/build/expat/libexpat.a
LOAD /home/andy/circuits/liger/code/touch_pad_interrupt/build/fatfs/libfatfs.a
LOAD /home/andy/circuits/liger/code/touch_pad_interrupt/build/freertos/libfreertos.a
LOAD /home/andy/circuits/liger/code/touch_pad_interrupt/build/heap/libheap.a
LOAD /home/andy/circuits/liger/code/touch_pad_interrupt/build/http_server/libhttp_server.a
LOAD /home/andy/circuits/liger/code/touch_pad_interrupt/build/idf_test/libidf_test.a
LOAD /home/andy/circuits/liger/code/touch_pad_interrupt/build/jsmn/libjsmn.a
LOAD /home/andy/circuits/liger/code/touch_pad_interrupt/build/json/libjson.a
LOAD /home/andy/circuits/liger/code/touch_pad_interrupt/build/libsodium/liblibsodium.a
LOAD /home/andy/circuits/liger/code/touch_pad_interrupt/build/log/liblog.a
LOAD /home/andy/circuits/liger/code/touch_pad_interrupt/build/lwip/liblwip.a
LOAD /home/andy/circuits/liger/code/touch_pad_interrupt/build/main/libmain.a
LOAD /home/andy/circuits/liger/code/touch_pad_interrupt/build/mbedtls/libmbedtls.a
LOAD /home/andy/circuits/liger/code/touch_pad_interrupt/build/mdns/libmdns.a
LOAD /home/andy/circuits/liger/code/touch_pad_interrupt/build/micro-ecc/libmicro-ecc.a
LOAD /usr/local/src/esp/esp-idf/components/newlib/lib/libc.a
LOAD /usr/local/src/esp/esp-idf/components/newlib/lib/libm.a
LOAD /home/andy/circuits/liger/code/touch_pad_interrupt/build/newlib/libnewlib.a
LOAD /home/andy/circuits/liger/code/touch_pad_interrupt/build/nghttp/libnghttp.a
LOAD /home/andy/circuits/liger/code/touch_pad_interrupt/build/nvs_flash/libnvs_flash.a
LOAD /home/andy/circuits/liger/code/touch_pad_interrupt/build/openssl/libopenssl.a
LOAD /home/andy/circuits/liger/code/touch_pad_interrupt/build/pthread/libpthread.a
LOAD /home/andy/circuits/liger/code/touch_pad_interrupt/build/sdmmc/libsdmmc.a
LOAD /home/andy/circuits/liger/code/touch_pad_interrupt/build/smartconfig_ack/libsmartconfig_ack.a
LOAD /home/andy/circuits/liger/code/touch_pad_interrupt/build/soc/libsoc.a
LOAD /home/andy/circuits/liger/code/touch_pad_interrupt/build/spi_flash/libspi_flash.a
LOAD /home/andy/circuits/liger/code/touch_pad_interrupt/build/spiffs/libspiffs.a
LOAD /home/andy/circuits/liger/code/touch_pad_interrupt/build/tcpip_adapter/libtcpip_adapter.a
LOAD /home/andy/circuits/liger/code/touch_pad_interrupt/build/ulp/libulp.a
LOAD /home/andy/circuits/liger/code/touch_pad_interrupt/build/vfs/libvfs.a
LOAD /home/andy/circuits/liger/code/touch_pad_interrupt/build/wear_levelling/libwear_levelling.a
LOAD /home/andy/circuits/liger/code/touch_pad_interrupt/build/wpa_supplicant/libwpa_supplicant.a
LOAD /home/andy/circuits/liger/code/touch_pad_interrupt/build/xtensa-debug-module/libxtensa-debug-module.a
LOAD /usr/local/src/esp/xtensa-esp32-elf/bin/../lib/gcc/xtensa-esp32-elf/5.2.0/libgcc.a
LOAD /usr/local/src/esp/xtensa-esp32-elf/bin/../lib/gcc/xtensa-esp32-elf/5.2.0/../../../../xtensa-esp32-elf/lib/libstdc++.a
LOAD /usr/local/src/esp/xtensa-esp32-elf/bin/../lib/gcc/xtensa-esp32-elf/5.2.0/libgcov.a
END GROUP
                0x0000000040000000                _heap_end = 0x40000000

.rtc.text       0x00000000400c0000        0x0
                0x00000000400c0000                . = ALIGN (0x4)
 *(.rtc.literal .rtc.text)
 *rtc_wake_stub*.o(.literal .text .literal.* .text.*)

.rtc.data       0x0000000050000000        0x0
                0x0000000050000000                _rtc_data_start = ABSOLUTE (.)
 *(.rtc.data)
 *(.rtc.rodata)
 *rtc_wake_stub*.o(.data .rodata .data.* .rodata.* .bss .bss.*)
                0x0000000050000000                _rtc_data_end = ABSOLUTE (.)

.rtc.bss        0x0000000050000000        0x0
                0x0000000050000000                _rtc_bss_start = ABSOLUTE (.)
 *rtc_wake_stub*.o(.bss .bss.*)
 *rtc_wake_stub*.o(COMMON)
                0x0000000050000000                _rtc_bss_end = ABSOLUTE (.)

.rtc_noinit     0x0000000050000000        0x0
                0x0000000050000000                . = ALIGN (0x4)
                0x0000000050000000                _rtc_noinit_start = ABSOLUTE (.)
 *(.rtc_noinit .rtc_noinit.*)
                0x0000000050000000                . = ALIGN (0x4)
                0x0000000050000000                _rtc_noinit_end = ABSOLUTE (.)

.iram0.vectors  0x0000000040080000      0x400
                0x0000000040080000                _iram_start = ABSOLUTE (.)
                0x0000000040080000                _init_start = ABSOLUTE (.)
                0x0000000000000000                . = 0x0
 *(.WindowVectors.text)
 .WindowVectors.text
                0x0000000040080000      0x16a /home/andy/circuits/liger/code/touch_pad_interrupt/build/freertos/libfreertos.a(xtensa_vectors.o)
                0x0000000040080000                _WindowOverflow4
                0x0000000040080040                _WindowUnderflow4
                0x0000000040080050                _xt_alloca_exc
                0x0000000040080080                _WindowOverflow8
                0x00000000400800c0                _WindowUnderflow8
                0x0000000040080100                _WindowOverflow12
                0x0000000040080140                _WindowUnderflow12
                0x0000000000000180                . = 0x180
 *fill*         0x000000004008016a       0x16 
 *(.Level2InterruptVector.text)
 .Level2InterruptVector.text
                0x0000000040080180        0x6 /home/andy/circuits/liger/code/touch_pad_interrupt/build/freertos/libfreertos.a(xtensa_vectors.o)
                0x0000000040080180                _Level2Vector
                0x00000000000001c0                . = 0x1c0
 *fill*         0x0000000040080186       0x3a 
 *(.Level3InterruptVector.text)
 .Level3InterruptVector.text
                0x00000000400801c0        0x6 /home/andy/circuits/liger/code/touch_pad_interrupt/build/freertos/libfreertos.a(xtensa_vectors.o)
                0x00000000400801c0                _Level3Vector
                0x0000000000000200                . = 0x200
 *fill*         0x00000000400801c6       0x3a 
 *(.Level4InterruptVector.text)
 .Level4InterruptVector.text
                0x0000000040080200        0x6 /home/andy/circuits/liger/code/touch_pad_interrupt/build/freertos/libfreertos.a(xtensa_vectors.o)
                0x0000000040080200                _Level4Vector
                0x0000000000000240                . = 0x240
 *fill*         0x0000000040080206       0x3a 
 *(.Level5InterruptVector.text)
 .Level5InterruptVector.text
                0x0000000040080240        0x6 /home/andy/circuits/liger/code/touch_pad_interrupt/build/freertos/libfreertos.a(xtensa_vectors.o)
                0x0000000040080240                _Level5Vector
                0x0000000000000280                . = 0x280
 *fill*         0x0000000040080246       0x3a 
 *(.DebugExceptionVector.text)
 .DebugExceptionVector.text
                0x0000000040080280        0x6 /home/andy/circuits/liger/code/touch_pad_interrupt/build/freertos/libfreertos.a(xtensa_vectors.o)
                0x0000000040080280                _DebugExceptionVector
                0x00000000000002c0                . = 0x2c0
 *fill*         0x0000000040080286       0x3a 
 *(.NMIExceptionVector.text)
 .NMIExceptionVector.text
                0x00000000400802c0        0x6 /home/andy/circuits/liger/code/touch_pad_interrupt/build/freertos/libfreertos.a(xtensa_vectors.o)
                0x00000000400802c0                _NMIExceptionVector
                0x0000000000000300                . = 0x300
 *fill*         0x00000000400802c6       0x3a 
 *(.KernelExceptionVector.text)
 .KernelExceptionVector.text
                0x0000000040080300        0x6 /home/andy/circuits/liger/code/touch_pad_interrupt/build/freertos/libfreertos.a(xtensa_vectors.o)
                0x0000000040080300                _KernelExceptionVector
                0x0000000000000340                . = 0x340
 *fill*         0x0000000040080306       0x3a 
 *(.UserExceptionVector.text)
 .UserExceptionVector.text
                0x0000000040080340        0x6 /home/andy/circuits/liger/code/touch_pad_interrupt/build/freertos/libfreertos.a(xtensa_vectors.o)
                0x0000000040080340                _UserExceptionVector
                0x00000000000003c0                . = 0x3c0
 *fill*         0x0000000040080346       0x7a 
 *(.DoubleExceptionVector.text)
 .DoubleExceptionVector.text
                0x00000000400803c0        0xf /home/andy/circuits/liger/code/touch_pad_interrupt/build/freertos/libfreertos.a(xtensa_vectors.o)
                0x00000000400803c0                _DoubleExceptionVector
                0x0000000000000400                . = 0x400
 *fill*         0x00000000400803cf       0x31 
 *(.*Vector.literal)
 *(.UserEnter.literal)
 *(.UserEnter.text)
                0x0000000040080400                . = ALIGN (0x10)
 *(.entry.text)
 *(.init.literal)
 *(.init)
                0x0000000040080400                _init_end = ABSOLUTE (.)

.iram0.text     0x0000000040080400     0x8b44
                0x0000000040080400                _iram_text_start = ABSOLUTE (.)
 *(.iram1 .iram1.*)
 .iram1.literal
                0x0000000040080400       0xa8 /home/andy/circuits/liger/code/touch_pad_interrupt/build/esp32/libesp32.a(cpu_start.o)
                                        0x1c4 (size before relaxing)
 .iram1.literal
                0x00000000400804a8        0xc /home/andy/circuits/liger/code/touch_pad_interrupt/build/esp32/libesp32.a(clk.o)
                                         0x18 (size before relaxing)
 .iram1.literal
                0x00000000400804b4       0x1c /home/andy/circuits/liger/code/touch_pad_interrupt/build/esp32/libesp32.a(crosscore_int.o)
                                         0x40 (size before relaxing)
 .iram1.literal
                0x00000000400804d0        0xc /home/andy/circuits/liger/code/touch_pad_interrupt/build/esp32/libesp32.a(cache_err_int.o)
                                         0x18 (size before relaxing)
 .iram1.literal
                0x00000000400804dc       0x20 /home/andy/circuits/liger/code/touch_pad_interrupt/build/esp32/libesp32.a(ipc.o)
                                         0x34 (size before relaxing)
 .iram1.literal
                0x00000000400804fc       0x20 /home/andy/circuits/liger/code/touch_pad_interrupt/build/esp32/libesp32.a(intr_alloc.o)
                                         0x7c (size before relaxing)
 .iram1.literal
                0x000000004008051c       0x28 /home/andy/circuits/liger/code/touch_pad_interrupt/build/esp32/libesp32.a(esp_timer.o)
                                         0x60 (size before relaxing)
 .iram1.literal
                0x0000000040080544       0x38 /home/andy/circuits/liger/code/touch_pad_interrupt/build/esp32/libesp32.a(dport_access.o)
                                         0x88 (size before relaxing)
 .iram1.literal
                0x000000004008057c        0xc /home/andy/circuits/liger/code/touch_pad_interrupt/build/esp32/libesp32.a(int_wdt.o)
 .iram1.literal
                0x0000000040080588       0x10 /home/andy/circuits/liger/code/touch_pad_interrupt/build/esp32/libesp32.a(dport_panic_highint_hdl.o)
                                         0x28 (size before relaxing)
 .iram1.literal
                0x0000000040080598       0x60 /home/andy/circuits/liger/code/touch_pad_interrupt/build/esp32/libesp32.a(system_api.o)
                                         0xc0 (size before relaxing)
 .iram1.literal
                0x00000000400805f8       0x60 /home/andy/circuits/liger/code/touch_pad_interrupt/build/esp32/libesp32.a(esp_timer_esp32.o)
                                         0xf8 (size before relaxing)
 .iram1.literal
                0x0000000040080658        0x4 /home/andy/circuits/liger/code/touch_pad_interrupt/build/esp32/libesp32.a(freertos_hooks.o)
 .iram1.literal
                0x000000004008065c        0x4 /home/andy/circuits/liger/code/touch_pad_interrupt/build/freertos/libfreertos.a(port.o)
 .iram1.literal
                0x0000000040080660       0x44 /home/andy/circuits/liger/code/touch_pad_interrupt/build/freertos/libfreertos.a(xtensa_vectors.o)
                                         0x68 (size before relaxing)
 .iram1.literal
                0x00000000400806a4       0x58 /home/andy/circuits/liger/code/touch_pad_interrupt/build/heap/libheap.a(heap_caps.o)
                                         0xb0 (size before relaxing)
 .iram1.literal
                0x00000000400806fc       0x24 /home/andy/circuits/liger/code/touch_pad_interrupt/build/log/liblog.a(log.o)
                                         0x48 (size before relaxing)
 .iram1.literal
                0x0000000040080720        0x4 /home/andy/circuits/liger/code/touch_pad_interrupt/build/newlib/libnewlib.a(time.o)
                                         0x1c (size before relaxing)
 .iram1.literal
                0x0000000040080724        0x4 /home/andy/circuits/liger/code/touch_pad_interrupt/build/newlib/libnewlib.a(syscalls.o)
                                         0x14 (size before relaxing)
 .iram1.literal
                0x0000000040080728        0x8 /home/andy/circuits/liger/code/touch_pad_interrupt/build/newlib/libnewlib.a(reent_init.o)
                                         0x10 (size before relaxing)
 .iram1.literal
                0x0000000040080730       0x14 /home/andy/circuits/liger/code/touch_pad_interrupt/build/newlib/libnewlib.a(locks.o)
                                         0x90 (size before relaxing)
 .iram1.literal
                0x0000000040080744       0x1c /home/andy/circuits/liger/code/touch_pad_interrupt/build/soc/libsoc.a(cpu_util.o)
                                         0x30 (size before relaxing)
 .iram1.literal
                0x0000000040080760       0x50 /home/andy/circuits/liger/code/touch_pad_interrupt/build/spi_flash/libspi_flash.a(cache_utils.o)
                                        0x120 (size before relaxing)
 .iram1.literal
                0x00000000400807b0       0x38 /home/andy/circuits/liger/code/touch_pad_interrupt/build/spi_flash/libspi_flash.a(flash_ops.o)
                                         0xe4 (size before relaxing)
 .iram1.literal
                0x00000000400807e8       0x4c /home/andy/circuits/liger/code/touch_pad_interrupt/build/spi_flash/libspi_flash.a(flash_mmap.o)
                                        0x11c (size before relaxing)
 .iram1.literal
                0x0000000040080834       0x38 /home/andy/circuits/liger/code/touch_pad_interrupt/build/driver/libdriver.a(rtc_module.o)
                                         0xa8 (size before relaxing)
 .literal.xt_unhandled_interrupt
                0x000000004008086c        0x4 /home/andy/circuits/liger/code/touch_pad_interrupt/build/freertos/libfreertos.a(xtensa_intr.o)
                                          0x8 (size before relaxing)
 .literal.xt_set_interrupt_handler
                0x0000000040080870        0x8 /home/andy/circuits/liger/code/touch_pad_interrupt/build/freertos/libfreertos.a(xtensa_intr.o)
                                          0xc (size before relaxing)
 .literal.prvIsQueueFull
                0x0000000040080878        0x0 /home/andy/circuits/liger/code/touch_pad_interrupt/build/freertos/libfreertos.a(queue.o)
                                          0x8 (size before relaxing)
 .literal.prvCopyDataToQueue
                0x0000000040080878        0x0 /home/andy/circuits/liger/code/touch_pad_interrupt/build/freertos/libfreertos.a(queue.o)
                                          0xc (size before relaxing)
 .literal.prvNotifyQueueSetContainer
                0x0000000040080878       0x14 /home/andy/circuits/liger/code/touch_pad_interrupt/build/freertos/libfreertos.a(queue.o)
                                         0x34 (size before relaxing)
 .literal.prvCopyDataFromQueue
                0x000000004008088c        0x0 /home/andy/circuits/liger/code/touch_pad_interrupt/build/freertos/libfreertos.a(queue.o)
                                          0x4 (size before relaxing)
 .literal.xQueueGenericReset
                0x000000004008088c        0x4 /home/andy/circuits/liger/code/touch_pad_interrupt/build/freertos/libfreertos.a(queue.o)
                                         0x30 (size before relaxing)
 .literal.prvInitialiseNewQueue
                0x0000000040080890        0x0 /home/andy/circuits/liger/code/touch_pad_interrupt/build/freertos/libfreertos.a(queue.o)
                                          0x4 (size before relaxing)
 .literal.xQueueGenericCreate
                0x0000000040080890        0x4 /home/andy/circuits/liger/code/touch_pad_interrupt/build/freertos/libfreertos.a(queue.o)
                                         0x1c (size before relaxing)
 .literal.xQueueGetMutexHolder
                0x0000000040080894        0x0 /home/andy/circuits/liger/code/touch_pad_interrupt/build/freertos/libfreertos.a(queue.o)
                                          0x8 (size before relaxing)
 .literal.xQueueCreateCountingSemaphore
                0x0000000040080894        0x4 /home/andy/circuits/liger/code/touch_pad_interrupt/build/freertos/libfreertos.a(queue.o)
                                         0x28 (size before relaxing)
 .literal.xQueueGenericSend
                0x0000000040080898        0x4 /home/andy/circuits/liger/code/touch_pad_interrupt/build/freertos/libfreertos.a(queue.o)
                                         0x7c (size before relaxing)
 .literal.prvInitialiseMutex
                0x000000004008089c        0x0 /home/andy/circuits/liger/code/touch_pad_interrupt/build/freertos/libfreertos.a(queue.o)
                                          0x8 (size before relaxing)
 .literal.xQueueCreateMutex
                0x000000004008089c        0x0 /home/andy/circuits/liger/code/touch_pad_interrupt/build/freertos/libfreertos.a(queue.o)
                                          0x8 (size before relaxing)
 .literal.xQueueGiveMutexRecursive
                0x000000004008089c        0x4 /home/andy/circuits/liger/code/touch_pad_interrupt/build/freertos/libfreertos.a(queue.o)
                                         0x1c (size before relaxing)
 .literal.xQueueGenericSendFromISR
                0x00000000400808a0        0x4 /home/andy/circuits/liger/code/touch_pad_interrupt/build/freertos/libfreertos.a(queue.o)
                                         0x3c (size before relaxing)
 .literal.xQueueGiveFromISR
                0x00000000400808a4        0x4 /home/andy/circuits/liger/code/touch_pad_interrupt/build/freertos/libfreertos.a(queue.o)
                                         0x30 (size before relaxing)
 .literal.xQueueGenericReceive
                0x00000000400808a8        0x4 /home/andy/circuits/liger/code/touch_pad_interrupt/build/freertos/libfreertos.a(queue.o)
                                         0x78 (size before relaxing)
 .literal.xQueueTakeMutexRecursive
                0x00000000400808ac        0x4 /home/andy/circuits/liger/code/touch_pad_interrupt/build/freertos/libfreertos.a(queue.o)
                                         0x1c (size before relaxing)
 .literal.xQueueReceiveFromISR
                0x00000000400808b0        0x4 /home/andy/circuits/liger/code/touch_pad_interrupt/build/freertos/libfreertos.a(queue.o)
                                         0x30 (size before relaxing)
 .literal.vQueueDelete
                0x00000000400808b4        0x4 /home/andy/circuits/liger/code/touch_pad_interrupt/build/freertos/libfreertos.a(queue.o)
                                         0x18 (size before relaxing)
 .literal.vQueueWaitForMessageRestricted
                0x00000000400808b8        0x0 /home/andy/circuits/liger/code/touch_pad_interrupt/build/freertos/libfreertos.a(queue.o)
                                          0xc (size before relaxing)
 .literal.pxPortInitialiseStack
                0x00000000400808b8       0x10 /home/andy/circuits/liger/code/touch_pad_interrupt/build/freertos/libfreertos.a(port.o)
                                         0x18 (size before relaxing)
 .literal.xPortStartScheduler
                0x00000000400808c8        0x0 /home/andy/circuits/liger/code/touch_pad_interrupt/build/freertos/libfreertos.a(port.o)
                                         0x14 (size before relaxing)
 .literal.xPortSysTickHandler
                0x00000000400808c8        0x0 /home/andy/circuits/liger/code/touch_pad_interrupt/build/freertos/libfreertos.a(port.o)
                                          0x8 (size before relaxing)
 .literal.vPortYieldOtherCore
                0x00000000400808c8        0x0 /home/andy/circuits/liger/code/touch_pad_interrupt/build/freertos/libfreertos.a(port.o)
                                          0x4 (size before relaxing)
 .literal.vPortReleaseTaskMPUSettings
                0x00000000400808c8        0x0 /home/andy/circuits/liger/code/touch_pad_interrupt/build/freertos/libfreertos.a(port.o)
                                          0x4 (size before relaxing)
 .literal.xPortInIsrContext
                0x00000000400808c8        0x0 /home/andy/circuits/liger/code/touch_pad_interrupt/build/freertos/libfreertos.a(port.o)
                                          0x8 (size before relaxing)
 .literal.vPortCPUInitializeMutex
                0x00000000400808c8        0x4 /home/andy/circuits/liger/code/touch_pad_interrupt/build/freertos/libfreertos.a(port.o)
 .literal.vPortCPUAcquireMutex
                0x00000000400808cc       0x1c /home/andy/circuits/liger/code/touch_pad_interrupt/build/freertos/libfreertos.a(port.o)
                                         0x30 (size before relaxing)
 .literal.vPortCPUReleaseMutex
                0x00000000400808e8        0xc /home/andy/circuits/liger/code/touch_pad_interrupt/build/freertos/libfreertos.a(port.o)
                                         0x20 (size before relaxing)
 .literal.prvResetNextTaskUnblockTime
                0x00000000400808f4        0x8 /home/andy/circuits/liger/code/touch_pad_interrupt/build/freertos/libfreertos.a(tasks.o)
 .literal.prvDeleteTLS
                0x00000000400808fc       0x10 /home/andy/circuits/liger/code/touch_pad_interrupt/build/freertos/libfreertos.a(tasks.o)
                                         0x18 (size before relaxing)
 .literal.prvInitialiseNewTask
                0x000000004008090c        0x0 /home/andy/circuits/liger/code/touch_pad_interrupt/build/freertos/libfreertos.a(tasks.o)
                                         0x18 (size before relaxing)
 .literal.prvInitialiseTaskLists
                0x000000004008090c       0x20 /home/andy/circuits/liger/code/touch_pad_interrupt/build/freertos/libfreertos.a(tasks.o)
                                         0x40 (size before relaxing)
 .literal.prvDeleteTCB
                0x000000004008092c        0x8 /home/andy/circuits/liger/code/touch_pad_interrupt/build/freertos/libfreertos.a(tasks.o)
                                         0x2c (size before relaxing)
 .literal.prvAddCurrentTaskToDelayedList
                0x0000000040080934        0x4 /home/andy/circuits/liger/code/touch_pad_interrupt/build/freertos/libfreertos.a(tasks.o)
                                         0x1c (size before relaxing)
 .literal.taskYIELD_OTHER_CORE
                0x0000000040080938        0x0 /home/andy/circuits/liger/code/touch_pad_interrupt/build/freertos/libfreertos.a(tasks.o)
                                         0x10 (size before relaxing)
 .literal.vTaskSuspendAll
                0x0000000040080938        0x4 /home/andy/circuits/liger/code/touch_pad_interrupt/build/freertos/libfreertos.a(tasks.o)
                                          0x8 (size before relaxing)
 .literal.xTaskGetIdleTaskHandleForCPU
                0x000000004008093c        0xc /home/andy/circuits/liger/code/touch_pad_interrupt/build/freertos/libfreertos.a(tasks.o)
                                         0x1c (size before relaxing)
 .literal.vTaskSwitchContext
                0x0000000040080948       0x18 /home/andy/circuits/liger/code/touch_pad_interrupt/build/freertos/libfreertos.a(tasks.o)
                                         0x3c (size before relaxing)
 .literal.vTaskSetTimeOutState
                0x0000000040080960        0xc /home/andy/circuits/liger/code/touch_pad_interrupt/build/freertos/libfreertos.a(tasks.o)
                                         0x20 (size before relaxing)
 .literal.xTaskGetCurrentTaskHandle
                0x000000004008096c        0x0 /home/andy/circuits/liger/code/touch_pad_interrupt/build/freertos/libfreertos.a(tasks.o)
                                          0x8 (size before relaxing)
 .literal.__getreent
                0x000000004008096c        0x0 /home/andy/circuits/liger/code/touch_pad_interrupt/build/freertos/libfreertos.a(tasks.o)
                                          0x8 (size before relaxing)
 .literal.pcTaskGetTaskName
                0x000000004008096c        0x8 /home/andy/circuits/liger/code/touch_pad_interrupt/build/freertos/libfreertos.a(tasks.o)
                                         0x1c (size before relaxing)
 .literal.xTaskGetAffinity
                0x0000000040080974        0x0 /home/andy/circuits/liger/code/touch_pad_interrupt/build/freertos/libfreertos.a(tasks.o)
                                          0x4 (size before relaxing)
 .literal.xTaskGetCurrentTaskHandleForCPU
                0x0000000040080974        0x0 /home/andy/circuits/liger/code/touch_pad_interrupt/build/freertos/libfreertos.a(tasks.o)
                                          0x4 (size before relaxing)
 .literal.xTaskGetSchedulerState
                0x0000000040080974        0x4 /home/andy/circuits/liger/code/touch_pad_interrupt/build/freertos/libfreertos.a(tasks.o)
                                          0xc (size before relaxing)
 .literal.vTaskEnterCritical
                0x0000000040080978       0x14 /home/andy/circuits/liger/code/touch_pad_interrupt/build/freertos/libfreertos.a(tasks.o)
                                         0x34 (size before relaxing)
 .literal.vTaskExitCritical
                0x000000004008098c        0xc /home/andy/circuits/liger/code/touch_pad_interrupt/build/freertos/libfreertos.a(tasks.o)
                                         0x28 (size before relaxing)
 .literal.prvAddNewTaskToReadyList
                0x0000000040080998       0x10 /home/andy/circuits/liger/code/touch_pad_interrupt/build/freertos/libfreertos.a(tasks.o)
                                         0x58 (size before relaxing)
 .literal.xTaskCreatePinnedToCore
                0x00000000400809a8        0x0 /home/andy/circuits/liger/code/touch_pad_interrupt/build/freertos/libfreertos.a(tasks.o)
                                         0x18 (size before relaxing)
 .literal.vTaskStartScheduler
                0x00000000400809a8       0x10 /home/andy/circuits/liger/code/touch_pad_interrupt/build/freertos/libfreertos.a(tasks.o)
                                         0x38 (size before relaxing)
 .literal.vTaskDelete
                0x00000000400809b8        0x8 /home/andy/circuits/liger/code/touch_pad_interrupt/build/freertos/libfreertos.a(tasks.o)
                                         0x60 (size before relaxing)
 .literal.vTaskDelay
                0x00000000400809c0        0x4 /home/andy/circuits/liger/code/touch_pad_interrupt/build/freertos/libfreertos.a(tasks.o)
                                         0x38 (size before relaxing)
 .literal.uxTaskPriorityGet
                0x00000000400809c4        0x0 /home/andy/circuits/liger/code/touch_pad_interrupt/build/freertos/libfreertos.a(tasks.o)
                                         0x10 (size before relaxing)
 .literal.vTaskPrioritySet
                0x00000000400809c4        0x4 /home/andy/circuits/liger/code/touch_pad_interrupt/build/freertos/libfreertos.a(tasks.o)
                                         0x44 (size before relaxing)
 .literal.prvCheckTasksWaitingTermination
                0x00000000400809c8        0x8 /home/andy/circuits/liger/code/touch_pad_interrupt/build/freertos/libfreertos.a(tasks.o)
                                         0x30 (size before relaxing)
 .literal.prvIdleTask
                0x00000000400809d0        0x0 /home/andy/circuits/liger/code/touch_pad_interrupt/build/freertos/libfreertos.a(tasks.o)
                                          0xc (size before relaxing)
 .literal.xTaskGetTickCount
                0x00000000400809d0        0x4 /home/andy/circuits/liger/code/touch_pad_interrupt/build/freertos/libfreertos.a(tasks.o)
                                         0x10 (size before relaxing)
 .literal.xTaskIncrementTick
                0x00000000400809d4        0xc /home/andy/circuits/liger/code/touch_pad_interrupt/build/freertos/libfreertos.a(tasks.o)
                                         0x78 (size before relaxing)
 .literal.xTaskResumeAll
                0x00000000400809e0        0x8 /home/andy/circuits/liger/code/touch_pad_interrupt/build/freertos/libfreertos.a(tasks.o)
                                         0x5c (size before relaxing)
 .literal.vTaskPlaceOnEventList
                0x00000000400809e8        0x8 /home/andy/circuits/liger/code/touch_pad_interrupt/build/freertos/libfreertos.a(tasks.o)
                                         0x40 (size before relaxing)
 .literal.vTaskPlaceOnEventListRestricted
                0x00000000400809f0        0x8 /home/andy/circuits/liger/code/touch_pad_interrupt/build/freertos/libfreertos.a(tasks.o)
                                         0x38 (size before relaxing)
 .literal.xTaskRemoveFromEventList
                0x00000000400809f8        0x8 /home/andy/circuits/liger/code/touch_pad_interrupt/build/freertos/libfreertos.a(tasks.o)
                                         0x58 (size before relaxing)
 .literal.xTaskCheckForTimeOut
                0x0000000040080a00        0xc /home/andy/circuits/liger/code/touch_pad_interrupt/build/freertos/libfreertos.a(tasks.o)
                                         0x3c (size before relaxing)
 .literal.vTaskPriorityInherit
                0x0000000040080a0c        0x0 /home/andy/circuits/liger/code/touch_pad_interrupt/build/freertos/libfreertos.a(tasks.o)
                                         0x2c (size before relaxing)
 .literal.xTaskPriorityDisinherit
                0x0000000040080a0c        0x8 /home/andy/circuits/liger/code/touch_pad_interrupt/build/freertos/libfreertos.a(tasks.o)
                                         0x40 (size before relaxing)
 .literal.pvTaskIncrementMutexHeldCount
                0x0000000040080a14        0x0 /home/andy/circuits/liger/code/touch_pad_interrupt/build/freertos/libfreertos.a(tasks.o)
                                         0x10 (size before relaxing)
 .literal.prvGetNextExpireTime
                0x0000000040080a14        0x4 /home/andy/circuits/liger/code/touch_pad_interrupt/build/freertos/libfreertos.a(timers.o)
 .literal.prvInsertTimerInActiveList
                0x0000000040080a18        0x4 /home/andy/circuits/liger/code/touch_pad_interrupt/build/freertos/libfreertos.a(timers.o)
                                         0x10 (size before relaxing)
 .literal.prvCheckForValidListAndQueue
                0x0000000040080a1c       0x1c /home/andy/circuits/liger/code/touch_pad_interrupt/build/freertos/libfreertos.a(timers.o)
                                         0x44 (size before relaxing)
 .literal.prvInitialiseNewTimer
                0x0000000040080a38        0x4 /home/andy/circuits/liger/code/touch_pad_interrupt/build/freertos/libfreertos.a(timers.o)
                                         0x1c (size before relaxing)
 .literal.xTimerCreateTimerTask
                0x0000000040080a3c        0xc /home/andy/circuits/liger/code/touch_pad_interrupt/build/freertos/libfreertos.a(timers.o)
                                         0x2c (size before relaxing)
 .literal.xTimerCreate
                0x0000000040080a48        0x0 /home/andy/circuits/liger/code/touch_pad_interrupt/build/freertos/libfreertos.a(timers.o)
                                          0x8 (size before relaxing)
 .literal.xTimerGenericCommand
                0x0000000040080a48        0x0 /home/andy/circuits/liger/code/touch_pad_interrupt/build/freertos/libfreertos.a(timers.o)
                                         0x14 (size before relaxing)
 .literal.prvSwitchTimerLists
                0x0000000040080a48        0x4 /home/andy/circuits/liger/code/touch_pad_interrupt/build/freertos/libfreertos.a(timers.o)
                                         0x28 (size before relaxing)
 .literal.prvSampleTimeNow
                0x0000000040080a4c        0x4 /home/andy/circuits/liger/code/touch_pad_interrupt/build/freertos/libfreertos.a(timers.o)
                                          0xc (size before relaxing)
 .literal.prvProcessExpiredTimer
                0x0000000040080a50        0x4 /home/andy/circuits/liger/code/touch_pad_interrupt/build/freertos/libfreertos.a(timers.o)
                                         0x24 (size before relaxing)
 .literal.prvProcessTimerOrBlockTask
                0x0000000040080a54        0x0 /home/andy/circuits/liger/code/touch_pad_interrupt/build/freertos/libfreertos.a(timers.o)
                                         0x24 (size before relaxing)
 .literal.prvProcessReceivedCommands
                0x0000000040080a54        0x8 /home/andy/circuits/liger/code/touch_pad_interrupt/build/freertos/libfreertos.a(timers.o)
                                         0x40 (size before relaxing)
 .literal.prvTimerTask
                0x0000000040080a5c        0x0 /home/andy/circuits/liger/code/touch_pad_interrupt/build/freertos/libfreertos.a(timers.o)
                                          0xc (size before relaxing)
 .literal       0x0000000040080a5c        0x0 /home/andy/circuits/liger/code/touch_pad_interrupt/build/freertos/libfreertos.a(xtensa_context.o)
                                         0x10 (size before relaxing)
 .literal       0x0000000040080a5c       0x10 /home/andy/circuits/liger/code/touch_pad_interrupt/build/freertos/libfreertos.a(portasm.o)
                                         0x54 (size before relaxing)
 .literal._xt_tick_divisor_init
                0x0000000040080a6c        0x4 /home/andy/circuits/liger/code/touch_pad_interrupt/build/freertos/libfreertos.a(xtensa_init.o)
                                          0xc (size before relaxing)
 .literal.get_prev_free_block
                0x0000000040080a70       0x10 /home/andy/circuits/liger/code/touch_pad_interrupt/build/heap/libheap.a(multi_heap.o)
                                         0x28 (size before relaxing)
 .literal.split_if_necessary
                0x0000000040080a80       0x10 /home/andy/circuits/liger/code/touch_pad_interrupt/build/heap/libheap.a(multi_heap.o)
                                         0x50 (size before relaxing)
 .literal.assert_valid_block
                0x0000000040080a90        0x0 /home/andy/circuits/liger/code/touch_pad_interrupt/build/heap/libheap.a(multi_heap.o)
                                         0x2c (size before relaxing)
 .literal.merge_adjacent
                0x0000000040080a90        0x8 /home/andy/circuits/liger/code/touch_pad_interrupt/build/heap/libheap.a(multi_heap.o)
                                         0x4c (size before relaxing)
 .literal.multi_heap_get_allocated_size_impl
                0x0000000040080a98        0x0 /home/andy/circuits/liger/code/touch_pad_interrupt/build/heap/libheap.a(multi_heap.o)
                                         0x10 (size before relaxing)
 .literal.multi_heap_malloc_impl
                0x0000000040080a98        0x0 /home/andy/circuits/liger/code/touch_pad_interrupt/build/heap/libheap.a(multi_heap.o)
                                         0x28 (size before relaxing)
 .literal.multi_heap_free_impl
                0x0000000040080a98        0x0 /home/andy/circuits/liger/code/touch_pad_interrupt/build/heap/libheap.a(multi_heap.o)
                                         0x50 (size before relaxing)
 .literal.multi_heap_realloc_impl
                0x0000000040080a98        0x8 /home/andy/circuits/liger/code/touch_pad_interrupt/build/heap/libheap.a(multi_heap.o)
                                         0x68 (size before relaxing)
 .literal.panicPutChar
                0x0000000040080aa0        0x8 /home/andy/circuits/liger/code/touch_pad_interrupt/build/esp32/libesp32.a(panic.o)
 .literal.panicPutStr
                0x0000000040080aa8        0x0 /home/andy/circuits/liger/code/touch_pad_interrupt/build/esp32/libesp32.a(panic.o)
                                          0x4 (size before relaxing)
 .literal.panicPutHex
                0x0000000040080aa8        0x0 /home/andy/circuits/liger/code/touch_pad_interrupt/build/esp32/libesp32.a(panic.o)
                                          0x8 (size before relaxing)
 .literal.panicPutDec
                0x0000000040080aa8        0x4 /home/andy/circuits/liger/code/touch_pad_interrupt/build/esp32/libesp32.a(panic.o)
                                         0x10 (size before relaxing)
 .literal.reconfigureAllWdts
                0x0000000040080aac       0x10 /home/andy/circuits/liger/code/touch_pad_interrupt/build/esp32/libesp32.a(panic.o)
                                         0x24 (size before relaxing)
 .literal.putEntry
                0x0000000040080abc        0xc /home/andy/circuits/liger/code/touch_pad_interrupt/build/esp32/libesp32.a(panic.o)
                                         0x20 (size before relaxing)
 .literal.doBacktrace
                0x0000000040080ac8       0x10 /home/andy/circuits/liger/code/touch_pad_interrupt/build/esp32/libesp32.a(panic.o)
                                         0x24 (size before relaxing)
 .literal.invoke_abort
                0x0000000040080ad8        0x4 /home/andy/circuits/liger/code/touch_pad_interrupt/build/esp32/libesp32.a(panic.o)
                                          0x8 (size before relaxing)
 .literal.haltOtherCore
                0x0000000040080adc        0x0 /home/andy/circuits/liger/code/touch_pad_interrupt/build/esp32/libesp32.a(panic.o)
                                          0x4 (size before relaxing)
 .literal.esp_panic_wdt_start
                0x0000000040080adc       0x14 /home/andy/circuits/liger/code/touch_pad_interrupt/build/esp32/libesp32.a(panic.o)
                                         0x2c (size before relaxing)
 .literal.commonErrorHandler_dump
                0x0000000040080af0       0x30 /home/andy/circuits/liger/code/touch_pad_interrupt/build/esp32/libesp32.a(panic.o)
                                         0x90 (size before relaxing)
 .literal.esp_panic_dig_reset
                0x0000000040080b20        0x0 /home/andy/circuits/liger/code/touch_pad_interrupt/build/esp32/libesp32.a(panic.o)
                                         0x14 (size before relaxing)
 .literal.abort
                0x0000000040080b20        0x8 /home/andy/circuits/liger/code/touch_pad_interrupt/build/esp32/libesp32.a(panic.o)
                                         0x10 (size before relaxing)
 .literal.vApplicationStackOverflowHook
                0x0000000040080b28        0x8 /home/andy/circuits/liger/code/touch_pad_interrupt/build/esp32/libesp32.a(panic.o)
                                         0x18 (size before relaxing)
 .literal.esp_panic_wdt_stop
                0x0000000040080b30        0x0 /home/andy/circuits/liger/code/touch_pad_interrupt/build/esp32/libesp32.a(panic.o)
                                         0x18 (size before relaxing)
 .literal.commonErrorHandler
                0x0000000040080b30        0x4 /home/andy/circuits/liger/code/touch_pad_interrupt/build/esp32/libesp32.a(panic.o)
                                         0x28 (size before relaxing)
 .literal.panicHandler
                0x0000000040080b34       0x34 /home/andy/circuits/liger/code/touch_pad_interrupt/build/esp32/libesp32.a(panic.o)
                                         0xa4 (size before relaxing)
 .literal.xt_unhandled_exception
                0x0000000040080b68       0x18 /home/andy/circuits/liger/code/touch_pad_interrupt/build/esp32/libesp32.a(panic.o)
                                         0x60 (size before relaxing)
 .literal._esp_error_check_failed
                0x0000000040080b80       0x14 /home/andy/circuits/liger/code/touch_pad_interrupt/build/esp32/libesp32.a(panic.o)
                                         0x30 (size before relaxing)
 .literal.rtc_clk_cal_internal
                0x0000000040080b94       0x3c /home/andy/circuits/liger/code/touch_pad_interrupt/build/soc/libsoc.a(rtc_time.o)
                                         0x64 (size before relaxing)
 .literal.rtc_clk_cal
                0x0000000040080bd0        0x0 /home/andy/circuits/liger/code/touch_pad_interrupt/build/soc/libsoc.a(rtc_time.o)
                                          0xc (size before relaxing)
 .literal.rtc_time_get
                0x0000000040080bd0       0x10 /home/andy/circuits/liger/code/touch_pad_interrupt/build/soc/libsoc.a(rtc_time.o)
                                         0x18 (size before relaxing)
 .literal.rtc_clk_wait_for_slow_cycle
                0x0000000040080be0        0x8 /home/andy/circuits/liger/code/touch_pad_interrupt/build/soc/libsoc.a(rtc_time.o)
                                         0x20 (size before relaxing)
 .literal.rtc_init
                0x0000000040080be8       0x90 /home/andy/circuits/liger/code/touch_pad_interrupt/build/soc/libsoc.a(rtc_init.o)
                                         0xdc (size before relaxing)
 .literal.rtc_clk_32k_enable_internal
                0x0000000040080c78       0x14 /home/andy/circuits/liger/code/touch_pad_interrupt/build/soc/libsoc.a(rtc_clk.o)
 .literal.rtc_clk_32k_enable
                0x0000000040080c8c        0x0 /home/andy/circuits/liger/code/touch_pad_interrupt/build/soc/libsoc.a(rtc_clk.o)
                                          0xc (size before relaxing)
 .literal.rtc_clk_32k_bootstrap
                0x0000000040080c8c        0xc /home/andy/circuits/liger/code/touch_pad_interrupt/build/soc/libsoc.a(rtc_clk.o)
                                         0x34 (size before relaxing)
 .literal.rtc_clk_slow_freq_set
                0x0000000040080c98        0x0 /home/andy/circuits/liger/code/touch_pad_interrupt/build/soc/libsoc.a(rtc_clk.o)
                                          0xc (size before relaxing)
 .literal.rtc_clk_slow_freq_get
                0x0000000040080c98        0x0 /home/andy/circuits/liger/code/touch_pad_interrupt/build/soc/libsoc.a(rtc_clk.o)
                                          0x4 (size before relaxing)
 .literal.rtc_clk_slow_freq_get_hz
                0x0000000040080c98        0x0 /home/andy/circuits/liger/code/touch_pad_interrupt/build/soc/libsoc.a(rtc_clk.o)
                                         0x10 (size before relaxing)
 .literal.rtc_clk_fast_freq_set
                0x0000000040080c98        0x0 /home/andy/circuits/liger/code/touch_pad_interrupt/build/soc/libsoc.a(rtc_clk.o)
                                          0xc (size before relaxing)
 .literal.rtc_clk_bbpll_set
                0x0000000040080c98        0x8 /home/andy/circuits/liger/code/touch_pad_interrupt/build/soc/libsoc.a(rtc_clk.o)
                                         0x38 (size before relaxing)
 .literal.rtc_clk_xtal_freq_get
                0x0000000040080ca0        0xc /home/andy/circuits/liger/code/touch_pad_interrupt/build/soc/libsoc.a(rtc_clk.o)
                                         0x1c (size before relaxing)
 .literal.rtc_clk_cpu_freq_get
                0x0000000040080cac       0x14 /home/andy/circuits/liger/code/touch_pad_interrupt/build/soc/libsoc.a(rtc_clk.o)
                                         0x2c (size before relaxing)
 .literal.rtc_clk_cpu_freq_value
                0x0000000040080cc0       0x1c /home/andy/circuits/liger/code/touch_pad_interrupt/build/soc/libsoc.a(rtc_clk.o)
                                         0x2c (size before relaxing)
 .literal.rtc_clk_apb_freq_update
                0x0000000040080cdc        0x4 /home/andy/circuits/liger/code/touch_pad_interrupt/build/soc/libsoc.a(rtc_clk.o)
                                          0x8 (size before relaxing)
 .literal.rtc_clk_cpu_freq_set
                0x0000000040080ce0       0x14 /home/andy/circuits/liger/code/touch_pad_interrupt/build/soc/libsoc.a(rtc_clk.o)
                                         0x88 (size before relaxing)
 .literal.rtc_clk_apb_freq_get
                0x0000000040080cf4        0x8 /home/andy/circuits/liger/code/touch_pad_interrupt/build/soc/libsoc.a(rtc_clk.o)
                                         0x14 (size before relaxing)
 .literal       0x0000000040080cfc        0x0 /usr/local/src/esp/esp-idf/components/esp32/libhal.a(windowspill_asm.o)
                                          0x4 (size before relaxing)
 .literal.esp_rom_spiflash_read_status
                0x0000000040080cfc       0x10 /home/andy/circuits/liger/code/touch_pad_interrupt/build/spi_flash/libspi_flash.a(spi_flash_rom_patch.o)
                                         0x14 (size before relaxing)
 .literal.esp_rom_spiflash_wait_idle
                0x0000000040080d0c        0x8 /home/andy/circuits/liger/code/touch_pad_interrupt/build/spi_flash/libspi_flash.a(spi_flash_rom_patch.o)
                                          0xc (size before relaxing)
 .literal.esp_rom_spiflash_erase_block_internal
                0x0000000040080d14        0x4 /home/andy/circuits/liger/code/touch_pad_interrupt/build/spi_flash/libspi_flash.a(spi_flash_rom_patch.o)
                                         0x18 (size before relaxing)
 .literal.esp_rom_spiflash_erase_sector_internal
                0x0000000040080d18        0x0 /home/andy/circuits/liger/code/touch_pad_interrupt/build/spi_flash/libspi_flash.a(spi_flash_rom_patch.o)
                                         0x18 (size before relaxing)
 .literal.esp_rom_spiflash_read_data
                0x0000000040080d18       0x18 /home/andy/circuits/liger/code/touch_pad_interrupt/build/spi_flash/libspi_flash.a(spi_flash_rom_patch.o)
                                         0x34 (size before relaxing)
 .literal.esp_rom_spiflash_enable_write
                0x0000000040080d30        0x0 /home/andy/circuits/liger/code/touch_pad_interrupt/build/spi_flash/libspi_flash.a(spi_flash_rom_patch.o)
                                         0x10 (size before relaxing)
 .literal.esp_rom_spiflash_program_page_internal
                0x0000000040080d30       0x10 /home/andy/circuits/liger/code/touch_pad_interrupt/build/spi_flash/libspi_flash.a(spi_flash_rom_patch.o)
                                         0x40 (size before relaxing)
 .literal.esp_rom_spiflash_read_statushigh
                0x0000000040080d40        0x4 /home/andy/circuits/liger/code/touch_pad_interrupt/build/spi_flash/libspi_flash.a(spi_flash_rom_patch.o)
                                          0xc (size before relaxing)
 .literal.esp_rom_spiflash_write_status
                0x0000000040080d44        0x4 /home/andy/circuits/liger/code/touch_pad_interrupt/build/spi_flash/libspi_flash.a(spi_flash_rom_patch.o)
                                         0x14 (size before relaxing)
 .literal.esp_rom_spiflash_unlock
                0x0000000040080d48        0x8 /home/andy/circuits/liger/code/touch_pad_interrupt/build/spi_flash/libspi_flash.a(spi_flash_rom_patch.o)
                                         0x28 (size before relaxing)
 .literal.esp_rom_spiflash_erase_block
                0x0000000040080d50        0xc /home/andy/circuits/liger/code/touch_pad_interrupt/build/spi_flash/libspi_flash.a(spi_flash_rom_patch.o)
                                         0x20 (size before relaxing)
 .literal.esp_rom_spiflash_erase_sector
                0x0000000040080d5c        0x0 /home/andy/circuits/liger/code/touch_pad_interrupt/build/spi_flash/libspi_flash.a(spi_flash_rom_patch.o)
                                         0x20 (size before relaxing)
 .literal.esp_rom_spiflash_write
                0x0000000040080d5c        0x0 /home/andy/circuits/liger/code/touch_pad_interrupt/build/spi_flash/libspi_flash.a(spi_flash_rom_patch.o)
                                         0x28 (size before relaxing)
 .literal.esp_rom_spiflash_write_encrypted
                0x0000000040080d5c        0xc /home/andy/circuits/liger/code/touch_pad_interrupt/build/spi_flash/libspi_flash.a(spi_flash_rom_patch.o)
                                         0x10 (size before relaxing)
 .literal.esp_rom_spiflash_read
                0x0000000040080d68       0x30 /home/andy/circuits/liger/code/touch_pad_interrupt/build/spi_flash/libspi_flash.a(spi_flash_rom_patch.o)
                                         0x5c (size before relaxing)
 .literal       0x0000000040080d98       0x10 /usr/local/src/esp/esp-idf/components/newlib/lib/libm.a(lib_a-s_fpclassify.o)
                                         0x18 (size before relaxing)
 .iram1         0x0000000040080da8      0x27e /home/andy/circuits/liger/code/touch_pad_interrupt/build/esp32/libesp32.a(cpu_start.o)
                                        0x336 (size before relaxing)
                0x0000000040080da8                start_cpu0
                0x0000000040080da8                start_cpu0_default
                0x0000000040080e78                start_cpu1_default
                0x0000000040080e78                start_cpu1
                0x0000000040080ef4                call_start_cpu0
 *fill*         0x0000000040081026        0x2 
 .iram1         0x0000000040081028       0x37 /home/andy/circuits/liger/code/touch_pad_interrupt/build/esp32/libesp32.a(clk.o)
                0x0000000040081028                esp_clk_cpu_freq
                0x0000000040081038                esp_clk_apb_freq
                0x0000000040081050                ets_update_cpu_frequency
 *fill*         0x000000004008105f        0x1 
 .iram1         0x0000000040081060       0xb0 /home/andy/circuits/liger/code/touch_pad_interrupt/build/esp32/libesp32.a(crosscore_int.o)
                                         0xc0 (size before relaxing)
                0x00000000400810f8                esp_crosscore_int_send_yield
                0x0000000040081104                esp_crosscore_int_send_freq_switch
 .iram1         0x0000000040081110       0x2c /home/andy/circuits/liger/code/touch_pad_interrupt/build/esp32/libesp32.a(cache_err_int.o)
                                         0x34 (size before relaxing)
                0x0000000040081110                esp_cache_err_get_cpuid
 .iram1         0x000000004008113c       0x7f /home/andy/circuits/liger/code/touch_pad_interrupt/build/esp32/libesp32.a(ipc.o)
                                         0x8b (size before relaxing)
 *fill*         0x00000000400811bb        0x1 
 .iram1         0x00000000400811bc      0x2b6 /home/andy/circuits/liger/code/touch_pad_interrupt/build/esp32/libesp32.a(intr_alloc.o)
                                        0x2ce (size before relaxing)
                0x00000000400811f8                esp_intr_set_in_iram
                0x0000000040081280                esp_intr_enable
                0x0000000040081308                esp_intr_disable
                0x00000000400813d0                esp_intr_noniram_disable
                0x000000004008141c                esp_intr_noniram_enable
                0x000000004008145c                ets_isr_unmask
                0x0000000040081468                ets_isr_mask
 *fill*         0x0000000040081472        0x2 
 .iram1         0x0000000040081474      0x205 /home/andy/circuits/liger/code/touch_pad_interrupt/build/esp32/libesp32.a(esp_timer.o)
                                        0x219 (size before relaxing)
                0x0000000040081590                esp_timer_stop
                0x00000000400815b4                esp_timer_get_next_alarm
                0x00000000400815d4                esp_timer_get_time
                0x00000000400815e4                esp_timer_start_once
                0x0000000040081628                esp_timer_start_periodic
 *fill*         0x0000000040081679        0x3 
 .iram1         0x000000004008167c      0x1e3 /home/andy/circuits/liger/code/touch_pad_interrupt/build/esp32/libesp32.a(dport_access.o)
                                        0x1ef (size before relaxing)
                0x000000004008167c                esp_dport_access_stall_other_cpu_start
                0x000000004008172c                esp_dport_access_stall_other_cpu_end
                0x00000000400817a8                esp_dport_access_stall_other_cpu_start_wrap
                0x00000000400817b0                esp_dport_access_stall_other_cpu_end_wrap
                0x00000000400817b8                esp_dport_access_int_pause
                0x00000000400817dc                esp_dport_access_int_abort
                0x00000000400817f0                esp_dport_access_int_resume
                0x0000000040081814                esp_dport_access_reg_read
                0x000000004008182c                esp_dport_access_sequence_reg_read
                0x0000000040081838                esp_dport_access_read_buffer
 *fill*         0x000000004008185f        0x1 
 .iram1         0x0000000040081860       0x53 /home/andy/circuits/liger/code/touch_pad_interrupt/build/esp32/libesp32.a(int_wdt.o)
 *fill*         0x00000000400818b3        0x1 
 .iram1         0x00000000400818b4       0xda /home/andy/circuits/liger/code/touch_pad_interrupt/build/esp32/libesp32.a(dport_panic_highint_hdl.o)
                0x00000000400818b4                xt_highint4
                0x000000004008198e                ld_include_panic_highint_hdl
 *fill*         0x000000004008198e        0x2 
 .iram1         0x0000000040081990      0x1e1 /home/andy/circuits/liger/code/touch_pad_interrupt/build/esp32/libesp32.a(system_api.o)
                                        0x21c (size before relaxing)
                0x0000000040081a08                esp_restart_noos
                0x0000000040081b50                esp_restart
                0x0000000040081b50                system_restart
 *fill*         0x0000000040081b71        0x3 
 .iram1         0x0000000040081b74      0x4af /home/andy/circuits/liger/code/touch_pad_interrupt/build/esp32/libesp32.a(esp_timer_esp32.o)
                                        0x4bb (size before relaxing)
                0x0000000040081c98                esp_timer_impl_get_time
                0x0000000040081e08                esp_timer_impl_set_alarm
                0x0000000040081f50                esp_timer_impl_update_apb_freq
                0x0000000040082018                esp_timer_impl_get_min_period_us
 *fill*         0x0000000040082023        0x1 
 .iram1         0x0000000040082024       0x27 /home/andy/circuits/liger/code/touch_pad_interrupt/build/esp32/libesp32.a(freertos_hooks.o)
                0x0000000040082024                esp_vApplicationTickHook
 *fill*         0x000000004008204b        0x1 
 .iram1         0x000000004008204c       0x1a /home/andy/circuits/liger/code/touch_pad_interrupt/build/freertos/libfreertos.a(port.o)
                0x000000004008204c                xPortInterruptedFromISRContext
 *fill*         0x0000000040082066        0x2 
 .iram1         0x0000000040082068      0x4b4 /home/andy/circuits/liger/code/touch_pad_interrupt/build/freertos/libfreertos.a(xtensa_vectors.o)
                0x0000000040082068                _xt_panic
                0x0000000040082180                _xt_user_exit
                0x000000004008246c                _xt_medint2_exit
                0x0000000040082508                _xt_medint3_exit
 .iram1         0x000000004008251c      0x3f1 /home/andy/circuits/liger/code/touch_pad_interrupt/build/heap/libheap.a(heap_caps.o)
                                        0x40d (size before relaxing)
                0x00000000400825ac                heap_caps_malloc
                0x000000004008264c                heap_caps_malloc_default
                0x0000000040082690                heap_caps_malloc_prefer
                0x00000000400826e8                heap_caps_free
                0x0000000040082720                heap_caps_realloc
                0x00000000400827cc                heap_caps_realloc_default
                0x0000000040082824                heap_caps_realloc_prefer
                0x0000000040082888                heap_caps_calloc
                0x00000000400828b8                heap_caps_calloc_prefer
 *fill*         0x000000004008290d        0x3 
 .iram1         0x0000000040082910      0x18a /home/andy/circuits/liger/code/touch_pad_interrupt/build/log/liblog.a(log.o)
                                        0x19a (size before relaxing)
                0x0000000040082910                esp_log_write
                0x0000000040082a40                esp_log_early_timestamp
                0x0000000040082a5c                esp_log_timestamp
 *fill*         0x0000000040082a9a        0x2 
 .iram1         0x0000000040082a9c       0x70 /home/andy/circuits/liger/code/touch_pad_interrupt/build/newlib/libnewlib.a(time.o)
                                         0x74 (size before relaxing)
                0x0000000040082a9c                _gettimeofday_r
                0x0000000040082ae4                _times_r
 .iram1         0x0000000040082b0c       0x5a /home/andy/circuits/liger/code/touch_pad_interrupt/build/newlib/libnewlib.a(syscalls.o)
                                         0x62 (size before relaxing)
                0x0000000040082b0c                _malloc_r
                0x0000000040082b18                _free_r
                0x0000000040082b24                _realloc_r
                0x0000000040082b38                _calloc_r
 *fill*         0x0000000040082b66        0x2 
 .iram1         0x0000000040082b68       0x3c /home/andy/circuits/liger/code/touch_pad_interrupt/build/newlib/libnewlib.a(reent_init.o)
                0x0000000040082b68                esp_reent_init
 .iram1         0x0000000040082ba4      0x1cc /home/andy/circuits/liger/code/touch_pad_interrupt/build/newlib/libnewlib.a(locks.o)
                                        0x210 (size before relaxing)
                0x0000000040082cbc                _lock_init
                0x0000000040082ccc                _lock_init_recursive
                0x0000000040082cdc                _lock_close
                0x0000000040082d18                _lock_acquire
                0x0000000040082d28                _lock_acquire_recursive
                0x0000000040082d38                _lock_try_acquire
                0x0000000040082d48                _lock_try_acquire_recursive
                0x0000000040082d58                _lock_release
                0x0000000040082d64                _lock_release_recursive
 .iram1         0x0000000040082d70      0x11a /home/andy/circuits/liger/code/touch_pad_interrupt/build/soc/libsoc.a(cpu_util.o)
                0x0000000040082d70                esp_cpu_stall
                0x0000000040082e04                esp_cpu_unstall
                0x0000000040082e58                esp_cpu_reset
                0x0000000040082e7c                esp_cpu_in_ocd_debug_mode
 *fill*         0x0000000040082e8a        0x2 
 .iram1         0x0000000040082e8c      0x2f4 /home/andy/circuits/liger/code/touch_pad_interrupt/build/spi_flash/libspi_flash.a(cache_utils.o)
                                        0x340 (size before relaxing)
                0x0000000040082ef0                spi_flash_op_block_func
                0x0000000040082f9c                spi_flash_disable_interrupts_caches_and_other_cpu
                0x000000004008307c                spi_flash_enable_interrupts_caches_and_other_cpu
                0x0000000040083114                spi_flash_disable_interrupts_caches_and_other_cpu_no_os
                0x0000000040083140                spi_flash_enable_interrupts_caches_no_os
                0x000000004008315c                spi_flash_cache_enabled
 .iram1         0x0000000040083180      0x722 /home/andy/circuits/liger/code/touch_pad_interrupt/build/spi_flash/libspi_flash.a(flash_ops.o)
                                        0x74a (size before relaxing)
                0x00000000400831f0                spi_flash_guard_set
                0x00000000400831fc                spi_flash_guard_get
                0x0000000040083208                spi_flash_get_chip_size
                0x0000000040083214                spi_flash_erase_range
                0x00000000400832cc                spi_flash_erase_sector
                0x00000000400832f0                spi_flash_write
                0x00000000400834b8                spi_flash_read
                0x0000000040083750                spi_flash_read_encrypted
                0x0000000040083798                spi_flash_write_encrypted
 *fill*         0x00000000400838a2        0x2 
 .iram1         0x00000000400838a4      0x4ce /home/andy/circuits/liger/code/touch_pad_interrupt/build/spi_flash/libspi_flash.a(flash_mmap.o)
                                        0x502 (size before relaxing)
                0x00000000400839d0                spi_flash_mmap_pages
                0x0000000040083c10                spi_flash_mmap
                0x0000000040083c84                spi_flash_munmap
                0x0000000040083d28                spi_flash_mark_modified_region
 *fill*         0x0000000040083d72        0x2 
 .iram1         0x0000000040083d74      0x209 /home/andy/circuits/liger/code/touch_pad_interrupt/build/driver/libdriver.a(rtc_module.o)
                                        0x22d (size before relaxing)
                0x0000000040083d74                touch_pad_get_status
                0x0000000040083d9c                touch_pad_clear_status
                0x0000000040083dc8                touch_pad_read_raw_data
                0x0000000040083ea4                touch_pad_read_filtered
 *fill*         0x0000000040083f7d        0x0 
 *fill*         0x0000000040083f7d        0x0 
 *fill*         0x0000000040083f7d        0x0 
 *fill*         0x0000000040083f7d        0x0 
 *fill*         0x0000000040083f7d        0x0 
 *fill*         0x0000000040083f7d        0x0 
 *fill*         0x0000000040083f7d        0x0 
 *fill*         0x0000000040083f7d        0x3 
 .iram1         0x0000000040083f80       0x20 /home/andy/circuits/liger/code/touch_pad_interrupt/build/esp32/libesp32.a(dbg_stubs.o)
 *fill*         0x0000000040083fa0        0x0 
 *fill*         0x0000000040083fa0        0x0 
 *fill*         0x0000000040083fa0        0x0 
 .iram1         0x0000000040083fa0       0x2e /home/andy/circuits/liger/code/touch_pad_interrupt/build/freertos/libfreertos.a(xtensa_vector_defaults.o)
                0x0000000040083fa0                xt_debugexception
                0x0000000040083fc0                xt_highint5
                0x0000000040083fc8                _xt_nmi
                0x0000000040083fc8                xt_nmi
 *fill*         0x0000000040083fce        0x0 
 *fill*         0x0000000040083fce        0x0 
 *fill*         0x0000000040083fce        0x0 
 *fill*         0x0000000040083fce        0x0 
 *fill*         0x0000000040083fce        0x0 
 *fill*         0x0000000040083fce        0x0 
 *fill*         0x0000000040083fce        0x0 
 *libfreertos.a:(.literal .text .literal.* .text.*)
 *fill*         0x0000000040083fce        0x2 
 .text.xt_unhandled_interrupt
                0x0000000040083fd0       0x16 /home/andy/circuits/liger/code/touch_pad_interrupt/build/freertos/libfreertos.a(xtensa_intr.o)
                0x0000000040083fd0                xt_unhandled_interrupt
 *fill*         0x0000000040083fe6        0x2 
 .text.xt_set_interrupt_handler
                0x0000000040083fe8       0x46 /home/andy/circuits/liger/code/touch_pad_interrupt/build/freertos/libfreertos.a(xtensa_intr.o)
                0x0000000040083fe8                xt_set_interrupt_handler
 *fill*         0x000000004008402e        0x2 
 .text.prvIsQueueFull
                0x0000000040084030       0x2a /home/andy/circuits/liger/code/touch_pad_interrupt/build/freertos/libfreertos.a(queue.o)
 *fill*         0x000000004008405a        0x2 
 .text.prvCopyDataToQueue
                0x000000004008405c       0x9e /home/andy/circuits/liger/code/touch_pad_interrupt/build/freertos/libfreertos.a(queue.o)
 *fill*         0x00000000400840fa        0x2 
 .text.prvNotifyQueueSetContainer
                0x00000000400840fc       0x77 /home/andy/circuits/liger/code/touch_pad_interrupt/build/freertos/libfreertos.a(queue.o)
                                         0x8a (size before relaxing)
 *fill*         0x0000000040084173        0x1 
 .text.prvCopyDataFromQueue
                0x0000000040084174       0x24 /home/andy/circuits/liger/code/touch_pad_interrupt/build/freertos/libfreertos.a(queue.o)
 .text.xQueueGenericReset
                0x0000000040084198       0x86 /home/andy/circuits/liger/code/touch_pad_interrupt/build/freertos/libfreertos.a(queue.o)
                                         0x96 (size before relaxing)
                0x0000000040084198                xQueueGenericReset
 *fill*         0x000000004008421e        0x2 
 .text.prvInitialiseNewQueue
                0x0000000040084220       0x1f /home/andy/circuits/liger/code/touch_pad_interrupt/build/freertos/libfreertos.a(queue.o)
                                         0x23 (size before relaxing)
 *fill*         0x000000004008423f        0x1 
 .text.xQueueGenericCreate
                0x0000000040084240       0x49 /home/andy/circuits/liger/code/touch_pad_interrupt/build/freertos/libfreertos.a(queue.o)
                                         0x4d (size before relaxing)
                0x0000000040084240                xQueueGenericCreate
 *fill*         0x0000000040084289        0x3 
 .text.xQueueGetMutexHolder
                0x000000004008428c       0x23 /home/andy/circuits/liger/code/touch_pad_interrupt/build/freertos/libfreertos.a(queue.o)
                0x000000004008428c                xQueueGetMutexHolder
 *fill*         0x00000000400842af        0x1 
 .text.xQueueCreateCountingSemaphore
                0x00000000400842b0       0x66 /home/andy/circuits/liger/code/touch_pad_interrupt/build/freertos/libfreertos.a(queue.o)
                                         0x6a (size before relaxing)
                0x00000000400842b0                xQueueCreateCountingSemaphore
 *fill*         0x0000000040084316        0x2 
 .text.xQueueGenericSend
                0x0000000040084318      0x158 /home/andy/circuits/liger/code/touch_pad_interrupt/build/freertos/libfreertos.a(queue.o)
                                        0x18c (size before relaxing)
                0x0000000040084318                xQueueGenericSend
 .text.prvInitialiseMutex
                0x0000000040084470       0x22 /home/andy/circuits/liger/code/touch_pad_interrupt/build/freertos/libfreertos.a(queue.o)
                                         0x26 (size before relaxing)
 *fill*         0x0000000040084492        0x2 
 .text.xQueueCreateMutex
                0x0000000040084494       0x16 /home/andy/circuits/liger/code/touch_pad_interrupt/build/freertos/libfreertos.a(queue.o)
                                         0x1a (size before relaxing)
                0x0000000040084494                xQueueCreateMutex
 *fill*         0x00000000400844aa        0x2 
 .text.xQueueGiveMutexRecursive
                0x00000000400844ac       0x48 /home/andy/circuits/liger/code/touch_pad_interrupt/build/freertos/libfreertos.a(queue.o)
                                         0x4c (size before relaxing)
                0x00000000400844ac                xQueueGiveMutexRecursive
 .text.xQueueGenericSendFromISR
                0x00000000400844f4       0xd6 /home/andy/circuits/liger/code/touch_pad_interrupt/build/freertos/libfreertos.a(queue.o)
                                         0xe6 (size before relaxing)
                0x00000000400844f4                xQueueGenericSendFromISR
 *fill*         0x00000000400845ca        0x2 
 .text.xQueueGiveFromISR
                0x00000000400845cc       0xb6 /home/andy/circuits/liger/code/touch_pad_interrupt/build/freertos/libfreertos.a(queue.o)
                                         0xc2 (size before relaxing)
                0x00000000400845cc                xQueueGiveFromISR
 *fill*         0x0000000040084682        0x2 
 .text.xQueueGenericReceive
                0x0000000040084684      0x144 /home/andy/circuits/liger/code/touch_pad_interrupt/build/freertos/libfreertos.a(queue.o)
                                        0x178 (size before relaxing)
                0x0000000040084684                xQueueGenericReceive
 .text.xQueueTakeMutexRecursive
                0x00000000400847c8       0x51 /home/andy/circuits/liger/code/touch_pad_interrupt/build/freertos/libfreertos.a(queue.o)
                0x00000000400847c8                xQueueTakeMutexRecursive
 *fill*         0x0000000040084819        0x3 
 .text.xQueueReceiveFromISR
                0x000000004008481c       0x96 /home/andy/circuits/liger/code/touch_pad_interrupt/build/freertos/libfreertos.a(queue.o)
                                         0xa6 (size before relaxing)
                0x000000004008481c                xQueueReceiveFromISR
 *fill*         0x00000000400848b2        0x2 
 .text.vQueueDelete
                0x00000000400848b4       0x28 /home/andy/circuits/liger/code/touch_pad_interrupt/build/freertos/libfreertos.a(queue.o)
                0x00000000400848b4                vQueueDelete
 .text.vQueueWaitForMessageRestricted
                0x00000000400848dc       0x23 /home/andy/circuits/liger/code/touch_pad_interrupt/build/freertos/libfreertos.a(queue.o)
                                         0x2a (size before relaxing)
                0x00000000400848dc                vQueueWaitForMessageRestricted
 *fill*         0x00000000400848ff        0x1 
 .text.pxPortInitialiseStack
                0x0000000040084900       0x86 /home/andy/circuits/liger/code/touch_pad_interrupt/build/freertos/libfreertos.a(port.o)
                0x0000000040084900                pxPortInitialiseStack
 *fill*         0x0000000040084986        0x2 
 .text.xPortStartScheduler
                0x0000000040084988       0x22 /home/andy/circuits/liger/code/touch_pad_interrupt/build/freertos/libfreertos.a(port.o)
                                         0x2e (size before relaxing)
                0x0000000040084988                xPortStartScheduler
 *fill*         0x00000000400849aa        0x2 
 .text.xPortSysTickHandler
                0x00000000400849ac       0x10 /home/andy/circuits/liger/code/touch_pad_interrupt/build/freertos/libfreertos.a(port.o)
                                         0x16 (size before relaxing)
                0x00000000400849ac                xPortSysTickHandler
 *fill*         0x00000000400849bc        0x0 
 .text.vPortYieldOtherCore
                0x00000000400849bc        0xa /home/andy/circuits/liger/code/touch_pad_interrupt/build/freertos/libfreertos.a(port.o)
                                          0xe (size before relaxing)
                0x00000000400849bc                vPortYieldOtherCore
 *fill*         0x00000000400849c6        0x2 
 .text.vPortReleaseTaskMPUSettings
                0x00000000400849c8        0xa /home/andy/circuits/liger/code/touch_pad_interrupt/build/freertos/libfreertos.a(port.o)
                                          0xe (size before relaxing)
                0x00000000400849c8                vPortReleaseTaskMPUSettings
 *fill*         0x00000000400849d2        0x2 
 .text.xPortInIsrContext
                0x00000000400849d4       0x26 /home/andy/circuits/liger/code/touch_pad_interrupt/build/freertos/libfreertos.a(port.o)
                0x00000000400849d4                xPortInIsrContext
 *fill*         0x00000000400849fa        0x2 
 .text.vPortCPUInitializeMutex
                0x00000000400849fc        0xe /home/andy/circuits/liger/code/touch_pad_interrupt/build/freertos/libfreertos.a(port.o)
                0x00000000400849fc                vPortCPUInitializeMutex
 *fill*         0x0000000040084a0a        0x2 
 .text.vPortCPUAcquireMutex
                0x0000000040084a0c       0x81 /home/andy/circuits/liger/code/touch_pad_interrupt/build/freertos/libfreertos.a(port.o)
                                         0x88 (size before relaxing)
                0x0000000040084a0c                vPortCPUAcquireMutex
 *fill*         0x0000000040084a8d        0x3 
 .text.vPortCPUReleaseMutex
                0x0000000040084a90       0x4d /home/andy/circuits/liger/code/touch_pad_interrupt/build/freertos/libfreertos.a(port.o)
                                         0x50 (size before relaxing)
                0x0000000040084a90                vPortCPUReleaseMutex
 *fill*         0x0000000040084add        0x3 
 .text.prvResetNextTaskUnblockTime
                0x0000000040084ae0       0x34 /home/andy/circuits/liger/code/touch_pad_interrupt/build/freertos/libfreertos.a(tasks.o)
 .text.prvDeleteTLS
                0x0000000040084b14       0x40 /home/andy/circuits/liger/code/touch_pad_interrupt/build/freertos/libfreertos.a(tasks.o)
 .text.prvInitialiseNewTask
                0x0000000040084b54       0xc4 /home/andy/circuits/liger/code/touch_pad_interrupt/build/freertos/libfreertos.a(tasks.o)
                                         0xd0 (size before relaxing)
 .text.prvInitialiseTaskLists
                0x0000000040084c18       0x5a /home/andy/circuits/liger/code/touch_pad_interrupt/build/freertos/libfreertos.a(tasks.o)
                                         0x6e (size before relaxing)
 *fill*         0x0000000040084c72        0x2 
 .text.prvDeleteTCB
                0x0000000040084c74       0x56 /home/andy/circuits/liger/code/touch_pad_interrupt/build/freertos/libfreertos.a(tasks.o)
                                         0x5d (size before relaxing)
 *fill*         0x0000000040084cca        0x2 
 .text.prvAddCurrentTaskToDelayedList
                0x0000000040084ccc       0x66 /home/andy/circuits/liger/code/touch_pad_interrupt/build/freertos/libfreertos.a(tasks.o)
                                         0x6a (size before relaxing)
 *fill*         0x0000000040084d32        0x2 
 .text.taskYIELD_OTHER_CORE
                0x0000000040084d34       0x53 /home/andy/circuits/liger/code/touch_pad_interrupt/build/freertos/libfreertos.a(tasks.o)
                0x0000000040084d34                taskYIELD_OTHER_CORE
 *fill*         0x0000000040084d87        0x1 
 .text.vTaskSuspendAll
                0x0000000040084d88       0x26 /home/andy/circuits/liger/code/touch_pad_interrupt/build/freertos/libfreertos.a(tasks.o)
                0x0000000040084d88                vTaskSuspendAll
 *fill*         0x0000000040084dae        0x2 
 .text.xTaskGetIdleTaskHandleForCPU
                0x0000000040084db0       0x2a /home/andy/circuits/liger/code/touch_pad_interrupt/build/freertos/libfreertos.a(tasks.o)
                                         0x2e (size before relaxing)
                0x0000000040084db0                xTaskGetIdleTaskHandleForCPU
 *fill*         0x0000000040084dda        0x2 
 .text.vTaskSwitchContext
                0x0000000040084ddc      0x27e /home/andy/circuits/liger/code/touch_pad_interrupt/build/freertos/libfreertos.a(tasks.o)
                                        0x28a (size before relaxing)
                0x0000000040084ddc                vTaskSwitchContext
 *fill*         0x000000004008505a        0x2 
 .text.vTaskSetTimeOutState
                0x000000004008505c       0x34 /home/andy/circuits/liger/code/touch_pad_interrupt/build/freertos/libfreertos.a(tasks.o)
                0x000000004008505c                vTaskSetTimeOutState
 .text.xTaskGetCurrentTaskHandle
                0x0000000040085090       0x1f /home/andy/circuits/liger/code/touch_pad_interrupt/build/freertos/libfreertos.a(tasks.o)
                0x0000000040085090                xTaskGetCurrentTaskHandle
 *fill*         0x00000000400850af        0x1 
 .text.__getreent
                0x00000000400850b0       0x19 /home/andy/circuits/liger/code/touch_pad_interrupt/build/freertos/libfreertos.a(tasks.o)
                0x00000000400850b0                __getreent
 *fill*         0x00000000400850c9        0x3 
 .text.pcTaskGetTaskName
                0x00000000400850cc       0x2a /home/andy/circuits/liger/code/touch_pad_interrupt/build/freertos/libfreertos.a(tasks.o)
                                         0x2d (size before relaxing)
                0x00000000400850cc                pcTaskGetTaskName
 *fill*         0x00000000400850f6        0x2 
 .text.xTaskGetAffinity
                0x00000000400850f8       0x10 /home/andy/circuits/liger/code/touch_pad_interrupt/build/freertos/libfreertos.a(tasks.o)
                                         0x13 (size before relaxing)
                0x00000000400850f8                xTaskGetAffinity
 *fill*         0x0000000040085108        0x0 
 .text.xTaskGetCurrentTaskHandleForCPU
                0x0000000040085108       0x18 /home/andy/circuits/liger/code/touch_pad_interrupt/build/freertos/libfreertos.a(tasks.o)
                0x0000000040085108                xTaskGetCurrentTaskHandleForCPU
 .text.xTaskGetSchedulerState
                0x0000000040085120       0x37 /home/andy/circuits/liger/code/touch_pad_interrupt/build/freertos/libfreertos.a(tasks.o)
                0x0000000040085120                xTaskGetSchedulerState
 *fill*         0x0000000040085157        0x1 
 .text.vTaskEnterCritical
                0x0000000040085158       0xac /home/andy/circuits/liger/code/touch_pad_interrupt/build/freertos/libfreertos.a(tasks.o)
                                         0xb3 (size before relaxing)
                0x0000000040085158                vTaskEnterCritical
 *fill*         0x0000000040085204        0x0 
 .text.vTaskExitCritical
                0x0000000040085204       0x77 /home/andy/circuits/liger/code/touch_pad_interrupt/build/freertos/libfreertos.a(tasks.o)
                0x0000000040085204                vTaskExitCritical
 *fill*         0x000000004008527b        0x1 
 .text.prvAddNewTaskToReadyList
                0x000000004008527c      0x160 /home/andy/circuits/liger/code/touch_pad_interrupt/build/freertos/libfreertos.a(tasks.o)
                                        0x173 (size before relaxing)
 *fill*         0x00000000400853dc        0x0 
 .text.xTaskCreatePinnedToCore
                0x00000000400853dc       0x6e /home/andy/circuits/liger/code/touch_pad_interrupt/build/freertos/libfreertos.a(tasks.o)
                                         0x76 (size before relaxing)
                0x00000000400853dc                xTaskCreatePinnedToCore
 *fill*         0x000000004008544a        0x2 
 .text.vTaskStartScheduler
                0x000000004008544c       0x67 /home/andy/circuits/liger/code/touch_pad_interrupt/build/freertos/libfreertos.a(tasks.o)
                                         0x72 (size before relaxing)
                0x000000004008544c                vTaskStartScheduler
 *fill*         0x00000000400854b3        0x1 
 .text.vTaskDelete
                0x00000000400854b4      0x10a /home/andy/circuits/liger/code/touch_pad_interrupt/build/freertos/libfreertos.a(tasks.o)
                                        0x122 (size before relaxing)
                0x00000000400854b4                vTaskDelete
 *fill*         0x00000000400855be        0x2 
 .text.vTaskDelay
                0x00000000400855c0       0x70 /home/andy/circuits/liger/code/touch_pad_interrupt/build/freertos/libfreertos.a(tasks.o)
                                         0x80 (size before relaxing)
                0x00000000400855c0                vTaskDelay
 .text.uxTaskPriorityGet
                0x0000000040085630       0x1c /home/andy/circuits/liger/code/touch_pad_interrupt/build/freertos/libfreertos.a(tasks.o)
                                         0x23 (size before relaxing)
                0x0000000040085630                uxTaskPriorityGet
 *fill*         0x000000004008564c        0x0 
 .text.vTaskPrioritySet
                0x000000004008564c      0x12d /home/andy/circuits/liger/code/touch_pad_interrupt/build/freertos/libfreertos.a(tasks.o)
                                        0x143 (size before relaxing)
                0x000000004008564c                vTaskPrioritySet
 *fill*         0x0000000040085779        0x3 
 .text.prvCheckTasksWaitingTermination
                0x000000004008577c       0xbe /home/andy/circuits/liger/code/touch_pad_interrupt/build/freertos/libfreertos.a(tasks.o)
                                         0xc6 (size before relaxing)
 *fill*         0x000000004008583a        0x2 
 .text.prvIdleTask
                0x000000004008583c        0xf /home/andy/circuits/liger/code/touch_pad_interrupt/build/freertos/libfreertos.a(tasks.o)
                                         0x18 (size before relaxing)
 *fill*         0x000000004008584b        0x1 
 .text.xTaskGetTickCount
                0x000000004008584c       0x1c /home/andy/circuits/liger/code/touch_pad_interrupt/build/freertos/libfreertos.a(tasks.o)
                                         0x20 (size before relaxing)
                0x000000004008584c                xTaskGetTickCount
 .text.xTaskIncrementTick
                0x0000000040085868      0x1b2 /home/andy/circuits/liger/code/touch_pad_interrupt/build/freertos/libfreertos.a(tasks.o)
                                        0x1ce (size before relaxing)
                0x0000000040085868                xTaskIncrementTick
 *fill*         0x0000000040085a1a        0x2 
 .text.xTaskResumeAll
                0x0000000040085a1c      0x177 /home/andy/circuits/liger/code/touch_pad_interrupt/build/freertos/libfreertos.a(tasks.o)
                                        0x186 (size before relaxing)
                0x0000000040085a1c                xTaskResumeAll
 *fill*         0x0000000040085b93        0x1 
 .text.vTaskPlaceOnEventList
                0x0000000040085b94       0x83 /home/andy/circuits/liger/code/touch_pad_interrupt/build/freertos/libfreertos.a(tasks.o)
                                         0x97 (size before relaxing)
                0x0000000040085b94                vTaskPlaceOnEventList
 *fill*         0x0000000040085c17        0x1 
 .text.vTaskPlaceOnEventListRestricted
                0x0000000040085c18       0x5b /home/andy/circuits/liger/code/touch_pad_interrupt/build/freertos/libfreertos.a(tasks.o)
                                         0x6f (size before relaxing)
                0x0000000040085c18                vTaskPlaceOnEventListRestricted
 *fill*         0x0000000040085c73        0x1 
 .text.xTaskRemoveFromEventList
                0x0000000040085c74      0x134 /home/andy/circuits/liger/code/touch_pad_interrupt/build/freertos/libfreertos.a(tasks.o)
                                        0x143 (size before relaxing)
                0x0000000040085c74                xTaskRemoveFromEventList
 *fill*         0x0000000040085da8        0x0 
 .text.xTaskCheckForTimeOut
                0x0000000040085da8       0x89 /home/andy/circuits/liger/code/touch_pad_interrupt/build/freertos/libfreertos.a(tasks.o)
                                         0x94 (size before relaxing)
                0x0000000040085da8                xTaskCheckForTimeOut
 *fill*         0x0000000040085e31        0x3 
 .text.vTaskPriorityInherit
                0x0000000040085e34       0xc4 /home/andy/circuits/liger/code/touch_pad_interrupt/build/freertos/libfreertos.a(tasks.o)
                                         0xdb (size before relaxing)
                0x0000000040085e34                vTaskPriorityInherit
 *fill*         0x0000000040085ef8        0x0 
 .text.xTaskPriorityDisinherit
                0x0000000040085ef8       0x97 /home/andy/circuits/liger/code/touch_pad_interrupt/build/freertos/libfreertos.a(tasks.o)
                                         0xaa (size before relaxing)
                0x0000000040085ef8                xTaskPriorityDisinherit
 *fill*         0x0000000040085f8f        0x1 
 .text.pvTaskIncrementMutexHeldCount
                0x0000000040085f90       0x50 /home/andy/circuits/liger/code/touch_pad_interrupt/build/freertos/libfreertos.a(tasks.o)
                                         0x54 (size before relaxing)
                0x0000000040085f90                pvTaskIncrementMutexHeldCount
 .text.prvGetNextExpireTime
                0x0000000040085fe0       0x20 /home/andy/circuits/liger/code/touch_pad_interrupt/build/freertos/libfreertos.a(timers.o)
 .text.prvInsertTimerInActiveList
                0x0000000040086000       0x50 /home/andy/circuits/liger/code/touch_pad_interrupt/build/freertos/libfreertos.a(timers.o)
                                         0x54 (size before relaxing)
 .text.prvCheckForValidListAndQueue
                0x0000000040086050       0x66 /home/andy/circuits/liger/code/touch_pad_interrupt/build/freertos/libfreertos.a(timers.o)
                                         0x7e (size before relaxing)
 *fill*         0x00000000400860b6        0x2 
 .text.prvInitialiseNewTimer
                0x00000000400860b8       0x36 /home/andy/circuits/liger/code/touch_pad_interrupt/build/freertos/libfreertos.a(timers.o)
                                         0x3a (size before relaxing)
 *fill*         0x00000000400860ee        0x2 
 .text.xTimerCreateTimerTask
                0x00000000400860f0       0x48 /home/andy/circuits/liger/code/touch_pad_interrupt/build/freertos/libfreertos.a(timers.o)
                                         0x4c (size before relaxing)
                0x00000000400860f0                xTimerCreateTimerTask
 .text.xTimerCreate
                0x0000000040086138       0x22 /home/andy/circuits/liger/code/touch_pad_interrupt/build/freertos/libfreertos.a(timers.o)
                                         0x26 (size before relaxing)
                0x0000000040086138                xTimerCreate
 *fill*         0x000000004008615a        0x2 
 .text.xTimerGenericCommand
                0x000000004008615c       0x55 /home/andy/circuits/liger/code/touch_pad_interrupt/build/freertos/libfreertos.a(timers.o)
                                         0x5d (size before relaxing)
                0x000000004008615c                xTimerGenericCommand
 *fill*         0x00000000400861b1        0x3 
 .text.prvSwitchTimerLists
                0x00000000400861b4       0x76 /home/andy/circuits/liger/code/touch_pad_interrupt/build/freertos/libfreertos.a(timers.o)
                                         0x82 (size before relaxing)
 *fill*         0x000000004008622a        0x2 
 .text.prvSampleTimeNow
                0x000000004008622c       0x2b /home/andy/circuits/liger/code/touch_pad_interrupt/build/freertos/libfreertos.a(timers.o)
                                         0x2f (size before relaxing)
 *fill*         0x0000000040086257        0x1 
 .text.prvProcessExpiredTimer
                0x0000000040086258       0x53 /home/andy/circuits/liger/code/touch_pad_interrupt/build/freertos/libfreertos.a(timers.o)
                                         0x5f (size before relaxing)
 *fill*         0x00000000400862ab        0x1 
 .text.prvProcessTimerOrBlockTask
                0x00000000400862ac       0x58 /home/andy/circuits/liger/code/touch_pad_interrupt/build/freertos/libfreertos.a(timers.o)
                                         0x6c (size before relaxing)
 .text.prvProcessReceivedCommands
                0x0000000040086304       0xd6 /home/andy/circuits/liger/code/touch_pad_interrupt/build/freertos/libfreertos.a(timers.o)
                                         0xe6 (size before relaxing)
 *fill*         0x00000000400863da        0x2 
 .text.prvTimerTask
                0x00000000400863dc       0x15 /home/andy/circuits/liger/code/touch_pad_interrupt/build/freertos/libfreertos.a(timers.o)
                                         0x1d (size before relaxing)
 *fill*         0x00000000400863f1        0x3 
 .text          0x00000000400863f4      0x12b /home/andy/circuits/liger/code/touch_pad_interrupt/build/freertos/libfreertos.a(xtensa_context.o)
                0x00000000400863f4                _xt_context_save
                0x000000004008645c                _xt_context_restore
                0x00000000400864a0                _xt_coproc_init
                0x00000000400864b4                _xt_coproc_release
                0x00000000400864e0                _xt_coproc_savecs
                0x0000000040086500                _xt_coproc_restorecs
 *fill*         0x000000004008651f        0x1 
 .text          0x0000000040086520      0x1d0 /home/andy/circuits/liger/code/touch_pad_interrupt/build/freertos/libfreertos.a(portasm.o)
                0x0000000040086520                _frxt_setup_switch
                0x0000000040086538                _frxt_int_enter
                0x0000000040086580                _frxt_int_exit
                0x00000000400865d0                _frxt_timer_int
                0x00000000400865f8                _frxt_tick_timer_init
                0x0000000040086610                _frxt_dispatch
                0x0000000040086658                vPortYield
                0x00000000400866a4                vPortYieldFromInt
                0x00000000400866c4                _frxt_task_coproc_state
 .text._xt_tick_divisor_init
                0x00000000400866f0       0x1c /home/andy/circuits/liger/code/touch_pad_interrupt/build/freertos/libfreertos.a(xtensa_init.o)
                                         0x1f (size before relaxing)
                0x00000000400866f0                _xt_tick_divisor_init
 *fill*         0x000000004008670c        0x0 
 *fill*         0x000000004008670c        0x0 
 *fill*         0x000000004008670c        0x0 
 .text.prvIsQueueEmpty
                0x000000004008670c       0x12 /home/andy/circuits/liger/code/touch_pad_interrupt/build/freertos/libfreertos.a(queue.o)
 *fill*         0x000000004008671e        0x0 
 *fill*         0x000000004008671e        0x0 
 *fill*         0x000000004008671e        0x0 
 *fill*         0x000000004008671e        0x0 
 *fill*         0x000000004008671e        0x0 
 *fill*         0x000000004008671e        0x0 
 *fill*         0x000000004008671e        0x0 
 *fill*         0x000000004008671e        0x0 
 *fill*         0x000000004008671e        0x0 
 *fill*         0x000000004008671e        0x0 
 *fill*         0x000000004008671e        0x0 
 *fill*         0x000000004008671e        0x0 
 *fill*         0x000000004008671e        0x0 
 *fill*         0x000000004008671e        0x0 
 *fill*         0x000000004008671e        0x0 
 *fill*         0x000000004008671e        0x2 
 .text.vListInitialise
                0x0000000040086720       0x15 /home/andy/circuits/liger/code/touch_pad_interrupt/build/freertos/libfreertos.a(list.o)
                0x0000000040086720                vListInitialise
 *fill*         0x0000000040086735        0x3 
 .text.vListInitialiseItem
                0x0000000040086738        0x9 /home/andy/circuits/liger/code/touch_pad_interrupt/build/freertos/libfreertos.a(list.o)
                0x0000000040086738                vListInitialiseItem
 *fill*         0x0000000040086741        0x3 
 .text.vListInsertEnd
                0x0000000040086744       0x1b /home/andy/circuits/liger/code/touch_pad_interrupt/build/freertos/libfreertos.a(list.o)
                0x0000000040086744                vListInsertEnd
 *fill*         0x000000004008675f        0x1 
 .text.vListInsert
                0x0000000040086760       0x2f /home/andy/circuits/liger/code/touch_pad_interrupt/build/freertos/libfreertos.a(list.o)
                0x0000000040086760                vListInsert
 *fill*         0x000000004008678f        0x1 
 .text.uxListRemove
                0x0000000040086790       0x26 /home/andy/circuits/liger/code/touch_pad_interrupt/build/freertos/libfreertos.a(list.o)
                0x0000000040086790                uxListRemove
 *fill*         0x00000000400867b6        0x0 
 *fill*         0x00000000400867b6        0x0 
 *fill*         0x00000000400867b6        0x0 
 *fill*         0x00000000400867b6        0x0 
 *fill*         0x00000000400867b6        0x2 
 .text.vPortStoreTaskMPUSettings